106.207.48.183 - - [10/Jan/2020:09:44:28 +0000] "GET /static/fomantic/semantic.min.css HTTP/1.1" 304 0 "http://nilekrator.pythonanywhere.com/" "Mozilla/5.0 (Linux; U; Android 9; en-in; Redmi Note 7S Build/PKQ1.180904.001) AppleWebKit/537.36 (KHTML, like Gecko) Version/4.0 Chrome/71.0.3578.141 Mobile Safari/537.36 XiaoMi/MiuiBrowser/11.2.4-g" "106.207.48.183" response-time=0.257
106.207.48.183 - - [10/Jan/2020:09:44:28 +0000] "GET /static/fomantic/jquery/jquery.js HTTP/1.1" 304 0 "http://nilekrator.pythonanywhere.com/" "Mozilla/5.0 (Linux; U; Android 9; en-in; Redmi Note 7S Build/PKQ1.180904.001) AppleWebKit/537.36 (KHTML, like Gecko) Version/4.0 Chrome/71.0.3578.141 Mobile Safari/537.36 XiaoMi/MiuiBrowser/11.2.4-g" "106.207.48.183" response-time=0.299
106.207.48.183 - - [10/Jan/2020:09:44:29 +0000] "GET /?next=http%3A%2F%2Fnilekrator.pythonanywhere.com%2Fstatistics HTTP/1.1" 200 3682 "-" "Mozilla/5.0 (Linux; U; Android 9; en-in; Redmi Note 7S Build/PKQ1.180904.001) AppleWebKit/537.36 (KHTML, like Gecko) Version/4.0 Chrome/71.0.3578.141 Mobile Safari/537.36 XiaoMi/MiuiBrowser/11.2.4-g" "106.207.48.183" response-time=0.004
106.207.48.183 - - [10/Jan/2020:09:44:29 +0000] "GET /static/fomantic/semantic.min.js HTTP/1.1" 304 0 "http://nilekrator.pythonanywhere.com/" "Mozilla/5.0 (Linux; U; Android 9; en-in; Redmi Note 7S Build/PKQ1.180904.001) AppleWebKit/537.36 (KHTML, like Gecko) Version/4.0 Chrome/71.0.3578.141 Mobile Safari/537.36 XiaoMi/MiuiBrowser/11.2.4-g" "106.207.48.183" response-time=0.070
106.207.48.183 - - [10/Jan/2020:09:44:29 +0000] "GET /static/files/login.js?version=90029819 HTTP/1.1" 304 0 "http://nilekrator.pythonanywhere.com/" "Mozilla/5.0 (Linux; U; Android 9; en-in; Redmi Note 7S Build/PKQ1.180904.001) AppleWebKit/537.36 (KHTML, like Gecko) Version/4.0 Chrome/71.0.3578.141 Mobile Safari/537.36 XiaoMi/MiuiBrowser/11.2.4-g" "106.207.48.183" response-time=0.006
106.207.48.183 - - [10/Jan/2020:09:44:29 +0000] "GET /static/files/login.js?version=74602445 HTTP/1.1" 200 1599 "http://nilekrator.pythonanywhere.com/?next=http%3A%2F%2Fnilekrator.pythonanywhere.com%2Fstatistics" "Mozilla/5.0 (Linux; U; Android 9; en-in; Redmi Note 7S Build/PKQ1.180904.001) AppleWebKit/537.36 (KHTML, like Gecko) Version/4.0 Chrome/71.0.3578.141 Mobile Safari/537.36 XiaoMi/MiuiBrowser/11.2.4-g" "106.207.48.183" response-time=0.007
106.207.48.183 - - [10/Jan/2020:09:44:29 +0000] "GET /static/files/feedback.min.js?version=74602445 HTTP/1.1" 200 419 "http://nilekrator.pythonanywhere.com/?next=http%3A%2F%2Fnilekrator.pythonanywhere.com%2Fstatistics" "Mozilla/5.0 (Linux; U; Android 9; en-in; Redmi Note 7S Build/PKQ1.180904.001) AppleWebKit/537.36 (KHTML, like Gecko) Version/4.0 Chrome/71.0.3578.141 Mobile Safari/537.36 XiaoMi/MiuiBrowser/11.2.4-g" "106.207.48.183" response-time=0.005
106.207.48.183 - - [10/Jan/2020:09:44:29 +0000] "GET /static/files/feedback.min.js?version=90029819 HTTP/1.1" 304 0 "http://nilekrator.pythonanywhere.com/" "Mozilla/5.0 (Linux; U; Android 9; en-in; Redmi Note 7S Build/PKQ1.180904.001) AppleWebKit/537.36 (KHTML, like Gecko) Version/4.0 Chrome/71.0.3578.141 Mobile Safari/537.36 XiaoMi/MiuiBrowser/11.2.4-g" "106.207.48.183" response-time=0.003
106.207.48.183 - - [10/Jan/2020:09:44:29 +0000] "GET /static/fomantic/themes/default/assets/fonts/icons.woff2 HTTP/1.1" 304 0 "http://nilekrator.pythonanywhere.com/static/fomantic/semantic.min.css" "Mozilla/5.0 (Linux; U; Android 9; en-in; Redmi Note 7S Build/PKQ1.180904.001) AppleWebKit/537.36 (KHTML, like Gecko) Version/4.0 Chrome/71.0.3578.141 Mobile Safari/537.36 XiaoMi/MiuiBrowser/11.2.4-g" "106.207.48.183" response-time=0.008
47.29.7.80 - - [10/Jan/2020:09:44:30 +0000] "GET /?next=http%3A%2F%2Fnilekrator.pythonanywhere.com%2Fstatistics HTTP/1.1" 200 3682 "-" "Mozilla/5.0 (Linux; U; Android 9; en-gb; Redmi Note 6 Pro Build/PKQ1.180904.001) AppleWebKit/537.36 (KHTML, like Gecko) Version/4.0 Chrome/71.0.3578.141 Mobile Safari/537.36 XiaoMi/MiuiBrowser/11.3.4-g" "47.29.7.80" response-time=0.005
106.207.48.183 - - [10/Jan/2020:09:44:30 +0000] "GET /static/fomantic/themes/default/assets/fonts/outline-icons.woff2 HTTP/1.1" 304 0 "http://nilekrator.pythonanywhere.com/static/fomantic/semantic.min.css" "Mozilla/5.0 (Linux; U; Android 9; en-in; Redmi Note 7S Build/PKQ1.180904.001) AppleWebKit/537.36 (KHTML, like Gecko) Version/4.0 Chrome/71.0.3578.141 Mobile Safari/537.36 XiaoMi/MiuiBrowser/11.2.4-g" "106.207.48.183" response-time=0.004
47.29.7.80 - - [10/Jan/2020:09:44:30 +0000] "GET /static/files/login.js?version=61063742 HTTP/1.1" 200 1599 "http://nilekrator.pythonanywhere.com/?next=http%3A%2F%2Fnilekrator.pythonanywhere.com%2Fstatistics" "Mozilla/5.0 (Linux; U; Android 9; en-gb; Redmi Note 6 Pro Build/PKQ1.180904.001) AppleWebKit/537.36 (KHTML, like Gecko) Version/4.0 Chrome/71.0.3578.141 Mobile Safari/537.36 XiaoMi/MiuiBrowser/11.3.4-g" "47.29.7.80" response-time=0.005
106.207.48.183 - - [10/Jan/2020:09:44:30 +0000] "GET /static/images/placeholder.png HTTP/1.1" 304 0 "http://nilekrator.pythonanywhere.com/?next=http%3A%2F%2Fnilekrator.pythonanywhere.com%2Fstatistics" "Mozilla/5.0 (Linux; U; Android 9; en-in; Redmi Note 7S Build/PKQ1.180904.001) AppleWebKit/537.36 (KHTML, like Gecko) Version/4.0 Chrome/71.0.3578.141 Mobile Safari/537.36 XiaoMi/MiuiBrowser/11.2.4-g" "106.207.48.183" response-time=0.005
106.207.48.183 - - [10/Jan/2020:09:44:30 +0000] "GET /static/images/11271.jpg HTTP/1.1" 304 0 "http://nilekrator.pythonanywhere.com/?next=http%3A%2F%2Fnilekrator.pythonanywhere.com%2Fstatistics" "Mozilla/5.0 (Linux; U; Android 9; en-in; Redmi Note 7S Build/PKQ1.180904.001) AppleWebKit/537.36 (KHTML, like Gecko) Version/4.0 Chrome/71.0.3578.141 Mobile Safari/537.36 XiaoMi/MiuiBrowser/11.2.4-g" "106.207.48.183" response-time=0.005
47.29.91.148 - - [10/Jan/2020:09:44:30 +0000] "GET /static/files/feedback.min.js?version=61063742 HTTP/1.1" 200 419 "http://nilekrator.pythonanywhere.com/?next=http%3A%2F%2Fnilekrator.pythonanywhere.com%2Fstatistics" "Mozilla/5.0 (Linux; U; Android 9; en-gb; Redmi Note 6 Pro Build/PKQ1.180904.001) AppleWebKit/537.36 (KHTML, like Gecko) Version/4.0 Chrome/71.0.3578.141 Mobile Safari/537.36 XiaoMi/MiuiBrowser/11.3.4-g" "47.29.91.148" response-time=0.003
106.207.48.183 - - [10/Jan/2020:09:44:30 +0000] "GET /static/images/12565.jpg HTTP/1.1" 304 0 "http://nilekrator.pythonanywhere.com/?next=http%3A%2F%2Fnilekrator.pythonanywhere.com%2Fstatistics" "Mozilla/5.0 (Linux; U; Android 9; en-in; Redmi Note 7S Build/PKQ1.180904.001) AppleWebKit/537.36 (KHTML, like Gecko) Version/4.0 Chrome/71.0.3578.141 Mobile Safari/537.36 XiaoMi/MiuiBrowser/11.2.4-g" "106.207.48.183" response-time=0.004
106.207.48.183 - - [10/Jan/2020:09:44:30 +0000] "GET /static/images/12541.jpg HTTP/1.1" 304 0 "http://nilekrator.pythonanywhere.com/?next=http%3A%2F%2Fnilekrator.pythonanywhere.com%2Fstatistics" "Mozilla/5.0 (Linux; U; Android 9; en-in; Redmi Note 7S Build/PKQ1.180904.001) AppleWebKit/537.36 (KHTML, like Gecko) Version/4.0 Chrome/71.0.3578.141 Mobile Safari/537.36 XiaoMi/MiuiBrowser/11.2.4-g" "106.207.48.183" response-time=0.004
47.29.91.148 - - [10/Jan/2020:09:44:30 +0000] "GET /static/fomantic/jquery/jquery.js HTTP/1.1" 304 0 "http://nilekrator.pythonanywhere.com/?next=http%3A%2F%2Fnilekrator.pythonanywhere.com%2Fstatistics" "Mozilla/5.0 (Linux; U; Android 9; en-gb; Redmi Note 6 Pro Build/PKQ1.180904.001) AppleWebKit/537.36 (KHTML, like Gecko) Version/4.0 Chrome/71.0.3578.141 Mobile Safari/537.36 XiaoMi/MiuiBrowser/11.3.4-g" "47.29.91.148" response-time=0.003
47.29.7.80 - - [10/Jan/2020:09:44:30 +0000] "GET /static/fomantic/semantic.min.css HTTP/1.1" 304 0 "http://nilekrator.pythonanywhere.com/?next=http%3A%2F%2Fnilekrator.pythonanywhere.com%2Fstatistics" "Mozilla/5.0 (Linux; U; Android 9; en-gb; Redmi Note 6 Pro Build/PKQ1.180904.001) AppleWebKit/537.36 (KHTML, like Gecko) Version/4.0 Chrome/71.0.3578.141 Mobile Safari/537.36 XiaoMi/MiuiBrowser/11.3.4-g" "47.29.7.80" response-time=0.003
47.29.91.148 - - [10/Jan/2020:09:44:30 +0000] "GET /static/fomantic/semantic.min.js HTTP/1.1" 304 0 "http://nilekrator.pythonanywhere.com/?next=http%3A%2F%2Fnilekrator.pythonanywhere.com%2Fstatistics" "Mozilla/5.0 (Linux; U; Android 9; en-gb; Redmi Note 6 Pro Build/PKQ1.180904.001) AppleWebKit/537.36 (KHTML, like Gecko) Version/4.0 Chrome/71.0.3578.141 Mobile Safari/537.36 XiaoMi/MiuiBrowser/11.3.4-g" "47.29.91.148" response-time=0.004
47.9.201.45 - - [10/Jan/2020:09:44:31 +0000] "GET /static/images/10941.jpg HTTP/1.1" 200 9473 "https://nilekrator.pythonanywhere.com/rank?semester=1&method=sgpa" "Mozilla/5.0 (Linux; Android 9; SAMSUNG SM-J730GM) AppleWebKit/537.36 (KHTML, like Gecko) SamsungBrowser/10.2 Chrome/71.0.3578.99 Mobile Safari/537.36" "47.9.201.45" response-time=0.019
47.29.91.148 - - [10/Jan/2020:09:44:31 +0000] "GET /static/fomantic/themes/default/assets/fonts/icons.woff2 HTTP/1.1" 304 0 "http://nilekrator.pythonanywhere.com/static/fomantic/semantic.min.css" "Mozilla/5.0 (Linux; U; Android 9; en-gb; Redmi Note 6 Pro Build/PKQ1.180904.001) AppleWebKit/537.36 (KHTML, like Gecko) Version/4.0 Chrome/71.0.3578.141 Mobile Safari/537.36 XiaoMi/MiuiBrowser/11.3.4-g" "47.29.91.148" response-time=0.007
47.29.7.80 - - [10/Jan/2020:09:44:31 +0000] "GET /static/fomantic/themes/default/assets/fonts/outline-icons.woff2 HTTP/1.1" 304 0 "http://nilekrator.pythonanywhere.com/static/fomantic/semantic.min.css" "Mozilla/5.0 (Linux; U; Android 9; en-gb; Redmi Note 6 Pro Build/PKQ1.180904.001) AppleWebKit/537.36 (KHTML, like Gecko) Version/4.0 Chrome/71.0.3578.141 Mobile Safari/537.36 XiaoMi/MiuiBrowser/11.3.4-g" "47.29.7.80" response-time=0.009
47.29.91.148 - - [10/Jan/2020:09:44:31 +0000] "GET /static/images/11262.jpg HTTP/1.1" 304 0 "http://nilekrator.pythonanywhere.com/?next=http%3A%2F%2Fnilekrator.pythonanywhere.com%2Fstatistics" "Mozilla/5.0 (Linux; U; Android 9; en-gb; Redmi Note 6 Pro Build/PKQ1.180904.001) AppleWebKit/537.36 (KHTML, like Gecko) Version/4.0 Chrome/71.0.3578.141 Mobile Safari/537.36 XiaoMi/MiuiBrowser/11.3.4-g" "47.29.91.148" response-time=0.027
47.29.91.148 - - [10/Jan/2020:09:44:31 +0000] "GET /static/images/11263.jpg HTTP/1.1" 304 0 "http://nilekrator.pythonanywhere.com/?next=http%3A%2F%2Fnilekrator.pythonanywhere.com%2Fstatistics" "Mozilla/5.0 (Linux; U; Android 9; en-gb; Redmi Note 6 Pro Build/PKQ1.180904.001) AppleWebKit/537.36 (KHTML, like Gecko) Version/4.0 Chrome/71.0.3578.141 Mobile Safari/537.36 XiaoMi/MiuiBrowser/11.3.4-g" "47.29.91.148" response-time=0.039
47.29.91.148 - - [10/Jan/2020:09:44:31 +0000] "GET /static/images/placeholder.png HTTP/1.1" 304 0 "http://nilekrator.pythonanywhere.com/?next=http%3A%2F%2Fnilekrator.pythonanywhere.com%2Fstatistics" "Mozilla/5.0 (Linux; U; Android 9; en-gb; Redmi Note 6 Pro Build/PKQ1.180904.001) AppleWebKit/537.36 (KHTML, like Gecko) Version/4.0 Chrome/71.0.3578.141 Mobile Safari/537.36 XiaoMi/MiuiBrowser/11.3.4-g" "47.29.91.148" response-time=0.049
47.29.7.80 - - [10/Jan/2020:09:44:31 +0000] "GET /static/images/12584.jpg HTTP/1.1" 304 0 "http://nilekrator.pythonanywhere.com/?next=http%3A%2F%2Fnilekrator.pythonanywhere.com%2Fstatistics" "Mozilla/5.0 (Linux; U; Android 9; en-gb; Redmi Note 6 Pro Build/PKQ1.180904.001) AppleWebKit/537.36 (KHTML, like Gecko) Version/4.0 Chrome/71.0.3578.141 Mobile Safari/537.36 XiaoMi/MiuiBrowser/11.3.4-g" "47.29.7.80" response-time=0.051
106.207.48.183 - - [10/Jan/2020:09:44:33 +0000] "POST / HTTP/1.1" 200 72 "http://nilekrator.pythonanywhere.com/?next=http%3A%2F%2Fnilekrator.pythonanywhere.com%2Fstatistics" "Mozilla/5.0 (Linux; U; Android 9; en-in; Redmi Note 7S Build/PKQ1.180904.001) AppleWebKit/537.36 (KHTML, like Gecko) Version/4.0 Chrome/71.0.3578.141 Mobile Safari/537.36 XiaoMi/MiuiBrowser/11.2.4-g" "106.207.48.183" response-time=0.061
106.207.48.183 - - [10/Jan/2020:09:44:33 +0000] "GET /statistics HTTP/1.1" 200 4608 "http://nilekrator.pythonanywhere.com/?next=http%3A%2F%2Fnilekrator.pythonanywhere.com%2Fstatistics" "Mozilla/5.0 (Linux; U; Android 9; en-in; Redmi Note 7S Build/PKQ1.180904.001) AppleWebKit/537.36 (KHTML, like Gecko) Version/4.0 Chrome/71.0.3578.141 Mobile Safari/537.36 XiaoMi/MiuiBrowser/11.2.4-g" "106.207.48.183" response-time=0.023
106.207.48.183 - - [10/Jan/2020:09:44:34 +0000] "GET /static/fomantic/charts/chart.bundle.min.js HTTP/1.1" 304 0 "http://nilekrator.pythonanywhere.com/statistics" "Mozilla/5.0 (Linux; U; Android 9; en-in; Redmi Note 7S Build/PKQ1.180904.001) AppleWebKit/537.36 (KHTML, like Gecko) Version/4.0 Chrome/71.0.3578.141 Mobile Safari/537.36 XiaoMi/MiuiBrowser/11.2.4-g" "106.207.48.183" response-time=0.006
106.207.48.183 - - [10/Jan/2020:09:44:34 +0000] "GET /static/fomantic/charts/chart.min.js HTTP/1.1" 304 0 "http://nilekrator.pythonanywhere.com/statistics" "Mozilla/5.0 (Linux; U; Android 9; en-in; Redmi Note 7S Build/PKQ1.180904.001) AppleWebKit/537.36 (KHTML, like Gecko) Version/4.0 Chrome/71.0.3578.141 Mobile Safari/537.36 XiaoMi/MiuiBrowser/11.2.4-g" "106.207.48.183" response-time=0.005
106.207.48.183 - - [10/Jan/2020:09:44:34 +0000] "GET /static/files/student/statistics.min.js HTTP/1.1" 304 0 "http://nilekrator.pythonanywhere.com/statistics" "Mozilla/5.0 (Linux; U; Android 9; en-in; Redmi Note 7S Build/PKQ1.180904.001) AppleWebKit/537.36 (KHTML, like Gecko) Version/4.0 Chrome/71.0.3578.141 Mobile Safari/537.36 XiaoMi/MiuiBrowser/11.2.4-g" "106.207.48.183" response-time=0.007
106.207.48.183 - - [10/Jan/2020:09:44:45 +0000] "POST / HTTP/1.1" 200 68 "http://nilekrator.pythonanywhere.com/" "Mozilla/5.0 (Linux; U; Android 9; en-in; Redmi Note 7S Build/PKQ1.180904.001) AppleWebKit/537.36 (KHTML, like Gecko) Version/4.0 Chrome/71.0.3578.141 Mobile Safari/537.36 XiaoMi/MiuiBrowser/11.2.4-g" "106.207.48.183" response-time=0.063
47.9.201.45 - - [10/Jan/2020:09:44:45 +0000] "GET /static/images/10917.jpg HTTP/1.1" 200 8290 "https://nilekrator.pythonanywhere.com/rank?semester=1&method=sgpa" "Mozilla/5.0 (Linux; Android 9; SAMSUNG SM-J730GM) AppleWebKit/537.36 (KHTML, like Gecko) SamsungBrowser/10.2 Chrome/71.0.3578.99 Mobile Safari/537.36" "47.9.201.45" response-time=0.005
47.29.7.80 - - [10/Jan/2020:09:44:46 +0000] "POST / HTTP/1.1" 200 72 "http://nilekrator.pythonanywhere.com/?next=http%3A%2F%2Fnilekrator.pythonanywhere.com%2Fstatistics" "Mozilla/5.0 (Linux; U; Android 9; en-gb; Redmi Note 6 Pro Build/PKQ1.180904.001) AppleWebKit/537.36 (KHTML, like Gecko) Version/4.0 Chrome/71.0.3578.141 Mobile Safari/537.36 XiaoMi/MiuiBrowser/11.3.4-g" "47.29.7.80" response-time=0.013
47.9.201.45 - - [10/Jan/2020:09:44:46 +0000] "GET /static/images/11092.jpg HTTP/1.1" 200 9491 "https://nilekrator.pythonanywhere.com/rank?semester=1&method=sgpa" "Mozilla/5.0 (Linux; Android 9; SAMSUNG SM-J730GM) AppleWebKit/537.36 (KHTML, like Gecko) SamsungBrowser/10.2 Chrome/71.0.3578.99 Mobile Safari/537.36" "47.9.201.45" response-time=0.006
106.207.48.183 - - [10/Jan/2020:09:44:46 +0000] "GET /profile HTTP/1.1" 200 5558 "http://nilekrator.pythonanywhere.com/" "Mozilla/5.0 (Linux; U; Android 9; en-in; Redmi Note 7S Build/PKQ1.180904.001) AppleWebKit/537.36 (KHTML, like Gecko) Version/4.0 Chrome/71.0.3578.141 Mobile Safari/537.36 XiaoMi/MiuiBrowser/11.2.4-g" "106.207.48.183" response-time=0.031
106.207.48.183 - - [10/Jan/2020:09:44:46 +0000] "GET /static/files/student/profile.min.js?ver=519383 HTTP/1.1" 200 852 "http://nilekrator.pythonanywhere.com/profile" "Mozilla/5.0 (Linux; U; Android 9; en-in; Redmi Note 7S Build/PKQ1.180904.001) AppleWebKit/537.36 (KHTML, like Gecko) Version/4.0 Chrome/71.0.3578.141 Mobile Safari/537.36 XiaoMi/MiuiBrowser/11.2.4-g" "106.207.48.183" response-time=0.005
47.29.7.80 - - [10/Jan/2020:09:44:46 +0000] "GET /statistics HTTP/1.1" 200 4636 "http://nilekrator.pythonanywhere.com/?next=http%3A%2F%2Fnilekrator.pythonanywhere.com%2Fstatistics" "Mozilla/5.0 (Linux; U; Android 9; en-gb; Redmi Note 6 Pro Build/PKQ1.180904.001) AppleWebKit/537.36 (KHTML, like Gecko) Version/4.0 Chrome/71.0.3578.141 Mobile Safari/537.36 XiaoMi/MiuiBrowser/11.3.4-g" "47.29.7.80" response-time=0.010
47.29.91.148 - - [10/Jan/2020:09:44:47 +0000] "GET /static/files/student/statistics.min.js HTTP/1.1" 304 0 "http://nilekrator.pythonanywhere.com/statistics" "Mozilla/5.0 (Linux; U; Android 9; en-gb; Redmi Note 6 Pro Build/PKQ1.180904.001) AppleWebKit/537.36 (KHTML, like Gecko) Version/4.0 Chrome/71.0.3578.141 Mobile Safari/537.36 XiaoMi/MiuiBrowser/11.3.4-g" "47.29.91.148" response-time=0.006
47.29.7.80 - - [10/Jan/2020:09:44:47 +0000] "GET /static/fomantic/charts/chart.bundle.min.js HTTP/1.1" 304 0 "http://nilekrator.pythonanywhere.com/statistics" "Mozilla/5.0 (Linux; U; Android 9; en-gb; Redmi Note 6 Pro Build/PKQ1.180904.001) AppleWebKit/537.36 (KHTML, like Gecko) Version/4.0 Chrome/71.0.3578.141 Mobile Safari/537.36 XiaoMi/MiuiBrowser/11.3.4-g" "47.29.7.80" response-time=0.004
47.29.91.148 - - [10/Jan/2020:09:44:47 +0000] "GET /static/fomantic/charts/chart.min.js HTTP/1.1" 304 0 "http://nilekrator.pythonanywhere.com/statistics" "Mozilla/5.0 (Linux; U; Android 9; en-gb; Redmi Note 6 Pro Build/PKQ1.180904.001) AppleWebKit/537.36 (KHTML, like Gecko) Version/4.0 Chrome/71.0.3578.141 Mobile Safari/537.36 XiaoMi/MiuiBrowser/11.3.4-g" "47.29.91.148" response-time=0.004
47.9.201.45 - - [10/Jan/2020:09:44:55 +0000] "GET /static/images/10779.jpg HTTP/1.1" 200 8845 "https://nilekrator.pythonanywhere.com/rank?semester=1&method=sgpa" "Mozilla/5.0 (Linux; Android 9; SAMSUNG SM-J730GM) AppleWebKit/537.36 (KHTML, like Gecko) SamsungBrowser/10.2 Chrome/71.0.3578.99 Mobile Safari/537.36" "47.9.201.45" response-time=0.006
47.9.201.45 - - [10/Jan/2020:09:44:55 +0000] "GET /static/images/11134.jpg HTTP/1.1" 200 22896 "https://nilekrator.pythonanywhere.com/rank?semester=1&method=sgpa" "Mozilla/5.0 (Linux; Android 9; SAMSUNG SM-J730GM) AppleWebKit/537.36 (KHTML, like Gecko) SamsungBrowser/10.2 Chrome/71.0.3578.99 Mobile Safari/537.36" "47.9.201.45" response-time=0.006
47.9.201.45 - - [10/Jan/2020:09:45:05 +0000] "GET /static/images/11162.jpg HTTP/1.1" 200 8901 "https://nilekrator.pythonanywhere.com/rank?semester=1&method=sgpa" "Mozilla/5.0 (Linux; Android 9; SAMSUNG SM-J730GM) AppleWebKit/537.36 (KHTML, like Gecko) SamsungBrowser/10.2 Chrome/71.0.3578.99 Mobile Safari/537.36" "47.9.201.45" response-time=0.008
47.9.201.45 - - [10/Jan/2020:09:45:06 +0000] "GET /static/images/11029.jpg HTTP/1.1" 200 8729 "https://nilekrator.pythonanywhere.com/rank?semester=1&method=sgpa" "Mozilla/5.0 (Linux; Android 9; SAMSUNG SM-J730GM) AppleWebKit/537.36 (KHTML, like Gecko) SamsungBrowser/10.2 Chrome/71.0.3578.99 Mobile Safari/537.36" "47.9.201.45" response-time=0.006
47.9.201.45 - - [10/Jan/2020:09:45:06 +0000] "GET /static/images/10745.jpg HTTP/1.1" 200 26162 "https://nilekrator.pythonanywhere.com/rank?semester=1&method=sgpa" "Mozilla/5.0 (Linux; Android 9; SAMSUNG SM-J730GM) AppleWebKit/537.36 (KHTML, like Gecko) SamsungBrowser/10.2 Chrome/71.0.3578.99 Mobile Safari/537.36" "47.9.201.45" response-time=0.007
47.9.201.45 - - [10/Jan/2020:09:45:11 +0000] "GET /static/images/11510.jpg HTTP/1.1" 200 10928 "https://nilekrator.pythonanywhere.com/rank?semester=1&method=sgpa" "Mozilla/5.0 (Linux; Android 9; SAMSUNG SM-J730GM) AppleWebKit/537.36 (KHTML, like Gecko) SamsungBrowser/10.2 Chrome/71.0.3578.99 Mobile Safari/537.36" "47.9.201.45" response-time=0.005
47.9.201.45 - - [10/Jan/2020:09:45:11 +0000] "GET /static/images/11108.jpg HTTP/1.1" 200 9393 "https://nilekrator.pythonanywhere.com/rank?semester=1&method=sgpa" "Mozilla/5.0 (Linux; Android 9; SAMSUNG SM-J730GM) AppleWebKit/537.36 (KHTML, like Gecko) SamsungBrowser/10.2 Chrome/71.0.3578.99 Mobile Safari/537.36" "47.9.201.45" response-time=0.008
47.9.201.45 - - [10/Jan/2020:09:45:11 +0000] "GET /static/images/11443.jpg HTTP/1.1" 200 10258 "https://nilekrator.pythonanywhere.com/rank?semester=1&method=sgpa" "Mozilla/5.0 (Linux; Android 9; SAMSUNG SM-J730GM) AppleWebKit/537.36 (KHTML, like Gecko) SamsungBrowser/10.2 Chrome/71.0.3578.99 Mobile Safari/537.36" "47.9.201.45" response-time=0.005
47.9.201.45 - - [10/Jan/2020:09:45:11 +0000] "GET /static/images/11424.jpg HTTP/1.1" 200 24843 "https://nilekrator.pythonanywhere.com/rank?semester=1&method=sgpa" "Mozilla/5.0 (Linux; Android 9; SAMSUNG SM-J730GM) AppleWebKit/537.36 (KHTML, like Gecko) SamsungBrowser/10.2 Chrome/71.0.3578.99 Mobile Safari/537.36" "47.9.201.45" response-time=0.011
47.9.201.45 - - [10/Jan/2020:09:45:11 +0000] "GET /static/images/10938.jpg HTTP/1.1" 200 25455 "https://nilekrator.pythonanywhere.com/rank?semester=1&method=sgpa" "Mozilla/5.0 (Linux; Android 9; SAMSUNG SM-J730GM) AppleWebKit/537.36 (KHTML, like Gecko) SamsungBrowser/10.2 Chrome/71.0.3578.99 Mobile Safari/537.36" "47.9.201.45" response-time=0.011
47.29.7.80 - - [10/Jan/2020:09:45:18 +0000] "GET /logout HTTP/1.1" 302 209 "http://nilekrator.pythonanywhere.com/statistics" "Mozilla/5.0 (Linux; U; Android 9; en-gb; Redmi Note 6 Pro Build/PKQ1.180904.001) AppleWebKit/537.36 (KHTML, like Gecko) Version/4.0 Chrome/71.0.3578.141 Mobile Safari/537.36 XiaoMi/MiuiBrowser/11.3.4-g" "47.29.7.80" response-time=0.003
47.29.7.80 - - [10/Jan/2020:09:45:19 +0000] "GET / HTTP/1.1" 200 3682 "http://nilekrator.pythonanywhere.com/statistics" "Mozilla/5.0 (Linux; U; Android 9; en-gb; Redmi Note 6 Pro Build/PKQ1.180904.001) AppleWebKit/537.36 (KHTML, like Gecko) Version/4.0 Chrome/71.0.3578.141 Mobile Safari/537.36 XiaoMi/MiuiBrowser/11.3.4-g" "47.29.7.80" response-time=0.007
47.29.7.80 - - [10/Jan/2020:09:45:19 +0000] "GET /static/files/login.js?version=25777065 HTTP/1.1" 200 1599 "http://nilekrator.pythonanywhere.com/" "Mozilla/5.0 (Linux; U; Android 9; en-gb; Redmi Note 6 Pro Build/PKQ1.180904.001) AppleWebKit/537.36 (KHTML, like Gecko) Version/4.0 Chrome/71.0.3578.141 Mobile Safari/537.36 XiaoMi/MiuiBrowser/11.3.4-g" "47.29.7.80" response-time=0.006
47.29.91.148 - - [10/Jan/2020:09:45:19 +0000] "GET /static/files/feedback.min.js?version=25777065 HTTP/1.1" 200 419 "http://nilekrator.pythonanywhere.com/" "Mozilla/5.0 (Linux; U; Android 9; en-gb; Redmi Note 6 Pro Build/PKQ1.180904.001) AppleWebKit/537.36 (KHTML, like Gecko) Version/4.0 Chrome/71.0.3578.141 Mobile Safari/537.36 XiaoMi/MiuiBrowser/11.3.4-g" "47.29.91.148" response-time=0.004
47.29.7.80 - - [10/Jan/2020:09:45:21 +0000] "POST / HTTP/1.1" 200 73 "http://nilekrator.pythonanywhere.com/" "Mozilla/5.0 (Linux; U; Android 9; en-gb; Redmi Note 6 Pro Build/PKQ1.180904.001) AppleWebKit/537.36 (KHTML, like Gecko) Version/4.0 Chrome/71.0.3578.141 Mobile Safari/537.36 XiaoMi/MiuiBrowser/11.3.4-g" "47.29.7.80" response-time=0.042
47.29.7.80 - - [10/Jan/2020:09:45:22 +0000] "GET /profile HTTP/1.1" 200 5568 "http://nilekrator.pythonanywhere.com/" "Mozilla/5.0 (Linux; U; Android 9; en-gb; Redmi Note 6 Pro Build/PKQ1.180904.001) AppleWebKit/537.36 (KHTML, like Gecko) Version/4.0 Chrome/71.0.3578.141 Mobile Safari/537.36 XiaoMi/MiuiBrowser/11.3.4-g" "47.29.7.80" response-time=0.018
47.29.7.80 - - [10/Jan/2020:09:45:23 +0000] "GET /static/files/student/profile.min.js?ver=770664 HTTP/1.1" 200 852 "http://nilekrator.pythonanywhere.com/profile" "Mozilla/5.0 (Linux; U; Android 9; en-gb; Redmi Note 6 Pro Build/PKQ1.180904.001) AppleWebKit/537.36 (KHTML, like Gecko) Version/4.0 Chrome/71.0.3578.141 Mobile Safari/537.36 XiaoMi/MiuiBrowser/11.3.4-g" "47.29.7.80" response-time=0.005
47.9.201.45 - - [10/Jan/2020:09:45:51 +0000] "GET /static/images/10743.jpg HTTP/1.1" 200 9932 "https://nilekrator.pythonanywhere.com/rank?semester=1&method=sgpa" "Mozilla/5.0 (Linux; Android 9; SAMSUNG SM-J730GM) AppleWebKit/537.36 (KHTML, like Gecko) SamsungBrowser/10.2 Chrome/71.0.3578.99 Mobile Safari/537.36" "47.9.201.45" response-time=0.006
47.9.201.45 - - [10/Jan/2020:09:45:51 +0000] "GET /static/images/11024.jpg HTTP/1.1" 200 24083 "https://nilekrator.pythonanywhere.com/rank?semester=1&method=sgpa" "Mozilla/5.0 (Linux; Android 9; SAMSUNG SM-J730GM) AppleWebKit/537.36 (KHTML, like Gecko) SamsungBrowser/10.2 Chrome/71.0.3578.99 Mobile Safari/537.36" "47.9.201.45" response-time=0.006
47.9.201.45 - - [10/Jan/2020:09:45:52 +0000] "GET /static/images/10997.jpg HTTP/1.1" 200 10530 "https://nilekrator.pythonanywhere.com/rank?semester=1&method=sgpa" "Mozilla/5.0 (Linux; Android 9; SAMSUNG SM-J730GM) AppleWebKit/537.36 (KHTML, like Gecko) SamsungBrowser/10.2 Chrome/71.0.3578.99 Mobile Safari/537.36" "47.9.201.45" response-time=0.005
47.9.201.45 - - [10/Jan/2020:09:45:54 +0000] "GET /static/images/10969.jpg HTTP/1.1" 200 8612 "https://nilekrator.pythonanywhere.com/rank?semester=1&method=sgpa" "Mozilla/5.0 (Linux; Android 9; SAMSUNG SM-J730GM) AppleWebKit/537.36 (KHTML, like Gecko) SamsungBrowser/10.2 Chrome/71.0.3578.99 Mobile Safari/537.36" "47.9.201.45" response-time=0.005
47.9.201.45 - - [10/Jan/2020:09:45:54 +0000] "GET /static/images/11519.jpg HTTP/1.1" 200 10265 "https://nilekrator.pythonanywhere.com/rank?semester=1&method=sgpa" "Mozilla/5.0 (Linux; Android 9; SAMSUNG SM-J730GM) AppleWebKit/537.36 (KHTML, like Gecko) SamsungBrowser/10.2 Chrome/71.0.3578.99 Mobile Safari/537.36" "47.9.201.45" response-time=0.006
47.9.201.45 - - [10/Jan/2020:09:45:59 +0000] "GET /college/ HTTP/1.1" 200 3916 "https://nilekrator.pythonanywhere.com/rank?semester=1&method=sgpa" "Mozilla/5.0 (Linux; Android 9; SAMSUNG SM-J730GM) AppleWebKit/537.36 (KHTML, like Gecko) SamsungBrowser/10.2 Chrome/71.0.3578.99 Mobile Safari/537.36" "47.9.201.45" response-time=1.380
47.9.201.45 - - [10/Jan/2020:09:46:02 +0000] "GET /college/2017 HTTP/1.1" 200 4695 "https://nilekrator.pythonanywhere.com/college/" "Mozilla/5.0 (Linux; Android 9; SAMSUNG SM-J730GM) AppleWebKit/537.36 (KHTML, like Gecko) SamsungBrowser/10.2 Chrome/71.0.3578.99 Mobile Safari/537.36" "47.9.201.45" response-time=0.015
47.9.201.45 - - [10/Jan/2020:09:46:06 +0000] "GET /college/2017/UG/EC HTTP/1.1" 200 6637 "https://nilekrator.pythonanywhere.com/college/2017" "Mozilla/5.0 (Linux; Android 9; SAMSUNG SM-J730GM) AppleWebKit/537.36 (KHTML, like Gecko) SamsungBrowser/10.2 Chrome/71.0.3578.99 Mobile Safari/537.36" "47.9.201.45" response-time=0.055
47.9.201.45 - - [10/Jan/2020:09:46:08 +0000] "GET /static/images/9960.jpg HTTP/1.1" 200 9333 "https://nilekrator.pythonanywhere.com/college/2017/UG/EC" "Mozilla/5.0 (Linux; Android 9; SAMSUNG SM-J730GM) AppleWebKit/537.36 (KHTML, like Gecko) SamsungBrowser/10.2 Chrome/71.0.3578.99 Mobile Safari/537.36" "47.9.201.45" response-time=0.007
47.9.201.45 - - [10/Jan/2020:09:46:08 +0000] "GET /static/images/10118.jpg HTTP/1.1" 200 7777 "https://nilekrator.pythonanywhere.com/college/2017/UG/EC" "Mozilla/5.0 (Linux; Android 9; SAMSUNG SM-J730GM) AppleWebKit/537.36 (KHTML, like Gecko) SamsungBrowser/10.2 Chrome/71.0.3578.99 Mobile Safari/537.36" "47.9.201.45" response-time=0.005
47.9.201.45 - - [10/Jan/2020:09:46:08 +0000] "GET /static/images/9713.jpg HTTP/1.1" 200 8481 "https://nilekrator.pythonanywhere.com/college/2017/UG/EC" "Mozilla/5.0 (Linux; Android 9; SAMSUNG SM-J730GM) AppleWebKit/537.36 (KHTML, like Gecko) SamsungBrowser/10.2 Chrome/71.0.3578.99 Mobile Safari/537.36" "47.9.201.45" response-time=0.007
14.139.205.169 - - [10/Jan/2020:09:46:09 +0000] "GET /?next=https%3A%2F%2Fnilekrator.pythonanywhere.com%2Frank%3Fsemester%3D3%26method%3Dsgpa HTTP/1.1" 200 3682 "-" "Mozilla/5.0 (Linux; Android 10; Nokia 6.1 Plus) AppleWebKit/537.36 (KHTML, like Gecko) Chrome/79.0.3945.116 Mobile Safari/537.36" "14.139.205.169" response-time=0.004
47.9.201.45 - - [10/Jan/2020:09:46:09 +0000] "GET /static/images/9929.jpg HTTP/1.1" 200 8546 "https://nilekrator.pythonanywhere.com/college/2017/UG/EC" "Mozilla/5.0 (Linux; Android 9; SAMSUNG SM-J730GM) AppleWebKit/537.36 (KHTML, like Gecko) SamsungBrowser/10.2 Chrome/71.0.3578.99 Mobile Safari/537.36" "47.9.201.45" response-time=0.006
47.9.201.45 - - [10/Jan/2020:09:46:09 +0000] "GET /static/images/9709.jpg HTTP/1.1" 200 8395 "https://nilekrator.pythonanywhere.com/college/2017/UG/EC" "Mozilla/5.0 (Linux; Android 9; SAMSUNG SM-J730GM) AppleWebKit/537.36 (KHTML, like Gecko) SamsungBrowser/10.2 Chrome/71.0.3578.99 Mobile Safari/537.36" "47.9.201.45" response-time=0.006
47.9.201.45 - - [10/Jan/2020:09:46:09 +0000] "GET /college/2017 HTTP/1.1" 200 4695 "-" "Mozilla/5.0 (Linux; Android 9; SAMSUNG SM-J730GM) AppleWebKit/537.36 (KHTML, like Gecko) SamsungBrowser/10.2 Chrome/71.0.3578.99 Mobile Safari/537.36" "47.9.201.45" response-time=0.046
47.9.201.45 - - [10/Jan/2020:09:46:10 +0000] "GET /college/2017/data:image/x-icon;data:image/png;base64,iVBORw0KGgoAAAANSUhEUgAAADQAAAA0CAYAAADFeBvrAAAAAXNSR0IArs4c6QAAAARnQU1BAACxjwv8YQUAAAAJcEhZcwAADsMAAA7DAcdvqGQAAAU3SURBVGhD7VhdTFtlGGZqjF6YqIneeGOMf7deerVEE92EuZCtEy8WcYyWAgUKg/Z0paW0/BTannaspaWF/gGjLZSCDNgKFBgbXsy4HxOdTGREk5mgiWRzIQQ+v7d+BxFO+SltoaZP8oTT73u/93mec07eAmkppJBCCimk8H+GXC5/Kk+qzwLCNVlOPnDk8mcLZEZBUbX5e0Vz7yIQrmEN9kjZwceZcvULBVVGZbGq5X6tbeCvZv8N1OyfJryBYA32oAZqybGDh7yyxlcFCpO5VGX7WW0fWv43BDuhBmrhDJwlbfYffLHujUKFyVdWZ5/XukdW2MxvRTgDZ6EH9CJtE488qeG9oqrmoEjj/lXfGWI1uxtCD+gFPaE3kYk/uJT+Q0FV89cS+tJvTZ4JVnN7IfSE3qABWkQ2tmBGr6DafFt2wfeH0TfFaiaWBA3QAs2Yjfy10asw/1CNx66pe/3ESgxBE7TBQ9Qj31qYIaw9V9JTrLT8VGsdePLf0RuZxp7riO4cQ43OK6iu9TKqsfSFqTQHwmQ+w16j82q4Fs6w9dpMPPKxF/C045HPjF5LUdaSSSnddmLp2kexUT+S6DrQebodyQyXkNrWh2jXIDJ7xpDNP4Haeq8hZ/90mHANa7AHNfXWvvCZ87p2zI5wL137CKvWejbAyK/ZYuSHR2+VsftcvX1e4wquOiqyka2hhrUZ3FGVJYAorQuprQFk759CvaG7KDDx3Z7oD91B9r7r4Z6UxoWUWGO7pwdewTN4Xxv5PImB4kubHq+/M5ECwftMad3I4guh3nF2Y7Eg9DZ7Q2GtnbyS4B0yQBYcCR3iVxqO4cf3jdTQtdDkmYwYqMFxBV1wD7OaiAdBq8ExvMkHQ/AKnsE7ZIAs4afEgCtueh9vTrQUZy1b6hSbGqjtg8jUFWQVjwdBCzQ3+jB0jSOx1v0QvIJnYj8y7PyMe5pS3ky52v4L3TG21mi/A4EX8IS/dL/iUpp3id3t4eR/csfBP1rHk2hfE1SZnKW1rQ/wmF3Zr0CgDR7AC3giNncOJhD5iKeg6aVCmUmLf4F8mOhAoAna4IHY2T02BmLAk+gzEx0INIl89IgUKFeiS48mUM/YbdSNyba3FUELNIl89NhNoO7RW8jaM450jgFUbfQgcaMDlda0oEL5RcSlaFbCHtRALZyBs9ADeq3vnbBAvpFvsYnLqELdhrgSPavpqIh7iertiHYOYI1biQmkNHlRfmUTu6EYEjRUWCuugXgSOptNPJ48K9JkE/noESnQl5ThFa6Y/p1NOB7MpXQLoEnko0ekQICzYs3bXEqHv6nZTcSGutVcMd3Pk+rfIrJ7w1aBGIAYFqXwXQxhE482m9o1F3G/MeiZI9a+SWT2jpD88DPO/KM/OvKOGsnStuBwvE/nSel3uBLdMRxQiE3V5VJ0G77TXvxzCJsNAv+5Dq+1QQ1+fUvgDDx16EHaxQ6esswP+iWf3795sWR5SsN/1CviTLcKjuz9Hd4P2IuPvzgoOz27MtmC0JQtzMVhA8KhgqQkueAuSP90tl22xIRhGFRlz3k5nOT55zoDV0HGiRl35ZONga4qsufsXxx+jpQlD6w5H708Wpszvz4MvH4B6rObpCT5EBCfmlweN68FetBZveQtyRSQ7eRDpzDzyF1rxZ9MoCHZ6TmP8OTzZDv5gNLSDgVEp+6tXrOihf7G1e7yE21kK3nhFWbmz7ikj0dUZ+YdvPTd//1+0AC/KQSorFm/6KSPLCU/uoTH8+28j18nH1NIIYUUkhVpaX8DZ/g33DrvkhAAAAAASUVORK5CYII= HTTP/1.1" 404 233 "-" "Dalvik/2.1.0 (Linux; U; Android 9; SM-J730GM Build/PPR1.180610.011)" "47.9.201.45" response-time=0.004
47.9.201.45 - - [10/Jan/2020:09:46:26 +0000] "GET /static/images/9704.jpg HTTP/1.1" 200 7213 "https://nilekrator.pythonanywhere.com/college/2017/UG/EC" "Mozilla/5.0 (Linux; Android 9; SAMSUNG SM-J730GM) AppleWebKit/537.36 (KHTML, like Gecko) SamsungBrowser/10.2 Chrome/71.0.3578.99 Mobile Safari/537.36" "47.9.201.45" response-time=0.009
47.9.201.45 - - [10/Jan/2020:09:46:26 +0000] "GET /static/images/10153.jpg HTTP/1.1" 200 23766 "https://nilekrator.pythonanywhere.com/college/2017/UG/EC" "Mozilla/5.0 (Linux; Android 9; SAMSUNG SM-J730GM) AppleWebKit/537.36 (KHTML, like Gecko) SamsungBrowser/10.2 Chrome/71.0.3578.99 Mobile Safari/537.36" "47.9.201.45" response-time=0.010
47.9.201.45 - - [10/Jan/2020:09:46:26 +0000] "GET /static/images/9593.jpg HTTP/1.1" 200 7941 "https://nilekrator.pythonanywhere.com/college/2017/UG/EC" "Mozilla/5.0 (Linux; Android 9; SAMSUNG SM-J730GM) AppleWebKit/537.36 (KHTML, like Gecko) SamsungBrowser/10.2 Chrome/71.0.3578.99 Mobile Safari/537.36" "47.9.201.45" response-time=0.004
47.9.201.45 - - [10/Jan/2020:09:46:27 +0000] "GET /static/images/9755.jpg HTTP/1.1" 200 21460 "https://nilekrator.pythonanywhere.com/college/2017/UG/EC" "Mozilla/5.0 (Linux; Android 9; SAMSUNG SM-J730GM) AppleWebKit/537.36 (KHTML, like Gecko) SamsungBrowser/10.2 Chrome/71.0.3578.99 Mobile Safari/537.36" "47.9.201.45" response-time=0.008
47.9.201.45 - - [10/Jan/2020:09:46:34 +0000] "GET /static/images/9657.jpg HTTP/1.1" 200 9123 "https://nilekrator.pythonanywhere.com/college/2017/UG/EC" "Mozilla/5.0 (Linux; Android 9; SAMSUNG SM-J730GM) AppleWebKit/537.36 (KHTML, like Gecko) SamsungBrowser/10.2 Chrome/71.0.3578.99 Mobile Safari/537.36" "47.9.201.45" response-time=0.007
47.9.201.45 - - [10/Jan/2020:09:46:34 +0000] "GET /static/images/9690.jpg HTTP/1.1" 200 8484 "https://nilekrator.pythonanywhere.com/college/2017/UG/EC" "Mozilla/5.0 (Linux; Android 9; SAMSUNG SM-J730GM) AppleWebKit/537.36 (KHTML, like Gecko) SamsungBrowser/10.2 Chrome/71.0.3578.99 Mobile Safari/537.36" "47.9.201.45" response-time=0.006
14.139.205.169 - - [10/Jan/2020:09:46:36 +0000] "GET /?next=https%3A%2F%2Fnilekrator.pythonanywhere.com%2Frank%3Fsemester%3D3%26method%3Dsgpa HTTP/1.1" 200 3682 "-" "Mozilla/5.0 (Linux; Android 10; Nokia 6.1 Plus) AppleWebKit/537.36 (KHTML, like Gecko) Chrome/79.0.3945.116 Mobile Safari/537.36" "14.139.205.169" response-time=0.003
47.9.201.45 - - [10/Jan/2020:09:46:36 +0000] "GET /static/images/10032.jpg HTTP/1.1" 200 8437 "https://nilekrator.pythonanywhere.com/college/2017/UG/EC" "Mozilla/5.0 (Linux; Android 9; SAMSUNG SM-J730GM) AppleWebKit/537.36 (KHTML, like Gecko) SamsungBrowser/10.2 Chrome/71.0.3578.99 Mobile Safari/537.36" "47.9.201.45" response-time=0.006
47.9.201.45 - - [10/Jan/2020:09:46:36 +0000] "GET /static/images/10006.jpg HTTP/1.1" 200 8018 "https://nilekrator.pythonanywhere.com/college/2017/UG/EC" "Mozilla/5.0 (Linux; Android 9; SAMSUNG SM-J730GM) AppleWebKit/537.36 (KHTML, like Gecko) SamsungBrowser/10.2 Chrome/71.0.3578.99 Mobile Safari/537.36" "47.9.201.45" response-time=0.010
47.9.201.45 - - [10/Jan/2020:09:46:37 +0000] "GET /static/images/10286.jpg HTTP/1.1" 200 7214 "https://nilekrator.pythonanywhere.com/college/2017/UG/EC" "Mozilla/5.0 (Linux; Android 9; SAMSUNG SM-J730GM) AppleWebKit/537.36 (KHTML, like Gecko) SamsungBrowser/10.2 Chrome/71.0.3578.99 Mobile Safari/537.36" "47.9.201.45" response-time=0.011
14.139.205.169 - - [10/Jan/2020:09:46:37 +0000] "GET /static/fomantic/semantic.min.css HTTP/1.1" 304 0 "https://nilekrator.pythonanywhere.com/?next=https%3A%2F%2Fnilekrator.pythonanywhere.com%2Frank%3Fsemester%3D3%26method%3Dsgpa" "Mozilla/5.0 (Linux; Android 10; Nokia 6.1 Plus) AppleWebKit/537.36 (KHTML, like Gecko) Chrome/79.0.3945.116 Mobile Safari/537.36" "14.139.205.169" response-time=0.106
14.139.205.169 - - [10/Jan/2020:09:46:37 +0000] "GET /static/fomantic/jquery/jquery.js HTTP/1.1" 304 0 "https://nilekrator.pythonanywhere.com/?next=https%3A%2F%2Fnilekrator.pythonanywhere.com%2Frank%3Fsemester%3D3%26method%3Dsgpa" "Mozilla/5.0 (Linux; Android 10; Nokia 6.1 Plus) AppleWebKit/537.36 (KHTML, like Gecko) Chrome/79.0.3945.116 Mobile Safari/537.36" "14.139.205.169" response-time=0.137
14.139.205.169 - - [10/Jan/2020:09:46:37 +0000] "GET /static/files/login.js?version=63010487 HTTP/1.1" 200 1599 "https://nilekrator.pythonanywhere.com/?next=https%3A%2F%2Fnilekrator.pythonanywhere.com%2Frank%3Fsemester%3D3%26method%3Dsgpa" "Mozilla/5.0 (Linux; Android 10; Nokia 6.1 Plus) AppleWebKit/537.36 (KHTML, like Gecko) Chrome/79.0.3945.116 Mobile Safari/537.36" "14.139.205.169" response-time=0.217
47.9.201.45 - - [10/Jan/2020:09:46:37 +0000] "GET /static/images/9679.jpg HTTP/1.1" 200 10336 "https://nilekrator.pythonanywhere.com/college/2017/UG/EC" "Mozilla/5.0 (Linux; Android 9; SAMSUNG SM-J730GM) AppleWebKit/537.36 (KHTML, like Gecko) SamsungBrowser/10.2 Chrome/71.0.3578.99 Mobile Safari/537.36" "47.9.201.45" response-time=0.236
14.139.205.169 - - [10/Jan/2020:09:46:38 +0000] "GET /static/fomantic/semantic.min.js HTTP/1.1" 304 0 "https://nilekrator.pythonanywhere.com/?next=https%3A%2F%2Fnilekrator.pythonanywhere.com%2Frank%3Fsemester%3D3%26method%3Dsgpa" "Mozilla/5.0 (Linux; Android 10; Nokia 6.1 Plus) AppleWebKit/537.36 (KHTML, like Gecko) Chrome/79.0.3945.116 Mobile Safari/537.36" "14.139.205.169" response-time=0.004
14.139.205.169 - - [10/Jan/2020:09:46:38 +0000] "GET /static/files/feedback.min.js?version=63010487 HTTP/1.1" 200 419 "https://nilekrator.pythonanywhere.com/?next=https%3A%2F%2Fnilekrator.pythonanywhere.com%2Frank%3Fsemester%3D3%26method%3Dsgpa" "Mozilla/5.0 (Linux; Android 10; Nokia 6.1 Plus) AppleWebKit/537.36 (KHTML, like Gecko) Chrome/79.0.3945.116 Mobile Safari/537.36" "14.139.205.169" response-time=0.004
14.139.205.169 - - [10/Jan/2020:09:46:39 +0000] "GET /static/fomantic/themes/default/assets/fonts/icons.woff2 HTTP/1.1" 304 0 "https://nilekrator.pythonanywhere.com/static/fomantic/semantic.min.css" "Mozilla/5.0 (Linux; Android 10; Nokia 6.1 Plus) AppleWebKit/537.36 (KHTML, like Gecko) Chrome/79.0.3945.116 Mobile Safari/537.36" "14.139.205.169" response-time=0.006
14.139.205.169 - - [10/Jan/2020:09:46:39 +0000] "GET /static/fomantic/themes/default/assets/fonts/outline-icons.woff2 HTTP/1.1" 304 0 "https://nilekrator.pythonanywhere.com/static/fomantic/semantic.min.css" "Mozilla/5.0 (Linux; Android 10; Nokia 6.1 Plus) AppleWebKit/537.36 (KHTML, like Gecko) Chrome/79.0.3945.116 Mobile Safari/537.36" "14.139.205.169" response-time=0.003
14.139.205.169 - - [10/Jan/2020:09:46:39 +0000] "GET /static/images/placeholder.png HTTP/1.1" 304 0 "https://nilekrator.pythonanywhere.com/?next=https%3A%2F%2Fnilekrator.pythonanywhere.com%2Frank%3Fsemester%3D3%26method%3Dsgpa" "Mozilla/5.0 (Linux; Android 10; Nokia 6.1 Plus) AppleWebKit/537.36 (KHTML, like Gecko) Chrome/79.0.3945.116 Mobile Safari/537.36" "14.139.205.169" response-time=0.004
14.139.205.169 - - [10/Jan/2020:09:46:39 +0000] "GET /static/images/9845.jpg HTTP/1.1" 304 0 "https://nilekrator.pythonanywhere.com/?next=https%3A%2F%2Fnilekrator.pythonanywhere.com%2Frank%3Fsemester%3D3%26method%3Dsgpa" "Mozilla/5.0 (Linux; Android 10; Nokia 6.1 Plus) AppleWebKit/537.36 (KHTML, like Gecko) Chrome/79.0.3945.116 Mobile Safari/537.36" "14.139.205.169" response-time=0.004
14.139.205.169 - - [10/Jan/2020:09:46:39 +0000] "GET /static/images/9637.jpg HTTP/1.1" 304 0 "https://nilekrator.pythonanywhere.com/?next=https%3A%2F%2Fnilekrator.pythonanywhere.com%2Frank%3Fsemester%3D3%26method%3Dsgpa" "Mozilla/5.0 (Linux; Android 10; Nokia 6.1 Plus) AppleWebKit/537.36 (KHTML, like Gecko) Chrome/79.0.3945.116 Mobile Safari/537.36" "14.139.205.169" response-time=0.005
14.139.205.169 - - [10/Jan/2020:09:46:40 +0000] "GET /static/images/9787.jpg HTTP/1.1" 304 0 "https://nilekrator.pythonanywhere.com/?next=https%3A%2F%2Fnilekrator.pythonanywhere.com%2Frank%3Fsemester%3D3%26method%3Dsgpa" "Mozilla/5.0 (Linux; Android 10; Nokia 6.1 Plus) AppleWebKit/537.36 (KHTML, like Gecko) Chrome/79.0.3945.116 Mobile Safari/537.36" "14.139.205.169" response-time=0.013
47.9.201.45 - - [10/Jan/2020:09:46:41 +0000] "GET /static/images/10309.jpg HTTP/1.1" 200 23029 "https://nilekrator.pythonanywhere.com/college/2017/UG/EC" "Mozilla/5.0 (Linux; Android 9; SAMSUNG SM-J730GM) AppleWebKit/537.36 (KHTML, like Gecko) SamsungBrowser/10.2 Chrome/71.0.3578.99 Mobile Safari/537.36" "47.9.201.45" response-time=0.007
47.9.201.45 - - [10/Jan/2020:09:46:41 +0000] "GET /static/images/9865.jpg HTTP/1.1" 200 9342 "https://nilekrator.pythonanywhere.com/college/2017/UG/EC" "Mozilla/5.0 (Linux; Android 9; SAMSUNG SM-J730GM) AppleWebKit/537.36 (KHTML, like Gecko) SamsungBrowser/10.2 Chrome/71.0.3578.99 Mobile Safari/537.36" "47.9.201.45" response-time=0.005
14.139.205.169 - - [10/Jan/2020:09:46:42 +0000] "POST / HTTP/1.1" 200 75 "https://nilekrator.pythonanywhere.com/?next=https%3A%2F%2Fnilekrator.pythonanywhere.com%2Frank%3Fsemester%3D3%26method%3Dsgpa" "Mozilla/5.0 (Linux; Android 10; Nokia 6.1 Plus) AppleWebKit/537.36 (KHTML, like Gecko) Chrome/79.0.3945.116 Mobile Safari/537.36" "14.139.205.169" response-time=0.085
14.139.205.169 - - [10/Jan/2020:09:46:43 +0000] "GET /rank?semester=3&method=sgpa HTTP/1.1" 200 7507 "https://nilekrator.pythonanywhere.com/?next=https%3A%2F%2Fnilekrator.pythonanywhere.com%2Frank%3Fsemester%3D3%26method%3Dsgpa" "Mozilla/5.0 (Linux; Android 10; Nokia 6.1 Plus) AppleWebKit/537.36 (KHTML, like Gecko) Chrome/79.0.3945.116 Mobile Safari/537.36" "14.139.205.169" response-time=0.039
47.9.201.45 - - [10/Jan/2020:09:46:44 +0000] "GET /static/images/10255.jpg HTTP/1.1" 200 22391 "https://nilekrator.pythonanywhere.com/college/2017/UG/EC" "Mozilla/5.0 (Linux; Android 9; SAMSUNG SM-J730GM) AppleWebKit/537.36 (KHTML, like Gecko) SamsungBrowser/10.2 Chrome/71.0.3578.99 Mobile Safari/537.36" "47.9.201.45" response-time=0.005
14.139.205.169 - - [10/Jan/2020:09:46:44 +0000] "GET /static/files/student/rank.min.js?ver=822550 HTTP/1.1" 200 35 "https://nilekrator.pythonanywhere.com/rank?semester=3&method=sgpa" "Mozilla/5.0 (Linux; Android 10; Nokia 6.1 Plus) AppleWebKit/537.36 (KHTML, like Gecko) Chrome/79.0.3945.116 Mobile Safari/537.36" "14.139.205.169" response-time=0.004
14.139.205.169 - - [10/Jan/2020:09:46:44 +0000] "GET /static/fomantic/charts/chart.bundle.min.js HTTP/1.1" 304 0 "https://nilekrator.pythonanywhere.com/rank?semester=3&method=sgpa" "Mozilla/5.0 (Linux; Android 10; Nokia 6.1 Plus) AppleWebKit/537.36 (KHTML, like Gecko) Chrome/79.0.3945.116 Mobile Safari/537.36" "14.139.205.169" response-time=0.004
14.139.205.169 - - [10/Jan/2020:09:46:44 +0000] "GET /static/fomantic/charts/chart.min.js HTTP/1.1" 304 0 "https://nilekrator.pythonanywhere.com/rank?semester=3&method=sgpa" "Mozilla/5.0 (Linux; Android 10; Nokia 6.1 Plus) AppleWebKit/537.36 (KHTML, like Gecko) Chrome/79.0.3945.116 Mobile Safari/537.36" "14.139.205.169" response-time=0.003
47.9.201.45 - - [10/Jan/2020:09:46:44 +0000] "GET /static/images/9712.jpg HTTP/1.1" 200 8457 "https://nilekrator.pythonanywhere.com/college/2017/UG/EC" "Mozilla/5.0 (Linux; Android 9; SAMSUNG SM-J730GM) AppleWebKit/537.36 (KHTML, like Gecko) SamsungBrowser/10.2 Chrome/71.0.3578.99 Mobile Safari/537.36" "47.9.201.45" response-time=0.005
47.9.201.45 - - [10/Jan/2020:09:46:44 +0000] "GET /static/images/10284.jpg HTTP/1.1" 200 7618 "https://nilekrator.pythonanywhere.com/college/2017/UG/EC" "Mozilla/5.0 (Linux; Android 9; SAMSUNG SM-J730GM) AppleWebKit/537.36 (KHTML, like Gecko) SamsungBrowser/10.2 Chrome/71.0.3578.99 Mobile Safari/537.36" "47.9.201.45" response-time=0.004
47.9.201.45 - - [10/Jan/2020:09:46:44 +0000] "GET /static/images/9936.jpg HTTP/1.1" 200 9260 "https://nilekrator.pythonanywhere.com/college/2017/UG/EC" "Mozilla/5.0 (Linux; Android 9; SAMSUNG SM-J730GM) AppleWebKit/537.36 (KHTML, like Gecko) SamsungBrowser/10.2 Chrome/71.0.3578.99 Mobile Safari/537.36" "47.9.201.45" response-time=0.008
122.252.250.253 - - [10/Jan/2020:09:46:44 +0000] "GET /?next=https%3A%2F%2Fnilekrator.pythonanywhere.com%2Frank HTTP/1.1" 200 3682 "-" "Mozilla/5.0 (Linux; U; Android 9; en-in; Redmi Note 7 Pro Build/PKQ1.181203.001) AppleWebKit/537.36 (KHTML, like Gecko) Version/4.0 Chrome/71.0.3578.141 Mobile Safari/537.36 XiaoMi/MiuiBrowser/11.3.4-g" "122.252.250.253" response-time=0.003
122.252.250.253 - - [10/Jan/2020:09:46:45 +0000] "GET /static/fomantic/semantic.min.css HTTP/1.1" 200 115106 "https://nilekrator.pythonanywhere.com/?next=https%3A%2F%2Fnilekrator.pythonanywhere.com%2Frank" "Mozilla/5.0 (Linux; U; Android 9; en-in; Redmi Note 7 Pro Build/PKQ1.181203.001) AppleWebKit/537.36 (KHTML, like Gecko) Version/4.0 Chrome/71.0.3578.141 Mobile Safari/537.36 XiaoMi/MiuiBrowser/11.3.4-g" "122.252.250.253" response-time=0.010
14.139.205.169 - - [10/Jan/2020:09:46:45 +0000] "GET /static/fomantic/jquery/jquery.js HTTP/1.1" 200 30929 "https://nilekrator.pythonanywhere.com/?next=https%3A%2F%2Fnilekrator.pythonanywhere.com%2Frank" "Mozilla/5.0 (Linux; U; Android 9; en-in; Redmi Note 7 Pro Build/PKQ1.181203.001) AppleWebKit/537.36 (KHTML, like Gecko) Version/4.0 Chrome/71.0.3578.141 Mobile Safari/537.36 XiaoMi/MiuiBrowser/11.3.4-g" "14.139.205.169" response-time=0.007
14.139.205.169 - - [10/Jan/2020:09:46:45 +0000] "GET /static/images/9589.jpg HTTP/1.1" 304 0 "https://nilekrator.pythonanywhere.com/rank?semester=3&method=sgpa" "Mozilla/5.0 (Linux; Android 10; Nokia 6.1 Plus) AppleWebKit/537.36 (KHTML, like Gecko) Chrome/79.0.3945.116 Mobile Safari/537.36" "14.139.205.169" response-time=0.006
14.139.205.169 - - [10/Jan/2020:09:46:45 +0000] "GET /static/images/9606.jpg HTTP/1.1" 304 0 "https://nilekrator.pythonanywhere.com/rank?semester=3&method=sgpa" "Mozilla/5.0 (Linux; Android 10; Nokia 6.1 Plus) AppleWebKit/537.36 (KHTML, like Gecko) Chrome/79.0.3945.116 Mobile Safari/537.36" "14.139.205.169" response-time=0.007
14.139.205.169 - - [10/Jan/2020:09:46:45 +0000] "GET /static/images/9844.jpg HTTP/1.1" 304 0 "https://nilekrator.pythonanywhere.com/rank?semester=3&method=sgpa" "Mozilla/5.0 (Linux; Android 10; Nokia 6.1 Plus) AppleWebKit/537.36 (KHTML, like Gecko) Chrome/79.0.3945.116 Mobile Safari/537.36" "14.139.205.169" response-time=0.007
14.139.205.169 - - [10/Jan/2020:09:46:45 +0000] "GET /static/images/9795.jpg HTTP/1.1" 304 0 "https://nilekrator.pythonanywhere.com/rank?semester=3&method=sgpa" "Mozilla/5.0 (Linux; Android 10; Nokia 6.1 Plus) AppleWebKit/537.36 (KHTML, like Gecko) Chrome/79.0.3945.116 Mobile Safari/537.36" "14.139.205.169" response-time=0.006
122.252.250.253 - - [10/Jan/2020:09:46:45 +0000] "GET /static/files/login.js?version=54453542 HTTP/1.1" 200 1599 "https://nilekrator.pythonanywhere.com/?next=https%3A%2F%2Fnilekrator.pythonanywhere.com%2Frank" "Mozilla/5.0 (Linux; U; Android 9; en-in; Redmi Note 7 Pro Build/PKQ1.181203.001) AppleWebKit/537.36 (KHTML, like Gecko) Version/4.0 Chrome/71.0.3578.141 Mobile Safari/537.36 XiaoMi/MiuiBrowser/11.3.4-g" "122.252.250.253" response-time=0.005
122.252.250.253 - - [10/Jan/2020:09:46:45 +0000] "GET /static/files/feedback.min.js?version=54453542 HTTP/1.1" 200 419 "https://nilekrator.pythonanywhere.com/?next=https%3A%2F%2Fnilekrator.pythonanywhere.com%2Frank" "Mozilla/5.0 (Linux; U; Android 9; en-in; Redmi Note 7 Pro Build/PKQ1.181203.001) AppleWebKit/537.36 (KHTML, like Gecko) Version/4.0 Chrome/71.0.3578.141 Mobile Safari/537.36 XiaoMi/MiuiBrowser/11.3.4-g" "122.252.250.253" response-time=0.004
122.252.250.253 - - [10/Jan/2020:09:46:45 +0000] "GET /static/fomantic/semantic.min.js HTTP/1.1" 200 89022 "https://nilekrator.pythonanywhere.com/?next=https%3A%2F%2Fnilekrator.pythonanywhere.com%2Frank" "Mozilla/5.0 (Linux; U; Android 9; en-in; Redmi Note 7 Pro Build/PKQ1.181203.001) AppleWebKit/537.36 (KHTML, like Gecko) Version/4.0 Chrome/71.0.3578.141 Mobile Safari/537.36 XiaoMi/MiuiBrowser/11.3.4-g" "122.252.250.253" response-time=0.014
14.139.205.169 - - [10/Jan/2020:09:46:46 +0000] "GET /static/images/9569.jpg HTTP/1.1" 304 0 "https://nilekrator.pythonanywhere.com/rank?semester=3&method=sgpa" "Mozilla/5.0 (Linux; Android 10; Nokia 6.1 Plus) AppleWebKit/537.36 (KHTML, like Gecko) Chrome/79.0.3945.116 Mobile Safari/537.36" "14.139.205.169" response-time=0.004
14.139.205.169 - - [10/Jan/2020:09:46:46 +0000] "GET /static/images/10299.jpg HTTP/1.1" 304 0 "https://nilekrator.pythonanywhere.com/rank?semester=3&method=sgpa" "Mozilla/5.0 (Linux; Android 10; Nokia 6.1 Plus) AppleWebKit/537.36 (KHTML, like Gecko) Chrome/79.0.3945.116 Mobile Safari/537.36" "14.139.205.169" response-time=0.010
14.139.205.169 - - [10/Jan/2020:09:46:46 +0000] "GET /static/images/10257.jpg HTTP/1.1" 304 0 "https://nilekrator.pythonanywhere.com/rank?semester=3&method=sgpa" "Mozilla/5.0 (Linux; Android 10; Nokia 6.1 Plus) AppleWebKit/537.36 (KHTML, like Gecko) Chrome/79.0.3945.116 Mobile Safari/537.36" "14.139.205.169" response-time=0.009
14.139.205.169 - - [10/Jan/2020:09:46:46 +0000] "GET /static/images/9749.jpg HTTP/1.1" 304 0 "https://nilekrator.pythonanywhere.com/rank?semester=3&method=sgpa" "Mozilla/5.0 (Linux; Android 10; Nokia 6.1 Plus) AppleWebKit/537.36 (KHTML, like Gecko) Chrome/79.0.3945.116 Mobile Safari/537.36" "14.139.205.169" response-time=0.010
14.139.205.169 - - [10/Jan/2020:09:46:48 +0000] "GET /static/images/9673.jpg HTTP/1.1" 304 0 "https://nilekrator.pythonanywhere.com/rank?semester=3&method=sgpa" "Mozilla/5.0 (Linux; Android 10; Nokia 6.1 Plus) AppleWebKit/537.36 (KHTML, like Gecko) Chrome/79.0.3945.116 Mobile Safari/537.36" "14.139.205.169" response-time=0.005
14.139.205.169 - - [10/Jan/2020:09:46:51 +0000] "GET /static/images/9705.jpg HTTP/1.1" 304 0 "https://nilekrator.pythonanywhere.com/rank?semester=3&method=sgpa" "Mozilla/5.0 (Linux; Android 10; Nokia 6.1 Plus) AppleWebKit/537.36 (KHTML, like Gecko) Chrome/79.0.3945.116 Mobile Safari/537.36" "14.139.205.169" response-time=0.007
14.139.205.169 - - [10/Jan/2020:09:46:51 +0000] "GET /static/images/9823.jpg HTTP/1.1" 304 0 "https://nilekrator.pythonanywhere.com/rank?semester=3&method=sgpa" "Mozilla/5.0 (Linux; Android 10; Nokia 6.1 Plus) AppleWebKit/537.36 (KHTML, like Gecko) Chrome/79.0.3945.116 Mobile Safari/537.36" "14.139.205.169" response-time=0.005
14.139.205.169 - - [10/Jan/2020:09:46:51 +0000] "GET /static/images/9652.jpg HTTP/1.1" 304 0 "https://nilekrator.pythonanywhere.com/rank?semester=3&method=sgpa" "Mozilla/5.0 (Linux; Android 10; Nokia 6.1 Plus) AppleWebKit/537.36 (KHTML, like Gecko) Chrome/79.0.3945.116 Mobile Safari/537.36" "14.139.205.169" response-time=0.009
14.139.205.169 - - [10/Jan/2020:09:46:51 +0000] "GET /static/images/10106.jpg HTTP/1.1" 304 0 "https://nilekrator.pythonanywhere.com/rank?semester=3&method=sgpa" "Mozilla/5.0 (Linux; Android 10; Nokia 6.1 Plus) AppleWebKit/537.36 (KHTML, like Gecko) Chrome/79.0.3945.116 Mobile Safari/537.36" "14.139.205.169" response-time=0.009
14.139.205.169 - - [10/Jan/2020:09:46:51 +0000] "GET /static/images/10101.jpg HTTP/1.1" 304 0 "https://nilekrator.pythonanywhere.com/rank?semester=3&method=sgpa" "Mozilla/5.0 (Linux; Android 10; Nokia 6.1 Plus) AppleWebKit/537.36 (KHTML, like Gecko) Chrome/79.0.3945.116 Mobile Safari/537.36" "14.139.205.169" response-time=0.014
14.139.205.169 - - [10/Jan/2020:09:46:51 +0000] "GET /static/images/9672.jpg HTTP/1.1" 304 0 "https://nilekrator.pythonanywhere.com/rank?semester=3&method=sgpa" "Mozilla/5.0 (Linux; Android 10; Nokia 6.1 Plus) AppleWebKit/537.36 (KHTML, like Gecko) Chrome/79.0.3945.116 Mobile Safari/537.36" "14.139.205.169" response-time=0.016
