122.252.250.253 - - [10/Jan/2020:09:49:51 +0000] "GET /static/images/11204.jpg HTTP/1.1" 200 21385 "https://nilekrator.pythonanywhere.com/rank" "Mozilla/5.0 (Linux; U; Android 9; en-in; Redmi Note 7 Pro Build/PKQ1.181203.001) AppleWebKit/537.36 (KHTML, like Gecko) Version/4.0 Chrome/71.0.3578.141 Mobile Safari/537.36 XiaoMi/MiuiBrowser/11.3.4-g" "122.252.250.253" response-time=0.007
14.139.205.169 - - [10/Jan/2020:09:49:51 +0000] "GET /static/images/10963.jpg HTTP/1.1" 200 8637 "https://nilekrator.pythonanywhere.com/rank" "Mozilla/5.0 (Linux; U; Android 9; en-in; Redmi Note 7 Pro Build/PKQ1.181203.001) AppleWebKit/537.36 (KHTML, like Gecko) Version/4.0 Chrome/71.0.3578.141 Mobile Safari/537.36 XiaoMi/MiuiBrowser/11.3.4-g" "14.139.205.169" response-time=0.007
14.139.205.169 - - [10/Jan/2020:09:49:51 +0000] "GET /static/images/11041.jpg HTTP/1.1" 200 9097 "https://nilekrator.pythonanywhere.com/rank" "Mozilla/5.0 (Linux; U; Android 9; en-in; Redmi Note 7 Pro Build/PKQ1.181203.001) AppleWebKit/537.36 (KHTML, like Gecko) Version/4.0 Chrome/71.0.3578.141 Mobile Safari/537.36 XiaoMi/MiuiBrowser/11.3.4-g" "14.139.205.169" response-time=0.005
14.139.205.169 - - [10/Jan/2020:09:49:51 +0000] "GET /static/images/10876.jpg HTTP/1.1" 200 20869 "https://nilekrator.pythonanywhere.com/rank" "Mozilla/5.0 (Linux; U; Android 9; en-in; Redmi Note 7 Pro Build/PKQ1.181203.001) AppleWebKit/537.36 (KHTML, like Gecko) Version/4.0 Chrome/71.0.3578.141 Mobile Safari/537.36 XiaoMi/MiuiBrowser/11.3.4-g" "14.139.205.169" response-time=0.005
14.139.205.169 - - [10/Jan/2020:09:49:51 +0000] "GET /static/images/10753.jpg HTTP/1.1" 200 20726 "https://nilekrator.pythonanywhere.com/rank" "Mozilla/5.0 (Linux; U; Android 9; en-in; Redmi Note 7 Pro Build/PKQ1.181203.001) AppleWebKit/537.36 (KHTML, like Gecko) Version/4.0 Chrome/71.0.3578.141 Mobile Safari/537.36 XiaoMi/MiuiBrowser/11.3.4-g" "14.139.205.169" response-time=0.007
14.139.205.169 - - [10/Jan/2020:09:49:51 +0000] "GET /static/images/11431.jpg HTTP/1.1" 200 9674 "https://nilekrator.pythonanywhere.com/rank" "Mozilla/5.0 (Linux; U; Android 9; en-in; Redmi Note 7 Pro Build/PKQ1.181203.001) AppleWebKit/537.36 (KHTML, like Gecko) Version/4.0 Chrome/71.0.3578.141 Mobile Safari/537.36 XiaoMi/MiuiBrowser/11.3.4-g" "14.139.205.169" response-time=0.008
14.139.205.169 - - [10/Jan/2020:09:49:51 +0000] "GET /static/images/10863.jpg HTTP/1.1" 200 9015 "https://nilekrator.pythonanywhere.com/rank" "Mozilla/5.0 (Linux; U; Android 9; en-in; Redmi Note 7 Pro Build/PKQ1.181203.001) AppleWebKit/537.36 (KHTML, like Gecko) Version/4.0 Chrome/71.0.3578.141 Mobile Safari/537.36 XiaoMi/MiuiBrowser/11.3.4-g" "14.139.205.169" response-time=0.006
122.252.250.253 - - [10/Jan/2020:09:49:51 +0000] "GET /static/images/10766.jpg HTTP/1.1" 200 26690 "https://nilekrator.pythonanywhere.com/rank" "Mozilla/5.0 (Linux; U; Android 9; en-in; Redmi Note 7 Pro Build/PKQ1.181203.001) AppleWebKit/537.36 (KHTML, like Gecko) Version/4.0 Chrome/71.0.3578.141 Mobile Safari/537.36 XiaoMi/MiuiBrowser/11.3.4-g" "122.252.250.253" response-time=0.007
14.139.205.169 - - [10/Jan/2020:09:49:51 +0000] "GET /static/images/10845.jpg HTTP/1.1" 200 8426 "https://nilekrator.pythonanywhere.com/rank" "Mozilla/5.0 (Linux; U; Android 9; en-in; Redmi Note 7 Pro Build/PKQ1.181203.001) AppleWebKit/537.36 (KHTML, like Gecko) Version/4.0 Chrome/71.0.3578.141 Mobile Safari/537.36 XiaoMi/MiuiBrowser/11.3.4-g" "14.139.205.169" response-time=0.006
14.139.205.169 - - [10/Jan/2020:09:49:52 +0000] "GET /static/images/11414.jpg HTTP/1.1" 200 11025 "https://nilekrator.pythonanywhere.com/rank" "Mozilla/5.0 (Linux; U; Android 9; en-in; Redmi Note 7 Pro Build/PKQ1.181203.001) AppleWebKit/537.36 (KHTML, like Gecko) Version/4.0 Chrome/71.0.3578.141 Mobile Safari/537.36 XiaoMi/MiuiBrowser/11.3.4-g" "14.139.205.169" response-time=0.007
14.139.205.169 - - [10/Jan/2020:09:49:52 +0000] "GET /static/images/11429.jpg HTTP/1.1" 200 8919 "https://nilekrator.pythonanywhere.com/rank" "Mozilla/5.0 (Linux; U; Android 9; en-in; Redmi Note 7 Pro Build/PKQ1.181203.001) AppleWebKit/537.36 (KHTML, like Gecko) Version/4.0 Chrome/71.0.3578.141 Mobile Safari/537.36 XiaoMi/MiuiBrowser/11.3.4-g" "14.139.205.169" response-time=0.008
14.139.205.169 - - [10/Jan/2020:09:49:52 +0000] "GET /static/images/11430.jpg HTTP/1.1" 200 10158 "https://nilekrator.pythonanywhere.com/rank" "Mozilla/5.0 (Linux; U; Android 9; en-in; Redmi Note 7 Pro Build/PKQ1.181203.001) AppleWebKit/537.36 (KHTML, like Gecko) Version/4.0 Chrome/71.0.3578.141 Mobile Safari/537.36 XiaoMi/MiuiBrowser/11.3.4-g" "14.139.205.169" response-time=0.021
14.139.205.169 - - [10/Jan/2020:09:49:52 +0000] "GET /static/images/10767.jpg HTTP/1.1" 200 7402 "https://nilekrator.pythonanywhere.com/rank" "Mozilla/5.0 (Linux; U; Android 9; en-in; Redmi Note 7 Pro Build/PKQ1.181203.001) AppleWebKit/537.36 (KHTML, like Gecko) Version/4.0 Chrome/71.0.3578.141 Mobile Safari/537.36 XiaoMi/MiuiBrowser/11.3.4-g" "14.139.205.169" response-time=0.005
14.139.205.169 - - [10/Jan/2020:09:49:52 +0000] "GET /static/images/10801.jpg HTTP/1.1" 200 8947 "https://nilekrator.pythonanywhere.com/rank" "Mozilla/5.0 (Linux; U; Android 9; en-in; Redmi Note 7 Pro Build/PKQ1.181203.001) AppleWebKit/537.36 (KHTML, like Gecko) Version/4.0 Chrome/71.0.3578.141 Mobile Safari/537.36 XiaoMi/MiuiBrowser/11.3.4-g" "14.139.205.169" response-time=0.006
14.139.205.169 - - [10/Jan/2020:09:49:52 +0000] "GET /static/images/10868.jpg HTTP/1.1" 200 8575 "https://nilekrator.pythonanywhere.com/rank" "Mozilla/5.0 (Linux; U; Android 9; en-in; Redmi Note 7 Pro Build/PKQ1.181203.001) AppleWebKit/537.36 (KHTML, like Gecko) Version/4.0 Chrome/71.0.3578.141 Mobile Safari/537.36 XiaoMi/MiuiBrowser/11.3.4-g" "14.139.205.169" response-time=0.008
122.252.250.253 - - [10/Jan/2020:09:49:52 +0000] "GET /static/images/10901.jpg HTTP/1.1" 200 23983 "https://nilekrator.pythonanywhere.com/rank" "Mozilla/5.0 (Linux; U; Android 9; en-in; Redmi Note 7 Pro Build/PKQ1.181203.001) AppleWebKit/537.36 (KHTML, like Gecko) Version/4.0 Chrome/71.0.3578.141 Mobile Safari/537.36 XiaoMi/MiuiBrowser/11.3.4-g" "122.252.250.253" response-time=0.010
14.139.205.169 - - [10/Jan/2020:09:49:52 +0000] "GET /static/images/11125.jpg HTTP/1.1" 200 10289 "https://nilekrator.pythonanywhere.com/rank" "Mozilla/5.0 (Linux; U; Android 9; en-in; Redmi Note 7 Pro Build/PKQ1.181203.001) AppleWebKit/537.36 (KHTML, like Gecko) Version/4.0 Chrome/71.0.3578.141 Mobile Safari/537.36 XiaoMi/MiuiBrowser/11.3.4-g" "14.139.205.169" response-time=0.005
14.139.205.169 - - [10/Jan/2020:09:49:52 +0000] "GET /static/images/11147.jpg HTTP/1.1" 200 24185 "https://nilekrator.pythonanywhere.com/rank" "Mozilla/5.0 (Linux; U; Android 9; en-in; Redmi Note 7 Pro Build/PKQ1.181203.001) AppleWebKit/537.36 (KHTML, like Gecko) Version/4.0 Chrome/71.0.3578.141 Mobile Safari/537.36 XiaoMi/MiuiBrowser/11.3.4-g" "14.139.205.169" response-time=0.007
14.139.205.169 - - [10/Jan/2020:09:49:52 +0000] "GET /static/images/11084.jpg HTTP/1.1" 200 8754 "https://nilekrator.pythonanywhere.com/rank" "Mozilla/5.0 (Linux; U; Android 9; en-in; Redmi Note 7 Pro Build/PKQ1.181203.001) AppleWebKit/537.36 (KHTML, like Gecko) Version/4.0 Chrome/71.0.3578.141 Mobile Safari/537.36 XiaoMi/MiuiBrowser/11.3.4-g" "14.139.205.169" response-time=0.008
14.139.205.169 - - [10/Jan/2020:09:49:53 +0000] "GET /static/images/10739.jpg HTTP/1.1" 200 8241 "https://nilekrator.pythonanywhere.com/rank" "Mozilla/5.0 (Linux; U; Android 9; en-in; Redmi Note 7 Pro Build/PKQ1.181203.001) AppleWebKit/537.36 (KHTML, like Gecko) Version/4.0 Chrome/71.0.3578.141 Mobile Safari/537.36 XiaoMi/MiuiBrowser/11.3.4-g" "14.139.205.169" response-time=0.007
14.139.205.169 - - [10/Jan/2020:09:49:53 +0000] "GET /static/images/11167.jpg HTTP/1.1" 200 9129 "https://nilekrator.pythonanywhere.com/rank" "Mozilla/5.0 (Linux; U; Android 9; en-in; Redmi Note 7 Pro Build/PKQ1.181203.001) AppleWebKit/537.36 (KHTML, like Gecko) Version/4.0 Chrome/71.0.3578.141 Mobile Safari/537.36 XiaoMi/MiuiBrowser/11.3.4-g" "14.139.205.169" response-time=0.008
122.252.250.253 - - [10/Jan/2020:09:49:53 +0000] "GET /static/images/11237.jpg HTTP/1.1" 200 7830 "https://nilekrator.pythonanywhere.com/rank" "Mozilla/5.0 (Linux; U; Android 9; en-in; Redmi Note 7 Pro Build/PKQ1.181203.001) AppleWebKit/537.36 (KHTML, like Gecko) Version/4.0 Chrome/71.0.3578.141 Mobile Safari/537.36 XiaoMi/MiuiBrowser/11.3.4-g" "122.252.250.253" response-time=0.005
14.139.205.169 - - [10/Jan/2020:09:49:53 +0000] "GET /static/images/11505.jpg HTTP/1.1" 200 9541 "https://nilekrator.pythonanywhere.com/rank" "Mozilla/5.0 (Linux; U; Android 9; en-in; Redmi Note 7 Pro Build/PKQ1.181203.001) AppleWebKit/537.36 (KHTML, like Gecko) Version/4.0 Chrome/71.0.3578.141 Mobile Safari/537.36 XiaoMi/MiuiBrowser/11.3.4-g" "14.139.205.169" response-time=0.006
14.139.205.169 - - [10/Jan/2020:09:49:53 +0000] "GET /static/images/11476.jpg HTTP/1.1" 200 23136 "https://nilekrator.pythonanywhere.com/rank" "Mozilla/5.0 (Linux; U; Android 9; en-in; Redmi Note 7 Pro Build/PKQ1.181203.001) AppleWebKit/537.36 (KHTML, like Gecko) Version/4.0 Chrome/71.0.3578.141 Mobile Safari/537.36 XiaoMi/MiuiBrowser/11.3.4-g" "14.139.205.169" response-time=0.006
122.252.250.253 - - [10/Jan/2020:09:49:53 +0000] "GET /static/images/11530.jpg HTTP/1.1" 200 24141 "https://nilekrator.pythonanywhere.com/rank" "Mozilla/5.0 (Linux; U; Android 9; en-in; Redmi Note 7 Pro Build/PKQ1.181203.001) AppleWebKit/537.36 (KHTML, like Gecko) Version/4.0 Chrome/71.0.3578.141 Mobile Safari/537.36 XiaoMi/MiuiBrowser/11.3.4-g" "122.252.250.253" response-time=0.008
157.42.80.45 - - [10/Jan/2020:09:50:08 +0000] "POST / HTTP/1.1" 200 70 "https://nilekrator.pythonanywhere.com/" "Mozilla/5.0 (Linux; Android 8.0.0; SM-A750F) AppleWebKit/537.36 (KHTML, like Gecko) Chrome/78.0.3904.108 Mobile Safari/537.36" "157.42.80.45" response-time=0.037
157.42.80.45 - - [10/Jan/2020:09:50:09 +0000] "GET /profile HTTP/1.1" 200 5211 "https://nilekrator.pythonanywhere.com/" "Mozilla/5.0 (Linux; Android 8.0.0; SM-A750F) AppleWebKit/537.36 (KHTML, like Gecko) Chrome/78.0.3904.108 Mobile Safari/537.36" "157.42.80.45" response-time=0.018
157.42.80.45 - - [10/Jan/2020:09:50:10 +0000] "GET /static/fomantic/charts/chart.min.js HTTP/1.1" 200 48088 "https://nilekrator.pythonanywhere.com/profile" "Mozilla/5.0 (Linux; Android 8.0.0; SM-A750F) AppleWebKit/537.36 (KHTML, like Gecko) Chrome/78.0.3904.108 Mobile Safari/537.36" "157.42.80.45" response-time=0.004
157.42.80.45 - - [10/Jan/2020:09:50:10 +0000] "GET /static/files/student/profile.min.js?ver=602950 HTTP/1.1" 200 852 "https://nilekrator.pythonanywhere.com/profile" "Mozilla/5.0 (Linux; Android 8.0.0; SM-A750F) AppleWebKit/537.36 (KHTML, like Gecko) Chrome/78.0.3904.108 Mobile Safari/537.36" "157.42.80.45" response-time=0.012
157.42.80.45 - - [10/Jan/2020:09:50:10 +0000] "GET /static/fomantic/charts/chart.bundle.min.js HTTP/1.1" 200 64707 "https://nilekrator.pythonanywhere.com/profile" "Mozilla/5.0 (Linux; Android 8.0.0; SM-A750F) AppleWebKit/537.36 (KHTML, like Gecko) Chrome/78.0.3904.108 Mobile Safari/537.36" "157.42.80.45" response-time=0.016
157.42.80.45 - - [10/Jan/2020:09:50:13 +0000] "GET /static/images/12052.jpg HTTP/1.1" 200 17316 "https://nilekrator.pythonanywhere.com/profile" "Mozilla/5.0 (Linux; Android 8.0.0; SM-A750F) AppleWebKit/537.36 (KHTML, like Gecko) Chrome/78.0.3904.108 Mobile Safari/537.36" "157.42.80.45" response-time=0.009
47.9.209.133 - - [10/Jan/2020:09:50:30 +0000] "GET / HTTP/1.1" 200 3682 "-" "Mozilla/5.0 (Linux; Android 5.1.1; Lenovo A6020a46 Build/LMY47V) AppleWebKit/537.36 (KHTML, like Gecko) Chrome/56.0.2924.87 Mobile Safari/537.36" "47.9.209.133" response-time=0.004
47.9.209.133 - - [10/Jan/2020:09:50:30 +0000] "GET /static/files/feedback.min.js?version=98327297 HTTP/1.1" 200 419 "https://nilekrator.pythonanywhere.com/" "Mozilla/5.0 (Linux; Android 5.1.1; Lenovo A6020a46 Build/LMY47V) AppleWebKit/537.36 (KHTML, like Gecko) Chrome/56.0.2924.87 Mobile Safari/537.36" "47.9.209.133" response-time=0.005
47.9.209.133 - - [10/Jan/2020:09:50:30 +0000] "GET /static/files/login.js?version=98327297 HTTP/1.1" 200 1599 "https://nilekrator.pythonanywhere.com/" "Mozilla/5.0 (Linux; Android 5.1.1; Lenovo A6020a46 Build/LMY47V) AppleWebKit/537.36 (KHTML, like Gecko) Chrome/56.0.2924.87 Mobile Safari/537.36" "47.9.209.133" response-time=0.013
47.9.209.133 - - [10/Jan/2020:09:50:36 +0000] "POST / HTTP/1.1" 200 66 "https://nilekrator.pythonanywhere.com/" "Mozilla/5.0 (Linux; Android 5.1.1; Lenovo A6020a46 Build/LMY47V) AppleWebKit/537.36 (KHTML, like Gecko) Chrome/56.0.2924.87 Mobile Safari/537.36" "47.9.209.133" response-time=0.048
47.9.209.133 - - [10/Jan/2020:09:50:36 +0000] "GET /profile HTTP/1.1" 200 6553 "https://nilekrator.pythonanywhere.com/" "Mozilla/5.0 (Linux; Android 5.1.1; Lenovo A6020a46 Build/LMY47V) AppleWebKit/537.36 (KHTML, like Gecko) Chrome/56.0.2924.87 Mobile Safari/537.36" "47.9.209.133" response-time=0.100
47.9.209.133 - - [10/Jan/2020:09:50:37 +0000] "GET /static/files/student/profile.min.js?ver=385910 HTTP/1.1" 200 852 "https://nilekrator.pythonanywhere.com/profile" "Mozilla/5.0 (Linux; Android 5.1.1; Lenovo A6020a46 Build/LMY47V) AppleWebKit/537.36 (KHTML, like Gecko) Chrome/56.0.2924.87 Mobile Safari/537.36" "47.9.209.133" response-time=0.003
122.252.250.253 - - [10/Jan/2020:09:50:44 +0000] "GET /rank?semester=3&method=sgpa HTTP/1.1" 200 7651 "https://nilekrator.pythonanywhere.com/rank" "Mozilla/5.0 (Linux; U; Android 9; en-in; Redmi Note 7 Pro Build/PKQ1.181203.001) AppleWebKit/537.36 (KHTML, like Gecko) Version/4.0 Chrome/71.0.3578.141 Mobile Safari/537.36 XiaoMi/MiuiBrowser/11.3.4-g" "122.252.250.253" response-time=0.093
122.252.250.253 - - [10/Jan/2020:09:50:47 +0000] "GET /static/files/student/rank.min.js?ver=997882 HTTP/1.1" 200 35 "https://nilekrator.pythonanywhere.com/rank?semester=3&method=sgpa" "Mozilla/5.0 (Linux; U; Android 9; en-in; Redmi Note 7 Pro Build/PKQ1.181203.001) AppleWebKit/537.36 (KHTML, like Gecko) Version/4.0 Chrome/71.0.3578.141 Mobile Safari/537.36 XiaoMi/MiuiBrowser/11.3.4-g" "122.252.250.253" response-time=0.004
122.252.250.253 - - [10/Jan/2020:09:51:45 +0000] "GET /logout HTTP/1.1" 302 209 "https://nilekrator.pythonanywhere.com/rank?semester=3&method=sgpa" "Mozilla/5.0 (Linux; U; Android 9; en-in; Redmi Note 7 Pro Build/PKQ1.181203.001) AppleWebKit/537.36 (KHTML, like Gecko) Version/4.0 Chrome/71.0.3578.141 Mobile Safari/537.36 XiaoMi/MiuiBrowser/11.3.4-g" "122.252.250.253" response-time=0.003
122.252.250.253 - - [10/Jan/2020:09:51:46 +0000] "GET / HTTP/1.1" 200 3682 "https://nilekrator.pythonanywhere.com/rank?semester=3&method=sgpa" "Mozilla/5.0 (Linux; U; Android 9; en-in; Redmi Note 7 Pro Build/PKQ1.181203.001) AppleWebKit/537.36 (KHTML, like Gecko) Version/4.0 Chrome/71.0.3578.141 Mobile Safari/537.36 XiaoMi/MiuiBrowser/11.3.4-g" "122.252.250.253" response-time=0.004
122.252.250.253 - - [10/Jan/2020:09:51:46 +0000] "GET /static/files/login.js?version=18028524 HTTP/1.1" 200 1599 "https://nilekrator.pythonanywhere.com/" "Mozilla/5.0 (Linux; U; Android 9; en-in; Redmi Note 7 Pro Build/PKQ1.181203.001) AppleWebKit/537.36 (KHTML, like Gecko) Version/4.0 Chrome/71.0.3578.141 Mobile Safari/537.36 XiaoMi/MiuiBrowser/11.3.4-g" "122.252.250.253" response-time=0.011
122.252.250.253 - - [10/Jan/2020:09:51:46 +0000] "GET /static/files/feedback.min.js?version=18028524 HTTP/1.1" 200 419 "https://nilekrator.pythonanywhere.com/" "Mozilla/5.0 (Linux; U; Android 9; en-in; Redmi Note 7 Pro Build/PKQ1.181203.001) AppleWebKit/537.36 (KHTML, like Gecko) Version/4.0 Chrome/71.0.3578.141 Mobile Safari/537.36 XiaoMi/MiuiBrowser/11.3.4-g" "122.252.250.253" response-time=0.004
47.9.209.133 - - [10/Jan/2020:09:51:49 +0000] "GET / HTTP/1.1" 200 3682 "-" "Mozilla/5.0 (Linux; Android 5.1.1; Lenovo A6020a46 Build/LMY47V) AppleWebKit/537.36 (KHTML, like Gecko) Chrome/56.0.2924.87 Mobile Safari/537.36" "47.9.209.133" response-time=0.004
47.9.209.133 - - [10/Jan/2020:09:51:49 +0000] "GET /static/files/feedback.min.js?version=73478777 HTTP/1.1" 200 419 "https://nilekrator.pythonanywhere.com/" "Mozilla/5.0 (Linux; Android 5.1.1; Lenovo A6020a46 Build/LMY47V) AppleWebKit/537.36 (KHTML, like Gecko) Chrome/56.0.2924.87 Mobile Safari/537.36" "47.9.209.133" response-time=0.003
47.9.209.133 - - [10/Jan/2020:09:51:49 +0000] "GET /static/files/login.js?version=73478777 HTTP/1.1" 200 1599 "https://nilekrator.pythonanywhere.com/" "Mozilla/5.0 (Linux; Android 5.1.1; Lenovo A6020a46 Build/LMY47V) AppleWebKit/537.36 (KHTML, like Gecko) Chrome/56.0.2924.87 Mobile Safari/537.36" "47.9.209.133" response-time=0.007
47.29.91.148 - - [10/Jan/2020:09:51:52 +0000] "GET /logout HTTP/1.1" 302 209 "http://nilekrator.pythonanywhere.com/statistics" "Mozilla/5.0 (Linux; U; Android 9; en-gb; Redmi Note 6 Pro Build/PKQ1.180904.001) AppleWebKit/537.36 (KHTML, like Gecko) Version/4.0 Chrome/71.0.3578.141 Mobile Safari/537.36 XiaoMi/MiuiBrowser/11.3.4-g" "47.29.91.148" response-time=0.003
47.29.91.148 - - [10/Jan/2020:09:51:52 +0000] "GET / HTTP/1.1" 200 3682 "http://nilekrator.pythonanywhere.com/statistics" "Mozilla/5.0 (Linux; U; Android 9; en-gb; Redmi Note 6 Pro Build/PKQ1.180904.001) AppleWebKit/537.36 (KHTML, like Gecko) Version/4.0 Chrome/71.0.3578.141 Mobile Safari/537.36 XiaoMi/MiuiBrowser/11.3.4-g" "47.29.91.148" response-time=0.003
47.29.91.148 - - [10/Jan/2020:09:51:53 +0000] "GET /static/files/login.js?version=44953702 HTTP/1.1" 200 1599 "http://nilekrator.pythonanywhere.com/" "Mozilla/5.0 (Linux; U; Android 9; en-gb; Redmi Note 6 Pro Build/PKQ1.180904.001) AppleWebKit/537.36 (KHTML, like Gecko) Version/4.0 Chrome/71.0.3578.141 Mobile Safari/537.36 XiaoMi/MiuiBrowser/11.3.4-g" "47.29.91.148" response-time=0.004
47.29.91.148 - - [10/Jan/2020:09:51:53 +0000] "GET /static/files/feedback.min.js?version=44953702 HTTP/1.1" 200 419 "http://nilekrator.pythonanywhere.com/" "Mozilla/5.0 (Linux; U; Android 9; en-gb; Redmi Note 6 Pro Build/PKQ1.180904.001) AppleWebKit/537.36 (KHTML, like Gecko) Version/4.0 Chrome/71.0.3578.141 Mobile Safari/537.36 XiaoMi/MiuiBrowser/11.3.4-g" "47.29.91.148" response-time=0.003
47.9.201.45 - - [10/Jan/2020:09:51:55 +0000] "GET /college/2016/UG/EE HTTP/1.1" 200 6447 "https://nilekrator.pythonanywhere.com/college/2016" "Mozilla/5.0 (Linux; Android 9; SAMSUNG SM-J730GM) AppleWebKit/537.36 (KHTML, like Gecko) SamsungBrowser/10.2 Chrome/71.0.3578.99 Mobile Safari/537.36" "47.9.201.45" response-time=0.080
122.252.250.253 - - [10/Jan/2020:09:51:56 +0000] "GET /logout HTTP/1.1" 302 325 "https://nilekrator.pythonanywhere.com/profile" "Mozilla/5.0 (Linux; U; Android 9; en-in; Redmi Note 7 Pro Build/PKQ1.181203.001) AppleWebKit/537.36 (KHTML, like Gecko) Version/4.0 Chrome/71.0.3578.141 Mobile Safari/537.36 XiaoMi/MiuiBrowser/11.3.4-g" "122.252.250.253" response-time=0.004
47.29.91.148 - - [10/Jan/2020:09:51:56 +0000] "POST / HTTP/1.1" 200 72 "http://nilekrator.pythonanywhere.com/" "Mozilla/5.0 (Linux; U; Android 9; en-gb; Redmi Note 6 Pro Build/PKQ1.180904.001) AppleWebKit/537.36 (KHTML, like Gecko) Version/4.0 Chrome/71.0.3578.141 Mobile Safari/537.36 XiaoMi/MiuiBrowser/11.3.4-g" "47.29.91.148" response-time=0.015
47.9.201.45 - - [10/Jan/2020:09:51:56 +0000] "GET /static/images/8746.jpg HTTP/1.1" 200 9380 "https://nilekrator.pythonanywhere.com/college/2016/UG/EE" "Mozilla/5.0 (Linux; Android 9; SAMSUNG SM-J730GM) AppleWebKit/537.36 (KHTML, like Gecko) SamsungBrowser/10.2 Chrome/71.0.3578.99 Mobile Safari/537.36" "47.9.201.45" response-time=0.005
47.9.201.45 - - [10/Jan/2020:09:51:56 +0000] "GET /static/images/8649.jpg HTTP/1.1" 200 17383 "https://nilekrator.pythonanywhere.com/college/2016/UG/EE" "Mozilla/5.0 (Linux; Android 9; SAMSUNG SM-J730GM) AppleWebKit/537.36 (KHTML, like Gecko) SamsungBrowser/10.2 Chrome/71.0.3578.99 Mobile Safari/537.36" "47.9.201.45" response-time=0.006
122.252.250.253 - - [10/Jan/2020:09:51:56 +0000] "GET /?next=https%3A%2F%2Fnilekrator.pythonanywhere.com%2Flogout HTTP/1.1" 200 3682 "https://nilekrator.pythonanywhere.com/profile" "Mozilla/5.0 (Linux; U; Android 9; en-in; Redmi Note 7 Pro Build/PKQ1.181203.001) AppleWebKit/537.36 (KHTML, like Gecko) Version/4.0 Chrome/71.0.3578.141 Mobile Safari/537.36 XiaoMi/MiuiBrowser/11.3.4-g" "122.252.250.253" response-time=0.001
47.9.201.45 - - [10/Jan/2020:09:51:56 +0000] "GET /static/images/8930.jpg HTTP/1.1" 200 10958 "https://nilekrator.pythonanywhere.com/college/2016/UG/EE" "Mozilla/5.0 (Linux; Android 9; SAMSUNG SM-J730GM) AppleWebKit/537.36 (KHTML, like Gecko) SamsungBrowser/10.2 Chrome/71.0.3578.99 Mobile Safari/537.36" "47.9.201.45" response-time=0.005
47.9.201.45 - - [10/Jan/2020:09:51:56 +0000] "GET /static/images/8690.jpg HTTP/1.1" 200 10806 "https://nilekrator.pythonanywhere.com/college/2016/UG/EE" "Mozilla/5.0 (Linux; Android 9; SAMSUNG SM-J730GM) AppleWebKit/537.36 (KHTML, like Gecko) SamsungBrowser/10.2 Chrome/71.0.3578.99 Mobile Safari/537.36" "47.9.201.45" response-time=0.009
47.29.91.148 - - [10/Jan/2020:09:51:56 +0000] "GET /profile HTTP/1.1" 200 5568 "http://nilekrator.pythonanywhere.com/" "Mozilla/5.0 (Linux; U; Android 9; en-gb; Redmi Note 6 Pro Build/PKQ1.180904.001) AppleWebKit/537.36 (KHTML, like Gecko) Version/4.0 Chrome/71.0.3578.141 Mobile Safari/537.36 XiaoMi/MiuiBrowser/11.3.4-g" "47.29.91.148" response-time=0.019
14.139.205.169 - - [10/Jan/2020:09:51:56 +0000] "GET /static/files/feedback.min.js?version=73745162 HTTP/1.1" 200 419 "https://nilekrator.pythonanywhere.com/?next=https%3A%2F%2Fnilekrator.pythonanywhere.com%2Flogout" "Mozilla/5.0 (Linux; U; Android 9; en-in; Redmi Note 7 Pro Build/PKQ1.181203.001) AppleWebKit/537.36 (KHTML, like Gecko) Version/4.0 Chrome/71.0.3578.141 Mobile Safari/537.36 XiaoMi/MiuiBrowser/11.3.4-g" "14.139.205.169" response-time=0.003
122.252.250.253 - - [10/Jan/2020:09:51:56 +0000] "GET /static/files/login.js?version=73745162 HTTP/1.1" 200 1599 "https://nilekrator.pythonanywhere.com/?next=https%3A%2F%2Fnilekrator.pythonanywhere.com%2Flogout" "Mozilla/5.0 (Linux; U; Android 9; en-in; Redmi Note 7 Pro Build/PKQ1.181203.001) AppleWebKit/537.36 (KHTML, like Gecko) Version/4.0 Chrome/71.0.3578.141 Mobile Safari/537.36 XiaoMi/MiuiBrowser/11.3.4-g" "122.252.250.253" response-time=0.003
47.9.201.45 - - [10/Jan/2020:09:51:57 +0000] "GET /static/images/9033.jpg HTTP/1.1" 200 9527 "https://nilekrator.pythonanywhere.com/college/2016/UG/EE" "Mozilla/5.0 (Linux; Android 9; SAMSUNG SM-J730GM) AppleWebKit/537.36 (KHTML, like Gecko) SamsungBrowser/10.2 Chrome/71.0.3578.99 Mobile Safari/537.36" "47.9.201.45" response-time=0.005
47.29.91.148 - - [10/Jan/2020:09:51:57 +0000] "GET /static/files/student/profile.min.js?ver=346225 HTTP/1.1" 200 852 "http://nilekrator.pythonanywhere.com/profile" "Mozilla/5.0 (Linux; U; Android 9; en-gb; Redmi Note 6 Pro Build/PKQ1.180904.001) AppleWebKit/537.36 (KHTML, like Gecko) Version/4.0 Chrome/71.0.3578.141 Mobile Safari/537.36 XiaoMi/MiuiBrowser/11.3.4-g" "47.29.91.148" response-time=0.004
47.9.201.45 - - [10/Jan/2020:09:52:02 +0000] "GET /static/images/8721.jpg HTTP/1.1" 200 10830 "https://nilekrator.pythonanywhere.com/college/2016/UG/EE" "Mozilla/5.0 (Linux; Android 9; SAMSUNG SM-J730GM) AppleWebKit/537.36 (KHTML, like Gecko) SamsungBrowser/10.2 Chrome/71.0.3578.99 Mobile Safari/537.36" "47.9.201.45" response-time=0.005
47.9.201.45 - - [10/Jan/2020:09:52:02 +0000] "GET /static/images/8586.jpg HTTP/1.1" 200 14807 "https://nilekrator.pythonanywhere.com/college/2016/UG/EE" "Mozilla/5.0 (Linux; Android 9; SAMSUNG SM-J730GM) AppleWebKit/537.36 (KHTML, like Gecko) SamsungBrowser/10.2 Chrome/71.0.3578.99 Mobile Safari/537.36" "47.9.201.45" response-time=0.006
47.9.201.45 - - [10/Jan/2020:09:52:03 +0000] "GET /static/images/8843.jpg HTTP/1.1" 200 9349 "https://nilekrator.pythonanywhere.com/college/2016/UG/EE" "Mozilla/5.0 (Linux; Android 9; SAMSUNG SM-J730GM) AppleWebKit/537.36 (KHTML, like Gecko) SamsungBrowser/10.2 Chrome/71.0.3578.99 Mobile Safari/537.36" "47.9.201.45" response-time=0.005
47.9.201.45 - - [10/Jan/2020:09:52:03 +0000] "GET /static/images/8529.jpg HTTP/1.1" 200 9515 "https://nilekrator.pythonanywhere.com/college/2016/UG/EE" "Mozilla/5.0 (Linux; Android 9; SAMSUNG SM-J730GM) AppleWebKit/537.36 (KHTML, like Gecko) SamsungBrowser/10.2 Chrome/71.0.3578.99 Mobile Safari/537.36" "47.9.201.45" response-time=0.004
14.139.205.169 - - [10/Jan/2020:09:52:03 +0000] "GET /static/images/10261.jpg HTTP/1.1" 200 10166 "https://nilekrator.pythonanywhere.com/rank?semester=1&method=sgpa" "Mozilla/5.0 (Linux; Android 10; Nokia 6.1 Plus) AppleWebKit/537.36 (KHTML, like Gecko) Chrome/79.0.3945.116 Mobile Safari/537.36" "14.139.205.169" response-time=0.006
47.9.201.45 - - [10/Jan/2020:09:52:03 +0000] "GET /static/images/8666.jpg HTTP/1.1" 200 9444 "https://nilekrator.pythonanywhere.com/college/2016/UG/EE" "Mozilla/5.0 (Linux; Android 9; SAMSUNG SM-J730GM) AppleWebKit/537.36 (KHTML, like Gecko) SamsungBrowser/10.2 Chrome/71.0.3578.99 Mobile Safari/537.36" "47.9.201.45" response-time=0.006
14.139.205.169 - - [10/Jan/2020:09:52:03 +0000] "GET /static/images/10089.jpg HTTP/1.1" 304 0 "https://nilekrator.pythonanywhere.com/rank?semester=1&method=sgpa" "Mozilla/5.0 (Linux; Android 10; Nokia 6.1 Plus) AppleWebKit/537.36 (KHTML, like Gecko) Chrome/79.0.3945.116 Mobile Safari/537.36" "14.139.205.169" response-time=0.004
14.139.205.169 - - [10/Jan/2020:09:52:03 +0000] "GET /static/images/9840.jpg HTTP/1.1" 200 9096 "https://nilekrator.pythonanywhere.com/rank?semester=1&method=sgpa" "Mozilla/5.0 (Linux; Android 10; Nokia 6.1 Plus) AppleWebKit/537.36 (KHTML, like Gecko) Chrome/79.0.3945.116 Mobile Safari/537.36" "14.139.205.169" response-time=0.007
47.9.201.45 - - [10/Jan/2020:09:52:03 +0000] "GET /static/images/8821.jpg HTTP/1.1" 200 9473 "https://nilekrator.pythonanywhere.com/college/2016/UG/EE" "Mozilla/5.0 (Linux; Android 9; SAMSUNG SM-J730GM) AppleWebKit/537.36 (KHTML, like Gecko) SamsungBrowser/10.2 Chrome/71.0.3578.99 Mobile Safari/537.36" "47.9.201.45" response-time=0.008
14.139.205.169 - - [10/Jan/2020:09:52:03 +0000] "GET /static/images/10128.jpg HTTP/1.1" 200 25859 "https://nilekrator.pythonanywhere.com/rank?semester=1&method=sgpa" "Mozilla/5.0 (Linux; Android 10; Nokia 6.1 Plus) AppleWebKit/537.36 (KHTML, like Gecko) Chrome/79.0.3945.116 Mobile Safari/537.36" "14.139.205.169" response-time=0.007
14.139.205.169 - - [10/Jan/2020:09:52:03 +0000] "GET /static/images/9837.jpg HTTP/1.1" 200 8767 "https://nilekrator.pythonanywhere.com/rank?semester=1&method=sgpa" "Mozilla/5.0 (Linux; Android 10; Nokia 6.1 Plus) AppleWebKit/537.36 (KHTML, like Gecko) Chrome/79.0.3945.116 Mobile Safari/537.36" "14.139.205.169" response-time=0.005
14.139.205.169 - - [10/Jan/2020:09:52:04 +0000] "GET /static/images/10067.jpg HTTP/1.1" 304 0 "https://nilekrator.pythonanywhere.com/rank?semester=1&method=sgpa" "Mozilla/5.0 (Linux; Android 10; Nokia 6.1 Plus) AppleWebKit/537.36 (KHTML, like Gecko) Chrome/79.0.3945.116 Mobile Safari/537.36" "14.139.205.169" response-time=0.007
14.139.205.169 - - [10/Jan/2020:09:52:04 +0000] "GET /static/images/9952.jpg HTTP/1.1" 200 8133 "https://nilekrator.pythonanywhere.com/rank?semester=1&method=sgpa" "Mozilla/5.0 (Linux; Android 10; Nokia 6.1 Plus) AppleWebKit/537.36 (KHTML, like Gecko) Chrome/79.0.3945.116 Mobile Safari/537.36" "14.139.205.169" response-time=0.023
14.139.205.169 - - [10/Jan/2020:09:52:04 +0000] "GET /static/images/10271.jpg HTTP/1.1" 200 9858 "https://nilekrator.pythonanywhere.com/rank?semester=1&method=sgpa" "Mozilla/5.0 (Linux; Android 10; Nokia 6.1 Plus) AppleWebKit/537.36 (KHTML, like Gecko) Chrome/79.0.3945.116 Mobile Safari/537.36" "14.139.205.169" response-time=0.006
14.139.205.169 - - [10/Jan/2020:09:52:07 +0000] "GET /static/images/9983.jpg HTTP/1.1" 200 8564 "https://nilekrator.pythonanywhere.com/rank?semester=1&method=sgpa" "Mozilla/5.0 (Linux; Android 10; Nokia 6.1 Plus) AppleWebKit/537.36 (KHTML, like Gecko) Chrome/79.0.3945.116 Mobile Safari/537.36" "14.139.205.169" response-time=0.006
14.139.205.169 - - [10/Jan/2020:09:52:08 +0000] "GET /static/images/9573.jpg HTTP/1.1" 304 0 "https://nilekrator.pythonanywhere.com/rank?semester=1&method=sgpa" "Mozilla/5.0 (Linux; Android 10; Nokia 6.1 Plus) AppleWebKit/537.36 (KHTML, like Gecko) Chrome/79.0.3945.116 Mobile Safari/537.36" "14.139.205.169" response-time=0.004
14.139.205.169 - - [10/Jan/2020:09:52:09 +0000] "GET /rank?semester=1&method=sgpa HTTP/1.1" 200 7457 "https://nilekrator.pythonanywhere.com/rank?semester=2&method=sgpa" "Mozilla/5.0 (Linux; Android 10; Nokia 6.1 Plus) AppleWebKit/537.36 (KHTML, like Gecko) Chrome/79.0.3945.116 Mobile Safari/537.36" "14.139.205.169" response-time=0.139
47.9.201.45 - - [10/Jan/2020:09:52:10 +0000] "GET /static/images/9037.jpg HTTP/1.1" 200 10367 "https://nilekrator.pythonanywhere.com/college/2016/UG/EE" "Mozilla/5.0 (Linux; Android 9; SAMSUNG SM-J730GM) AppleWebKit/537.36 (KHTML, like Gecko) SamsungBrowser/10.2 Chrome/71.0.3578.99 Mobile Safari/537.36" "47.9.201.45" response-time=0.029
47.9.201.45 - - [10/Jan/2020:09:52:10 +0000] "GET /static/images/8561.jpg HTTP/1.1" 200 14766 "https://nilekrator.pythonanywhere.com/college/2016/UG/EE" "Mozilla/5.0 (Linux; Android 9; SAMSUNG SM-J730GM) AppleWebKit/537.36 (KHTML, like Gecko) SamsungBrowser/10.2 Chrome/71.0.3578.99 Mobile Safari/537.36" "47.9.201.45" response-time=0.010
47.9.201.45 - - [10/Jan/2020:09:52:10 +0000] "GET /static/images/9107.jpg HTTP/1.1" 200 28316 "https://nilekrator.pythonanywhere.com/college/2016/UG/EE" "Mozilla/5.0 (Linux; Android 9; SAMSUNG SM-J730GM) AppleWebKit/537.36 (KHTML, like Gecko) SamsungBrowser/10.2 Chrome/71.0.3578.99 Mobile Safari/537.36" "47.9.201.45" response-time=0.013
47.9.201.45 - - [10/Jan/2020:09:52:10 +0000] "GET /static/images/8686.jpg HTTP/1.1" 200 9842 "https://nilekrator.pythonanywhere.com/college/2016/UG/EE" "Mozilla/5.0 (Linux; Android 9; SAMSUNG SM-J730GM) AppleWebKit/537.36 (KHTML, like Gecko) SamsungBrowser/10.2 Chrome/71.0.3578.99 Mobile Safari/537.36" "47.9.201.45" response-time=0.009
47.9.201.45 - - [10/Jan/2020:09:52:10 +0000] "GET /static/images/8938.jpg HTTP/1.1" 200 10822 "https://nilekrator.pythonanywhere.com/college/2016/UG/EE" "Mozilla/5.0 (Linux; Android 9; SAMSUNG SM-J730GM) AppleWebKit/537.36 (KHTML, like Gecko) SamsungBrowser/10.2 Chrome/71.0.3578.99 Mobile Safari/537.36" "47.9.201.45" response-time=0.010
14.139.205.169 - - [10/Jan/2020:09:52:14 +0000] "GET /static/files/student/rank.min.js?ver=962287 HTTP/1.1" 200 35 "https://nilekrator.pythonanywhere.com/rank?semester=1&method=sgpa" "Mozilla/5.0 (Linux; Android 10; Nokia 6.1 Plus) AppleWebKit/537.36 (KHTML, like Gecko) Chrome/79.0.3945.116 Mobile Safari/537.36" "14.139.205.169" response-time=0.005
157.42.80.45 - - [10/Jan/2020:09:52:16 +0000] "GET / HTTP/1.1" 200 3682 "-" "Mozilla/5.0 (Linux; Android 8.0.0; SM-A750F) AppleWebKit/537.36 (KHTML, like Gecko) Chrome/78.0.3904.108 Mobile Safari/537.36" "157.42.80.45" response-time=0.002
157.42.80.45 - - [10/Jan/2020:09:52:17 +0000] "GET /static/files/login.js?version=58667793 HTTP/1.1" 200 1599 "https://nilekrator.pythonanywhere.com/" "Mozilla/5.0 (Linux; Android 8.0.0; SM-A750F) AppleWebKit/537.36 (KHTML, like Gecko) Chrome/78.0.3904.108 Mobile Safari/537.36" "157.42.80.45" response-time=0.034
157.42.80.45 - - [10/Jan/2020:09:52:18 +0000] "GET /static/files/feedback.min.js?version=58667793 HTTP/1.1" 200 419 "https://nilekrator.pythonanywhere.com/" "Mozilla/5.0 (Linux; Android 8.0.0; SM-A750F) AppleWebKit/537.36 (KHTML, like Gecko) Chrome/78.0.3904.108 Mobile Safari/537.36" "157.42.80.45" response-time=0.029
47.9.201.45 - - [10/Jan/2020:09:52:18 +0000] "GET /static/images/8558.jpg HTTP/1.1" 200 15528 "https://nilekrator.pythonanywhere.com/college/2016/UG/EE" "Mozilla/5.0 (Linux; Android 9; SAMSUNG SM-J730GM) AppleWebKit/537.36 (KHTML, like Gecko) SamsungBrowser/10.2 Chrome/71.0.3578.99 Mobile Safari/537.36" "47.9.201.45" response-time=0.005
47.9.201.45 - - [10/Jan/2020:09:52:18 +0000] "GET /static/images/8950.jpg HTTP/1.1" 200 9377 "https://nilekrator.pythonanywhere.com/college/2016/UG/EE" "Mozilla/5.0 (Linux; Android 9; SAMSUNG SM-J730GM) AppleWebKit/537.36 (KHTML, like Gecko) SamsungBrowser/10.2 Chrome/71.0.3578.99 Mobile Safari/537.36" "47.9.201.45" response-time=0.005
47.9.201.45 - - [10/Jan/2020:09:52:19 +0000] "GET /static/images/8673.jpg HTTP/1.1" 200 8668 "https://nilekrator.pythonanywhere.com/college/2016/UG/EE" "Mozilla/5.0 (Linux; Android 9; SAMSUNG SM-J730GM) AppleWebKit/537.36 (KHTML, like Gecko) SamsungBrowser/10.2 Chrome/71.0.3578.99 Mobile Safari/537.36" "47.9.201.45" response-time=0.005
47.9.201.45 - - [10/Jan/2020:09:52:19 +0000] "GET /static/images/9039.jpg HTTP/1.1" 200 8841 "https://nilekrator.pythonanywhere.com/college/2016/UG/EE" "Mozilla/5.0 (Linux; Android 9; SAMSUNG SM-J730GM) AppleWebKit/537.36 (KHTML, like Gecko) SamsungBrowser/10.2 Chrome/71.0.3578.99 Mobile Safari/537.36" "47.9.201.45" response-time=0.007
47.9.201.45 - - [10/Jan/2020:09:52:19 +0000] "GET /static/images/8836.jpg HTTP/1.1" 200 10622 "https://nilekrator.pythonanywhere.com/college/2016/UG/EE" "Mozilla/5.0 (Linux; Android 9; SAMSUNG SM-J730GM) AppleWebKit/537.36 (KHTML, like Gecko) SamsungBrowser/10.2 Chrome/71.0.3578.99 Mobile Safari/537.36" "47.9.201.45" response-time=0.005
47.9.201.45 - - [10/Jan/2020:09:52:23 +0000] "GET /static/images/8759.jpg HTTP/1.1" 200 9752 "https://nilekrator.pythonanywhere.com/college/2016/UG/EE" "Mozilla/5.0 (Linux; Android 9; SAMSUNG SM-J730GM) AppleWebKit/537.36 (KHTML, like Gecko) SamsungBrowser/10.2 Chrome/71.0.3578.99 Mobile Safari/537.36" "47.9.201.45" response-time=0.007
47.9.201.45 - - [10/Jan/2020:09:52:23 +0000] "GET /static/images/9110.jpg HTTP/1.1" 200 15617 "https://nilekrator.pythonanywhere.com/college/2016/UG/EE" "Mozilla/5.0 (Linux; Android 9; SAMSUNG SM-J730GM) AppleWebKit/537.36 (KHTML, like Gecko) SamsungBrowser/10.2 Chrome/71.0.3578.99 Mobile Safari/537.36" "47.9.201.45" response-time=0.007
47.9.201.45 - - [10/Jan/2020:09:52:23 +0000] "GET /static/images/8518.jpg HTTP/1.1" 200 9007 "https://nilekrator.pythonanywhere.com/college/2016/UG/EE" "Mozilla/5.0 (Linux; Android 9; SAMSUNG SM-J730GM) AppleWebKit/537.36 (KHTML, like Gecko) SamsungBrowser/10.2 Chrome/71.0.3578.99 Mobile Safari/537.36" "47.9.201.45" response-time=0.005
47.9.201.45 - - [10/Jan/2020:09:52:25 +0000] "GET /static/images/8668.jpg HTTP/1.1" 200 9544 "https://nilekrator.pythonanywhere.com/college/2016/UG/EE" "Mozilla/5.0 (Linux; Android 9; SAMSUNG SM-J730GM) AppleWebKit/537.36 (KHTML, like Gecko) SamsungBrowser/10.2 Chrome/71.0.3578.99 Mobile Safari/537.36" "47.9.201.45" response-time=0.005
47.9.201.45 - - [10/Jan/2020:09:52:25 +0000] "GET /static/images/8934.jpg HTTP/1.1" 200 9751 "https://nilekrator.pythonanywhere.com/college/2016/UG/EE" "Mozilla/5.0 (Linux; Android 9; SAMSUNG SM-J730GM) AppleWebKit/537.36 (KHTML, like Gecko) SamsungBrowser/10.2 Chrome/71.0.3578.99 Mobile Safari/537.36" "47.9.201.45" response-time=0.009
157.42.80.45 - - [10/Jan/2020:09:52:26 +0000] "POST / HTTP/1.1" 200 68 "https://nilekrator.pythonanywhere.com/" "Mozilla/5.0 (Linux; Android 8.0.0; SM-A750F) AppleWebKit/537.36 (KHTML, like Gecko) Chrome/78.0.3904.108 Mobile Safari/537.36" "157.42.80.45" response-time=0.017
157.42.80.45 - - [10/Jan/2020:09:52:27 +0000] "GET /profile HTTP/1.1" 200 5204 "https://nilekrator.pythonanywhere.com/" "Mozilla/5.0 (Linux; Android 8.0.0; SM-A750F) AppleWebKit/537.36 (KHTML, like Gecko) Chrome/78.0.3904.108 Mobile Safari/537.36" "157.42.80.45" response-time=0.019
157.42.80.45 - - [10/Jan/2020:09:52:28 +0000] "GET /static/files/student/profile.min.js?ver=221929 HTTP/1.1" 200 852 "https://nilekrator.pythonanywhere.com/profile" "Mozilla/5.0 (Linux; Android 8.0.0; SM-A750F) AppleWebKit/537.36 (KHTML, like Gecko) Chrome/78.0.3904.108 Mobile Safari/537.36" "157.42.80.45" response-time=0.004
157.42.80.45 - - [10/Jan/2020:09:52:29 +0000] "GET /static/images/12065.jpg HTTP/1.1" 200 20860 "https://nilekrator.pythonanywhere.com/profile" "Mozilla/5.0 (Linux; Android 8.0.0; SM-A750F) AppleWebKit/537.36 (KHTML, like Gecko) Chrome/78.0.3904.108 Mobile Safari/537.36" "157.42.80.45" response-time=0.008
47.9.201.45 - - [10/Jan/2020:09:52:29 +0000] "GET /static/images/9122.jpg HTTP/1.1" 200 15634 "https://nilekrator.pythonanywhere.com/college/2016/UG/EE" "Mozilla/5.0 (Linux; Android 9; SAMSUNG SM-J730GM) AppleWebKit/537.36 (KHTML, like Gecko) SamsungBrowser/10.2 Chrome/71.0.3578.99 Mobile Safari/537.36" "47.9.201.45" response-time=0.007
47.9.201.45 - - [10/Jan/2020:09:52:29 +0000] "GET /static/images/9142.jpg HTTP/1.1" 200 15931 "https://nilekrator.pythonanywhere.com/college/2016/UG/EE" "Mozilla/5.0 (Linux; Android 9; SAMSUNG SM-J730GM) AppleWebKit/537.36 (KHTML, like Gecko) SamsungBrowser/10.2 Chrome/71.0.3578.99 Mobile Safari/537.36" "47.9.201.45" response-time=0.005
47.9.201.45 - - [10/Jan/2020:09:53:11 +0000] "GET /static/images/8962.jpg HTTP/1.1" 200 8059 "https://nilekrator.pythonanywhere.com/college/2016/UG/EE" "Mozilla/5.0 (Linux; Android 9; SAMSUNG SM-J730GM) AppleWebKit/537.36 (KHTML, like Gecko) SamsungBrowser/10.2 Chrome/71.0.3578.99 Mobile Safari/537.36" "47.9.201.45" response-time=0.007
47.9.201.45 - - [10/Jan/2020:09:53:11 +0000] "GET /static/images/8809.jpg HTTP/1.1" 200 9442 "https://nilekrator.pythonanywhere.com/college/2016/UG/EE" "Mozilla/5.0 (Linux; Android 9; SAMSUNG SM-J730GM) AppleWebKit/537.36 (KHTML, like Gecko) SamsungBrowser/10.2 Chrome/71.0.3578.99 Mobile Safari/537.36" "47.9.201.45" response-time=0.009
47.9.201.45 - - [10/Jan/2020:09:53:15 +0000] "GET /static/images/8645.jpg HTTP/1.1" 200 14973 "https://nilekrator.pythonanywhere.com/college/2016/UG/EE" "Mozilla/5.0 (Linux; Android 9; SAMSUNG SM-J730GM) AppleWebKit/537.36 (KHTML, like Gecko) SamsungBrowser/10.2 Chrome/71.0.3578.99 Mobile Safari/537.36" "47.9.201.45" response-time=0.023
47.9.201.45 - - [10/Jan/2020:09:53:15 +0000] "GET /static/images/8685.jpg HTTP/1.1" 200 8646 "https://nilekrator.pythonanywhere.com/college/2016/UG/EE" "Mozilla/5.0 (Linux; Android 9; SAMSUNG SM-J730GM) AppleWebKit/537.36 (KHTML, like Gecko) SamsungBrowser/10.2 Chrome/71.0.3578.99 Mobile Safari/537.36" "47.9.201.45" response-time=0.022
47.9.201.45 - - [10/Jan/2020:09:53:15 +0000] "GET /static/images/8533.jpg HTTP/1.1" 200 9612 "https://nilekrator.pythonanywhere.com/college/2016/UG/EE" "Mozilla/5.0 (Linux; Android 9; SAMSUNG SM-J730GM) AppleWebKit/537.36 (KHTML, like Gecko) SamsungBrowser/10.2 Chrome/71.0.3578.99 Mobile Safari/537.36" "47.9.201.45" response-time=0.012
47.9.201.45 - - [10/Jan/2020:09:53:16 +0000] "GET /static/images/8710.jpg HTTP/1.1" 200 9187 "https://nilekrator.pythonanywhere.com/college/2016/UG/EE" "Mozilla/5.0 (Linux; Android 9; SAMSUNG SM-J730GM) AppleWebKit/537.36 (KHTML, like Gecko) SamsungBrowser/10.2 Chrome/71.0.3578.99 Mobile Safari/537.36" "47.9.201.45" response-time=0.023
47.9.201.45 - - [10/Jan/2020:09:53:16 +0000] "GET /static/images/8566.jpg HTTP/1.1" 200 15025 "https://nilekrator.pythonanywhere.com/college/2016/UG/EE" "Mozilla/5.0 (Linux; Android 9; SAMSUNG SM-J730GM) AppleWebKit/537.36 (KHTML, like Gecko) SamsungBrowser/10.2 Chrome/71.0.3578.99 Mobile Safari/537.36" "47.9.201.45" response-time=0.009
157.42.111.117 - - [10/Jan/2020:09:53:41 +0000] "GET / HTTP/1.1" 200 3682 "-" "Mozilla/5.0 (Linux; Android 8.1.0; vivo 1814) AppleWebKit/537.36 (KHTML, like Gecko) Chrome/77.0.3865.116 Mobile Safari/537.36" "157.42.111.117" response-time=0.003
47.9.201.45 - - [10/Jan/2020:09:53:42 +0000] "GET /static/images/8951.jpg HTTP/1.1" 200 10428 "https://nilekrator.pythonanywhere.com/college/2016/UG/EE" "Mozilla/5.0 (Linux; Android 9; SAMSUNG SM-J730GM) AppleWebKit/537.36 (KHTML, like Gecko) SamsungBrowser/10.2 Chrome/71.0.3578.99 Mobile Safari/537.36" "47.9.201.45" response-time=0.007
157.42.111.117 - - [10/Jan/2020:09:53:43 +0000] "GET /static/files/login.js?version=37846465 HTTP/1.1" 200 1599 "https://nilekrator.pythonanywhere.com/" "Mozilla/5.0 (Linux; Android 8.1.0; vivo 1814) AppleWebKit/537.36 (KHTML, like Gecko) Chrome/77.0.3865.116 Mobile Safari/537.36" "157.42.111.117" response-time=0.005
157.42.111.117 - - [10/Jan/2020:09:53:43 +0000] "GET /static/files/feedback.min.js?version=37846465 HTTP/1.1" 200 419 "https://nilekrator.pythonanywhere.com/" "Mozilla/5.0 (Linux; Android 8.1.0; vivo 1814) AppleWebKit/537.36 (KHTML, like Gecko) Chrome/77.0.3865.116 Mobile Safari/537.36" "157.42.111.117" response-time=0.004
157.42.111.117 - - [10/Jan/2020:09:53:43 +0000] "GET /static/fomantic/jquery/jquery.js HTTP/1.1" 304 0 "https://nilekrator.pythonanywhere.com/" "Mozilla/5.0 (Linux; Android 8.1.0; vivo 1814) AppleWebKit/537.36 (KHTML, like Gecko) Chrome/77.0.3865.116 Mobile Safari/537.36" "157.42.111.117" response-time=0.005
47.9.201.45 - - [10/Jan/2020:09:53:43 +0000] "GET /static/images/8687.jpg HTTP/1.1" 200 22499 "https://nilekrator.pythonanywhere.com/college/2016/UG/EE" "Mozilla/5.0 (Linux; Android 9; SAMSUNG SM-J730GM) AppleWebKit/537.36 (KHTML, like Gecko) SamsungBrowser/10.2 Chrome/71.0.3578.99 Mobile Safari/537.36" "47.9.201.45" response-time=0.005
47.9.201.45 - - [10/Jan/2020:09:53:43 +0000] "GET /static/images/8968.jpg HTTP/1.1" 200 10341 "https://nilekrator.pythonanywhere.com/college/2016/UG/EE" "Mozilla/5.0 (Linux; Android 9; SAMSUNG SM-J730GM) AppleWebKit/537.36 (KHTML, like Gecko) SamsungBrowser/10.2 Chrome/71.0.3578.99 Mobile Safari/537.36" "47.9.201.45" response-time=0.007
157.42.111.117 - - [10/Jan/2020:09:53:44 +0000] "GET /static/fomantic/semantic.min.css HTTP/1.1" 304 0 "https://nilekrator.pythonanywhere.com/" "Mozilla/5.0 (Linux; Android 8.1.0; vivo 1814) AppleWebKit/537.36 (KHTML, like Gecko) Chrome/77.0.3865.116 Mobile Safari/537.36" "157.42.111.117" response-time=0.005
157.42.111.117 - - [10/Jan/2020:09:53:44 +0000] "GET /static/fomantic/semantic.min.js HTTP/1.1" 304 0 "https://nilekrator.pythonanywhere.com/" "Mozilla/5.0 (Linux; Android 8.1.0; vivo 1814) AppleWebKit/537.36 (KHTML, like Gecko) Chrome/77.0.3865.116 Mobile Safari/537.36" "157.42.111.117" response-time=0.004
157.42.111.117 - - [10/Jan/2020:09:53:45 +0000] "GET /static/fomantic/themes/default/assets/fonts/icons.woff2 HTTP/1.1" 304 0 "https://nilekrator.pythonanywhere.com/static/fomantic/semantic.min.css" "Mozilla/5.0 (Linux; Android 8.1.0; vivo 1814) AppleWebKit/537.36 (KHTML, like Gecko) Chrome/77.0.3865.116 Mobile Safari/537.36" "157.42.111.117" response-time=0.005
157.42.111.117 - - [10/Jan/2020:09:53:45 +0000] "GET /static/fomantic/themes/default/assets/fonts/outline-icons.woff2 HTTP/1.1" 304 0 "https://nilekrator.pythonanywhere.com/static/fomantic/semantic.min.css" "Mozilla/5.0 (Linux; Android 8.1.0; vivo 1814) AppleWebKit/537.36 (KHTML, like Gecko) Chrome/77.0.3865.116 Mobile Safari/537.36" "157.42.111.117" response-time=0.005
157.42.111.117 - - [10/Jan/2020:09:53:45 +0000] "GET /static/images/12041.jpg HTTP/1.1" 304 0 "https://nilekrator.pythonanywhere.com/" "Mozilla/5.0 (Linux; Android 8.1.0; vivo 1814) AppleWebKit/537.36 (KHTML, like Gecko) Chrome/77.0.3865.116 Mobile Safari/537.36" "157.42.111.117" response-time=0.004
157.42.111.117 - - [10/Jan/2020:09:53:46 +0000] "GET /static/images/12281.jpg HTTP/1.1" 304 0 "https://nilekrator.pythonanywhere.com/" "Mozilla/5.0 (Linux; Android 8.1.0; vivo 1814) AppleWebKit/537.36 (KHTML, like Gecko) Chrome/77.0.3865.116 Mobile Safari/537.36" "157.42.111.117" response-time=0.004
157.42.111.117 - - [10/Jan/2020:09:53:46 +0000] "GET /static/images/11080.jpg HTTP/1.1" 304 0 "https://nilekrator.pythonanywhere.com/" "Mozilla/5.0 (Linux; Android 8.1.0; vivo 1814) AppleWebKit/537.36 (KHTML, like Gecko) Chrome/77.0.3865.116 Mobile Safari/537.36" "157.42.111.117" response-time=0.004
157.42.111.117 - - [10/Jan/2020:09:53:46 +0000] "GET /static/images/placeholder.png HTTP/1.1" 304 0 "https://nilekrator.pythonanywhere.com/" "Mozilla/5.0 (Linux; Android 8.1.0; vivo 1814) AppleWebKit/537.36 (KHTML, like Gecko) Chrome/77.0.3865.116 Mobile Safari/537.36" "157.42.111.117" response-time=0.004
47.9.201.45 - - [10/Jan/2020:09:53:49 +0000] "GET /static/images/8883.jpg HTTP/1.1" 200 9171 "https://nilekrator.pythonanywhere.com/college/2016/UG/EE" "Mozilla/5.0 (Linux; Android 9; SAMSUNG SM-J730GM) AppleWebKit/537.36 (KHTML, like Gecko) SamsungBrowser/10.2 Chrome/71.0.3578.99 Mobile Safari/537.36" "47.9.201.45" response-time=0.005
47.9.201.45 - - [10/Jan/2020:09:53:49 +0000] "GET /static/images/8590.jpg HTTP/1.1" 200 13930 "https://nilekrator.pythonanywhere.com/college/2016/UG/EE" "Mozilla/5.0 (Linux; Android 9; SAMSUNG SM-J730GM) AppleWebKit/537.36 (KHTML, like Gecko) SamsungBrowser/10.2 Chrome/71.0.3578.99 Mobile Safari/537.36" "47.9.201.45" response-time=0.008
47.9.201.45 - - [10/Jan/2020:09:53:49 +0000] "GET /static/images/8786.jpg HTTP/1.1" 200 10342 "https://nilekrator.pythonanywhere.com/college/2016/UG/EE" "Mozilla/5.0 (Linux; Android 9; SAMSUNG SM-J730GM) AppleWebKit/537.36 (KHTML, like Gecko) SamsungBrowser/10.2 Chrome/71.0.3578.99 Mobile Safari/537.36" "47.9.201.45" response-time=0.005
47.9.201.45 - - [10/Jan/2020:09:53:49 +0000] "GET /static/images/8724.jpg HTTP/1.1" 200 24653 "https://nilekrator.pythonanywhere.com/college/2016/UG/EE" "Mozilla/5.0 (Linux; Android 9; SAMSUNG SM-J730GM) AppleWebKit/537.36 (KHTML, like Gecko) SamsungBrowser/10.2 Chrome/71.0.3578.99 Mobile Safari/537.36" "47.9.201.45" response-time=0.006
47.9.201.45 - - [10/Jan/2020:09:53:52 +0000] "GET /static/images/8560.jpg HTTP/1.1" 200 15980 "https://nilekrator.pythonanywhere.com/college/2016/UG/EE" "Mozilla/5.0 (Linux; Android 9; SAMSUNG SM-J730GM) AppleWebKit/537.36 (KHTML, like Gecko) SamsungBrowser/10.2 Chrome/71.0.3578.99 Mobile Safari/537.36" "47.9.201.45" response-time=0.006
47.9.201.45 - - [10/Jan/2020:09:53:52 +0000] "GET /static/images/8867.jpg HTTP/1.1" 200 9948 "https://nilekrator.pythonanywhere.com/college/2016/UG/EE" "Mozilla/5.0 (Linux; Android 9; SAMSUNG SM-J730GM) AppleWebKit/537.36 (KHTML, like Gecko) SamsungBrowser/10.2 Chrome/71.0.3578.99 Mobile Safari/537.36" "47.9.201.45" response-time=0.005
47.9.201.45 - - [10/Jan/2020:09:53:52 +0000] "GET /static/images/8944.jpg HTTP/1.1" 200 10650 "https://nilekrator.pythonanywhere.com/college/2016/UG/EE" "Mozilla/5.0 (Linux; Android 9; SAMSUNG SM-J730GM) AppleWebKit/537.36 (KHTML, like Gecko) SamsungBrowser/10.2 Chrome/71.0.3578.99 Mobile Safari/537.36" "47.9.201.45" response-time=0.004
47.9.201.45 - - [10/Jan/2020:09:53:53 +0000] "GET /static/images/8834.jpg HTTP/1.1" 200 179201 "https://nilekrator.pythonanywhere.com/college/2016/UG/EE" "Mozilla/5.0 (Linux; Android 9; SAMSUNG SM-J730GM) AppleWebKit/537.36 (KHTML, like Gecko) SamsungBrowser/10.2 Chrome/71.0.3578.99 Mobile Safari/537.36" "47.9.201.45" response-time=0.016
47.9.201.45 - - [10/Jan/2020:09:53:56 +0000] "GET /static/images/8520.jpg HTTP/1.1" 200 9667 "https://nilekrator.pythonanywhere.com/college/2016/UG/EE" "Mozilla/5.0 (Linux; Android 9; SAMSUNG SM-J730GM) AppleWebKit/537.36 (KHTML, like Gecko) SamsungBrowser/10.2 Chrome/71.0.3578.99 Mobile Safari/537.36" "47.9.201.45" response-time=0.109
47.9.201.45 - - [10/Jan/2020:09:53:56 +0000] "GET /static/images/9065.jpg HTTP/1.1" 200 15852 "https://nilekrator.pythonanywhere.com/college/2016/UG/EE" "Mozilla/5.0 (Linux; Android 9; SAMSUNG SM-J730GM) AppleWebKit/537.36 (KHTML, like Gecko) SamsungBrowser/10.2 Chrome/71.0.3578.99 Mobile Safari/537.36" "47.9.201.45" response-time=0.059
47.9.201.45 - - [10/Jan/2020:09:53:57 +0000] "GET /static/images/8642.jpg HTTP/1.1" 200 15408 "https://nilekrator.pythonanywhere.com/college/2016/UG/EE" "Mozilla/5.0 (Linux; Android 9; SAMSUNG SM-J730GM) AppleWebKit/537.36 (KHTML, like Gecko) SamsungBrowser/10.2 Chrome/71.0.3578.99 Mobile Safari/537.36" "47.9.201.45" response-time=0.007
47.9.201.45 - - [10/Jan/2020:09:53:57 +0000] "GET /static/images/8535.jpg HTTP/1.1" 200 21874 "https://nilekrator.pythonanywhere.com/college/2016/UG/EE" "Mozilla/5.0 (Linux; Android 9; SAMSUNG SM-J730GM) AppleWebKit/537.36 (KHTML, like Gecko) SamsungBrowser/10.2 Chrome/71.0.3578.99 Mobile Safari/537.36" "47.9.201.45" response-time=0.006
47.9.201.45 - - [10/Jan/2020:09:53:57 +0000] "GET /static/images/8670.jpg HTTP/1.1" 200 9035 "https://nilekrator.pythonanywhere.com/college/2016/UG/EE" "Mozilla/5.0 (Linux; Android 9; SAMSUNG SM-J730GM) AppleWebKit/537.36 (KHTML, like Gecko) SamsungBrowser/10.2 Chrome/71.0.3578.99 Mobile Safari/537.36" "47.9.201.45" response-time=0.006
47.9.201.45 - - [10/Jan/2020:09:53:57 +0000] "GET /static/images/8993.jpg HTTP/1.1" 200 9097 "https://nilekrator.pythonanywhere.com/college/2016/UG/EE" "Mozilla/5.0 (Linux; Android 9; SAMSUNG SM-J730GM) AppleWebKit/537.36 (KHTML, like Gecko) SamsungBrowser/10.2 Chrome/71.0.3578.99 Mobile Safari/537.36" "47.9.201.45" response-time=0.009
47.9.201.45 - - [10/Jan/2020:09:53:57 +0000] "GET /static/images/9099.jpg HTTP/1.1" 200 15970 "https://nilekrator.pythonanywhere.com/college/2016/UG/EE" "Mozilla/5.0 (Linux; Android 9; SAMSUNG SM-J730GM) AppleWebKit/537.36 (KHTML, like Gecko) SamsungBrowser/10.2 Chrome/71.0.3578.99 Mobile Safari/537.36" "47.9.201.45" response-time=0.006
47.9.201.45 - - [10/Jan/2020:09:54:00 +0000] "GET /static/images/8969.jpg HTTP/1.1" 200 10180 "https://nilekrator.pythonanywhere.com/college/2016/UG/EE" "Mozilla/5.0 (Linux; Android 9; SAMSUNG SM-J730GM) AppleWebKit/537.36 (KHTML, like Gecko) SamsungBrowser/10.2 Chrome/71.0.3578.99 Mobile Safari/537.36" "47.9.201.45" response-time=0.004
47.9.201.45 - - [10/Jan/2020:09:54:00 +0000] "GET /static/images/8783.jpg HTTP/1.1" 200 11110 "https://nilekrator.pythonanywhere.com/college/2016/UG/EE" "Mozilla/5.0 (Linux; Android 9; SAMSUNG SM-J730GM) AppleWebKit/537.36 (KHTML, like Gecko) SamsungBrowser/10.2 Chrome/71.0.3578.99 Mobile Safari/537.36" "47.9.201.45" response-time=0.005
