14.139.205.169 - - [10/Jan/2020:09:46:52 +0000] "GET /static/images/9625.jpg HTTP/1.1" 304 0 "https://nilekrator.pythonanywhere.com/rank?semester=3&method=sgpa" "Mozilla/5.0 (Linux; Android 10; Nokia 6.1 Plus) AppleWebKit/537.36 (KHTML, like Gecko) Chrome/79.0.3945.116 Mobile Safari/537.36" "14.139.205.169" response-time=0.006
14.139.205.169 - - [10/Jan/2020:09:46:52 +0000] "GET /static/images/9667.jpg HTTP/1.1" 304 0 "https://nilekrator.pythonanywhere.com/rank?semester=3&method=sgpa" "Mozilla/5.0 (Linux; Android 10; Nokia 6.1 Plus) AppleWebKit/537.36 (KHTML, like Gecko) Chrome/79.0.3945.116 Mobile Safari/537.36" "14.139.205.169" response-time=0.011
14.139.205.169 - - [10/Jan/2020:09:46:53 +0000] "GET /static/images/9669.jpg HTTP/1.1" 304 0 "https://nilekrator.pythonanywhere.com/rank?semester=3&method=sgpa" "Mozilla/5.0 (Linux; Android 10; Nokia 6.1 Plus) AppleWebKit/537.36 (KHTML, like Gecko) Chrome/79.0.3945.116 Mobile Safari/537.36" "14.139.205.169" response-time=0.016
14.139.205.169 - - [10/Jan/2020:09:46:53 +0000] "GET /static/images/10076.jpg HTTP/1.1" 304 0 "https://nilekrator.pythonanywhere.com/rank?semester=3&method=sgpa" "Mozilla/5.0 (Linux; Android 10; Nokia 6.1 Plus) AppleWebKit/537.36 (KHTML, like Gecko) Chrome/79.0.3945.116 Mobile Safari/537.36" "14.139.205.169" response-time=0.004
14.139.205.169 - - [10/Jan/2020:09:46:53 +0000] "GET /static/images/9701.jpg HTTP/1.1" 304 0 "https://nilekrator.pythonanywhere.com/rank?semester=3&method=sgpa" "Mozilla/5.0 (Linux; Android 10; Nokia 6.1 Plus) AppleWebKit/537.36 (KHTML, like Gecko) Chrome/79.0.3945.116 Mobile Safari/537.36" "14.139.205.169" response-time=0.004
14.139.205.169 - - [10/Jan/2020:09:46:53 +0000] "GET /static/images/9866.jpg HTTP/1.1" 304 0 "https://nilekrator.pythonanywhere.com/rank?semester=3&method=sgpa" "Mozilla/5.0 (Linux; Android 10; Nokia 6.1 Plus) AppleWebKit/537.36 (KHTML, like Gecko) Chrome/79.0.3945.116 Mobile Safari/537.36" "14.139.205.169" response-time=0.007
14.139.205.169 - - [10/Jan/2020:09:46:53 +0000] "GET /static/images/9678.jpg HTTP/1.1" 304 0 "https://nilekrator.pythonanywhere.com/rank?semester=3&method=sgpa" "Mozilla/5.0 (Linux; Android 10; Nokia 6.1 Plus) AppleWebKit/537.36 (KHTML, like Gecko) Chrome/79.0.3945.116 Mobile Safari/537.36" "14.139.205.169" response-time=0.006
14.139.205.169 - - [10/Jan/2020:09:46:53 +0000] "GET /static/images/9902.jpg HTTP/1.1" 304 0 "https://nilekrator.pythonanywhere.com/rank?semester=3&method=sgpa" "Mozilla/5.0 (Linux; Android 10; Nokia 6.1 Plus) AppleWebKit/537.36 (KHTML, like Gecko) Chrome/79.0.3945.116 Mobile Safari/537.36" "14.139.205.169" response-time=0.006
14.139.205.169 - - [10/Jan/2020:09:46:54 +0000] "GET /static/images/9973.jpg HTTP/1.1" 304 0 "https://nilekrator.pythonanywhere.com/rank?semester=3&method=sgpa" "Mozilla/5.0 (Linux; Android 10; Nokia 6.1 Plus) AppleWebKit/537.36 (KHTML, like Gecko) Chrome/79.0.3945.116 Mobile Safari/537.36" "14.139.205.169" response-time=0.004
122.252.250.253 - - [10/Jan/2020:09:46:54 +0000] "GET /static/fomantic/themes/default/assets/fonts/icons.woff2 HTTP/1.1" 200 40148 "https://nilekrator.pythonanywhere.com/static/fomantic/semantic.min.css" "Mozilla/5.0 (Linux; U; Android 9; en-in; Redmi Note 7 Pro Build/PKQ1.181203.001) AppleWebKit/537.36 (KHTML, like Gecko) Version/4.0 Chrome/71.0.3578.141 Mobile Safari/537.36 XiaoMi/MiuiBrowser/11.3.4-g" "122.252.250.253" response-time=0.011
14.139.205.169 - - [10/Jan/2020:09:46:54 +0000] "GET /static/images/10093.jpg HTTP/1.1" 200 7765 "https://nilekrator.pythonanywhere.com/rank?semester=3&method=sgpa" "Mozilla/5.0 (Linux; Android 10; Nokia 6.1 Plus) AppleWebKit/537.36 (KHTML, like Gecko) Chrome/79.0.3945.116 Mobile Safari/537.36" "14.139.205.169" response-time=0.005
14.139.205.169 - - [10/Jan/2020:09:46:54 +0000] "GET /static/images/9697.jpg HTTP/1.1" 304 0 "https://nilekrator.pythonanywhere.com/rank?semester=3&method=sgpa" "Mozilla/5.0 (Linux; Android 10; Nokia 6.1 Plus) AppleWebKit/537.36 (KHTML, like Gecko) Chrome/79.0.3945.116 Mobile Safari/537.36" "14.139.205.169" response-time=0.003
122.252.250.253 - - [10/Jan/2020:09:46:54 +0000] "GET /static/fomantic/themes/default/assets/fonts/outline-icons.woff2 HTTP/1.1" 200 12240 "https://nilekrator.pythonanywhere.com/static/fomantic/semantic.min.css" "Mozilla/5.0 (Linux; U; Android 9; en-in; Redmi Note 7 Pro Build/PKQ1.181203.001) AppleWebKit/537.36 (KHTML, like Gecko) Version/4.0 Chrome/71.0.3578.141 Mobile Safari/537.36 XiaoMi/MiuiBrowser/11.3.4-g" "122.252.250.253" response-time=0.007
14.139.205.169 - - [10/Jan/2020:09:46:54 +0000] "GET /static/images/12636.jpg HTTP/1.1" 200 7883 "https://nilekrator.pythonanywhere.com/?next=https%3A%2F%2Fnilekrator.pythonanywhere.com%2Frank" "Mozilla/5.0 (Linux; U; Android 9; en-in; Redmi Note 7 Pro Build/PKQ1.181203.001) AppleWebKit/537.36 (KHTML, like Gecko) Version/4.0 Chrome/71.0.3578.141 Mobile Safari/537.36 XiaoMi/MiuiBrowser/11.3.4-g" "14.139.205.169" response-time=0.006
122.252.250.253 - - [10/Jan/2020:09:46:54 +0000] "GET /static/images/placeholder.png HTTP/1.1" 200 833 "https://nilekrator.pythonanywhere.com/?next=https%3A%2F%2Fnilekrator.pythonanywhere.com%2Frank" "Mozilla/5.0 (Linux; U; Android 9; en-in; Redmi Note 7 Pro Build/PKQ1.181203.001) AppleWebKit/537.36 (KHTML, like Gecko) Version/4.0 Chrome/71.0.3578.141 Mobile Safari/537.36 XiaoMi/MiuiBrowser/11.3.4-g" "122.252.250.253" response-time=0.005
122.252.250.253 - - [10/Jan/2020:09:46:54 +0000] "GET /static/images/12681.jpg HTTP/1.1" 200 9398 "https://nilekrator.pythonanywhere.com/?next=https%3A%2F%2Fnilekrator.pythonanywhere.com%2Frank" "Mozilla/5.0 (Linux; U; Android 9; en-in; Redmi Note 7 Pro Build/PKQ1.181203.001) AppleWebKit/537.36 (KHTML, like Gecko) Version/4.0 Chrome/71.0.3578.141 Mobile Safari/537.36 XiaoMi/MiuiBrowser/11.3.4-g" "122.252.250.253" response-time=0.005
14.139.205.169 - - [10/Jan/2020:09:46:54 +0000] "GET /static/images/10082.jpg HTTP/1.1" 304 0 "https://nilekrator.pythonanywhere.com/rank?semester=3&method=sgpa" "Mozilla/5.0 (Linux; Android 10; Nokia 6.1 Plus) AppleWebKit/537.36 (KHTML, like Gecko) Chrome/79.0.3945.116 Mobile Safari/537.36" "14.139.205.169" response-time=0.007
14.139.205.169 - - [10/Jan/2020:09:46:55 +0000] "GET /static/images/9677.jpg HTTP/1.1" 304 0 "https://nilekrator.pythonanywhere.com/rank?semester=3&method=sgpa" "Mozilla/5.0 (Linux; Android 10; Nokia 6.1 Plus) AppleWebKit/537.36 (KHTML, like Gecko) Chrome/79.0.3945.116 Mobile Safari/537.36" "14.139.205.169" response-time=0.005
14.139.205.169 - - [10/Jan/2020:09:46:55 +0000] "GET /static/images/9951.jpg HTTP/1.1" 200 8846 "https://nilekrator.pythonanywhere.com/rank?semester=3&method=sgpa" "Mozilla/5.0 (Linux; Android 10; Nokia 6.1 Plus) AppleWebKit/537.36 (KHTML, like Gecko) Chrome/79.0.3945.116 Mobile Safari/537.36" "14.139.205.169" response-time=0.005
14.139.205.169 - - [10/Jan/2020:09:46:55 +0000] "GET /static/images/9626.jpg HTTP/1.1" 304 0 "https://nilekrator.pythonanywhere.com/rank?semester=3&method=sgpa" "Mozilla/5.0 (Linux; Android 10; Nokia 6.1 Plus) AppleWebKit/537.36 (KHTML, like Gecko) Chrome/79.0.3945.116 Mobile Safari/537.36" "14.139.205.169" response-time=0.003
14.139.205.169 - - [10/Jan/2020:09:46:55 +0000] "GET /static/images/9794.jpg HTTP/1.1" 304 0 "https://nilekrator.pythonanywhere.com/rank?semester=3&method=sgpa" "Mozilla/5.0 (Linux; Android 10; Nokia 6.1 Plus) AppleWebKit/537.36 (KHTML, like Gecko) Chrome/79.0.3945.116 Mobile Safari/537.36" "14.139.205.169" response-time=0.003
14.139.205.169 - - [10/Jan/2020:09:46:56 +0000] "GET /static/images/10087.jpg HTTP/1.1" 304 0 "https://nilekrator.pythonanywhere.com/rank?semester=3&method=sgpa" "Mozilla/5.0 (Linux; Android 10; Nokia 6.1 Plus) AppleWebKit/537.36 (KHTML, like Gecko) Chrome/79.0.3945.116 Mobile Safari/537.36" "14.139.205.169" response-time=0.004
14.139.205.169 - - [10/Jan/2020:09:46:56 +0000] "GET /static/images/10002.jpg HTTP/1.1" 304 0 "https://nilekrator.pythonanywhere.com/rank?semester=3&method=sgpa" "Mozilla/5.0 (Linux; Android 10; Nokia 6.1 Plus) AppleWebKit/537.36 (KHTML, like Gecko) Chrome/79.0.3945.116 Mobile Safari/537.36" "14.139.205.169" response-time=0.006
14.139.205.169 - - [10/Jan/2020:09:46:56 +0000] "GET /static/images/10074.jpg HTTP/1.1" 304 0 "https://nilekrator.pythonanywhere.com/rank?semester=3&method=sgpa" "Mozilla/5.0 (Linux; Android 10; Nokia 6.1 Plus) AppleWebKit/537.36 (KHTML, like Gecko) Chrome/79.0.3945.116 Mobile Safari/537.36" "14.139.205.169" response-time=0.003
14.139.205.169 - - [10/Jan/2020:09:46:56 +0000] "GET /static/images/9640.jpg HTTP/1.1" 304 0 "https://nilekrator.pythonanywhere.com/rank?semester=3&method=sgpa" "Mozilla/5.0 (Linux; Android 10; Nokia 6.1 Plus) AppleWebKit/537.36 (KHTML, like Gecko) Chrome/79.0.3945.116 Mobile Safari/537.36" "14.139.205.169" response-time=0.004
14.139.205.169 - - [10/Jan/2020:09:46:57 +0000] "GET /static/images/9629.jpg HTTP/1.1" 304 0 "https://nilekrator.pythonanywhere.com/rank?semester=3&method=sgpa" "Mozilla/5.0 (Linux; Android 10; Nokia 6.1 Plus) AppleWebKit/537.36 (KHTML, like Gecko) Chrome/79.0.3945.116 Mobile Safari/537.36" "14.139.205.169" response-time=0.003
14.139.205.169 - - [10/Jan/2020:09:46:57 +0000] "GET /static/images/9860.jpg HTTP/1.1" 304 0 "https://nilekrator.pythonanywhere.com/rank?semester=3&method=sgpa" "Mozilla/5.0 (Linux; Android 10; Nokia 6.1 Plus) AppleWebKit/537.36 (KHTML, like Gecko) Chrome/79.0.3945.116 Mobile Safari/537.36" "14.139.205.169" response-time=0.005
14.139.205.169 - - [10/Jan/2020:09:46:57 +0000] "GET /static/images/9636.jpg HTTP/1.1" 304 0 "https://nilekrator.pythonanywhere.com/rank?semester=3&method=sgpa" "Mozilla/5.0 (Linux; Android 10; Nokia 6.1 Plus) AppleWebKit/537.36 (KHTML, like Gecko) Chrome/79.0.3945.116 Mobile Safari/537.36" "14.139.205.169" response-time=0.004
14.139.205.169 - - [10/Jan/2020:09:46:58 +0000] "GET /static/images/10260.jpg HTTP/1.1" 200 7532 "https://nilekrator.pythonanywhere.com/rank?semester=3&method=sgpa" "Mozilla/5.0 (Linux; Android 10; Nokia 6.1 Plus) AppleWebKit/537.36 (KHTML, like Gecko) Chrome/79.0.3945.116 Mobile Safari/537.36" "14.139.205.169" response-time=0.004
14.139.205.169 - - [10/Jan/2020:09:46:58 +0000] "GET /static/images/9603.jpg HTTP/1.1" 304 0 "https://nilekrator.pythonanywhere.com/rank?semester=3&method=sgpa" "Mozilla/5.0 (Linux; Android 10; Nokia 6.1 Plus) AppleWebKit/537.36 (KHTML, like Gecko) Chrome/79.0.3945.116 Mobile Safari/537.36" "14.139.205.169" response-time=0.004
14.139.205.169 - - [10/Jan/2020:09:46:59 +0000] "GET /static/images/9980.jpg HTTP/1.1" 200 8526 "https://nilekrator.pythonanywhere.com/rank?semester=3&method=sgpa" "Mozilla/5.0 (Linux; Android 10; Nokia 6.1 Plus) AppleWebKit/537.36 (KHTML, like Gecko) Chrome/79.0.3945.116 Mobile Safari/537.36" "14.139.205.169" response-time=0.005
14.139.205.169 - - [10/Jan/2020:09:47:00 +0000] "GET /static/images/9885.jpg HTTP/1.1" 304 0 "https://nilekrator.pythonanywhere.com/rank?semester=3&method=sgpa" "Mozilla/5.0 (Linux; Android 10; Nokia 6.1 Plus) AppleWebKit/537.36 (KHTML, like Gecko) Chrome/79.0.3945.116 Mobile Safari/537.36" "14.139.205.169" response-time=0.004
14.139.205.169 - - [10/Jan/2020:09:47:00 +0000] "GET /static/images/9707.jpg HTTP/1.1" 304 0 "https://nilekrator.pythonanywhere.com/rank?semester=3&method=sgpa" "Mozilla/5.0 (Linux; Android 10; Nokia 6.1 Plus) AppleWebKit/537.36 (KHTML, like Gecko) Chrome/79.0.3945.116 Mobile Safari/537.36" "14.139.205.169" response-time=0.006
14.139.205.169 - - [10/Jan/2020:09:47:00 +0000] "GET /static/images/10280.jpg HTTP/1.1" 304 0 "https://nilekrator.pythonanywhere.com/rank?semester=3&method=sgpa" "Mozilla/5.0 (Linux; Android 10; Nokia 6.1 Plus) AppleWebKit/537.36 (KHTML, like Gecko) Chrome/79.0.3945.116 Mobile Safari/537.36" "14.139.205.169" response-time=0.004
14.139.205.169 - - [10/Jan/2020:09:47:01 +0000] "GET /static/images/10072.jpg HTTP/1.1" 200 9060 "https://nilekrator.pythonanywhere.com/rank?semester=3&method=sgpa" "Mozilla/5.0 (Linux; Android 10; Nokia 6.1 Plus) AppleWebKit/537.36 (KHTML, like Gecko) Chrome/79.0.3945.116 Mobile Safari/537.36" "14.139.205.169" response-time=0.005
14.139.205.169 - - [10/Jan/2020:09:47:01 +0000] "GET /static/images/10154.jpg HTTP/1.1" 200 21445 "https://nilekrator.pythonanywhere.com/rank?semester=3&method=sgpa" "Mozilla/5.0 (Linux; Android 10; Nokia 6.1 Plus) AppleWebKit/537.36 (KHTML, like Gecko) Chrome/79.0.3945.116 Mobile Safari/537.36" "14.139.205.169" response-time=0.006
14.139.205.169 - - [10/Jan/2020:09:47:02 +0000] "GET /static/images/9732.jpg HTTP/1.1" 200 7418 "https://nilekrator.pythonanywhere.com/rank?semester=3&method=sgpa" "Mozilla/5.0 (Linux; Android 10; Nokia 6.1 Plus) AppleWebKit/537.36 (KHTML, like Gecko) Chrome/79.0.3945.116 Mobile Safari/537.36" "14.139.205.169" response-time=0.006
47.9.201.45 - - [10/Jan/2020:09:47:02 +0000] "GET /static/images/9680.jpg HTTP/1.1" 200 9084 "https://nilekrator.pythonanywhere.com/college/2017/UG/EC" "Mozilla/5.0 (Linux; Android 9; SAMSUNG SM-J730GM) AppleWebKit/537.36 (KHTML, like Gecko) SamsungBrowser/10.2 Chrome/71.0.3578.99 Mobile Safari/537.36" "47.9.201.45" response-time=0.005
47.9.201.45 - - [10/Jan/2020:09:47:02 +0000] "GET /static/images/10103.jpg HTTP/1.1" 200 8966 "https://nilekrator.pythonanywhere.com/college/2017/UG/EC" "Mozilla/5.0 (Linux; Android 9; SAMSUNG SM-J730GM) AppleWebKit/537.36 (KHTML, like Gecko) SamsungBrowser/10.2 Chrome/71.0.3578.99 Mobile Safari/537.36" "47.9.201.45" response-time=0.005
14.139.205.169 - - [10/Jan/2020:09:47:02 +0000] "GET /static/images/10063.jpg HTTP/1.1" 304 0 "https://nilekrator.pythonanywhere.com/rank?semester=3&method=sgpa" "Mozilla/5.0 (Linux; Android 10; Nokia 6.1 Plus) AppleWebKit/537.36 (KHTML, like Gecko) Chrome/79.0.3945.116 Mobile Safari/537.36" "14.139.205.169" response-time=0.005
47.9.201.45 - - [10/Jan/2020:09:47:02 +0000] "GET /static/images/10059.jpg HTTP/1.1" 200 23806 "https://nilekrator.pythonanywhere.com/college/2017/UG/EC" "Mozilla/5.0 (Linux; Android 9; SAMSUNG SM-J730GM) AppleWebKit/537.36 (KHTML, like Gecko) SamsungBrowser/10.2 Chrome/71.0.3578.99 Mobile Safari/537.36" "47.9.201.45" response-time=0.006
47.9.201.45 - - [10/Jan/2020:09:47:03 +0000] "GET /static/images/9762.jpg HTTP/1.1" 200 19766 "https://nilekrator.pythonanywhere.com/college/2017/UG/EC" "Mozilla/5.0 (Linux; Android 9; SAMSUNG SM-J730GM) AppleWebKit/537.36 (KHTML, like Gecko) SamsungBrowser/10.2 Chrome/71.0.3578.99 Mobile Safari/537.36" "47.9.201.45" response-time=0.006
47.9.201.45 - - [10/Jan/2020:09:47:03 +0000] "GET /static/images/9633.jpg HTTP/1.1" 200 7789 "https://nilekrator.pythonanywhere.com/college/2017/UG/EC" "Mozilla/5.0 (Linux; Android 9; SAMSUNG SM-J730GM) AppleWebKit/537.36 (KHTML, like Gecko) SamsungBrowser/10.2 Chrome/71.0.3578.99 Mobile Safari/537.36" "47.9.201.45" response-time=0.004
14.139.205.169 - - [10/Jan/2020:09:47:03 +0000] "GET /static/images/9811.jpg HTTP/1.1" 304 0 "https://nilekrator.pythonanywhere.com/rank?semester=3&method=sgpa" "Mozilla/5.0 (Linux; Android 10; Nokia 6.1 Plus) AppleWebKit/537.36 (KHTML, like Gecko) Chrome/79.0.3945.116 Mobile Safari/537.36" "14.139.205.169" response-time=0.005
47.9.201.45 - - [10/Jan/2020:09:47:03 +0000] "GET /static/images/10267.jpg HTTP/1.1" 200 8032 "https://nilekrator.pythonanywhere.com/college/2017/UG/EC" "Mozilla/5.0 (Linux; Android 9; SAMSUNG SM-J730GM) AppleWebKit/537.36 (KHTML, like Gecko) SamsungBrowser/10.2 Chrome/71.0.3578.99 Mobile Safari/537.36" "47.9.201.45" response-time=0.007
14.139.205.169 - - [10/Jan/2020:09:47:03 +0000] "GET /static/images/9810.jpg HTTP/1.1" 200 8394 "https://nilekrator.pythonanywhere.com/rank?semester=3&method=sgpa" "Mozilla/5.0 (Linux; Android 10; Nokia 6.1 Plus) AppleWebKit/537.36 (KHTML, like Gecko) Chrome/79.0.3945.116 Mobile Safari/537.36" "14.139.205.169" response-time=0.007
14.139.205.169 - - [10/Jan/2020:09:47:03 +0000] "GET /static/images/10073.jpg HTTP/1.1" 304 0 "https://nilekrator.pythonanywhere.com/rank?semester=3&method=sgpa" "Mozilla/5.0 (Linux; Android 10; Nokia 6.1 Plus) AppleWebKit/537.36 (KHTML, like Gecko) Chrome/79.0.3945.116 Mobile Safari/537.36" "14.139.205.169" response-time=0.003
14.139.205.169 - - [10/Jan/2020:09:47:03 +0000] "GET /static/images/10112.jpg HTTP/1.1" 200 9425 "https://nilekrator.pythonanywhere.com/rank?semester=3&method=sgpa" "Mozilla/5.0 (Linux; Android 10; Nokia 6.1 Plus) AppleWebKit/537.36 (KHTML, like Gecko) Chrome/79.0.3945.116 Mobile Safari/537.36" "14.139.205.169" response-time=0.006
14.139.205.169 - - [10/Jan/2020:09:47:03 +0000] "GET /static/images/9605.jpg HTTP/1.1" 304 0 "https://nilekrator.pythonanywhere.com/rank?semester=3&method=sgpa" "Mozilla/5.0 (Linux; Android 10; Nokia 6.1 Plus) AppleWebKit/537.36 (KHTML, like Gecko) Chrome/79.0.3945.116 Mobile Safari/537.36" "14.139.205.169" response-time=0.003
14.139.205.169 - - [10/Jan/2020:09:47:04 +0000] "GET /static/images/9855.jpg HTTP/1.1" 304 0 "https://nilekrator.pythonanywhere.com/rank?semester=3&method=sgpa" "Mozilla/5.0 (Linux; Android 10; Nokia 6.1 Plus) AppleWebKit/537.36 (KHTML, like Gecko) Chrome/79.0.3945.116 Mobile Safari/537.36" "14.139.205.169" response-time=0.004
14.139.205.169 - - [10/Jan/2020:09:47:04 +0000] "GET /static/images/9754.jpg HTTP/1.1" 304 0 "https://nilekrator.pythonanywhere.com/rank?semester=3&method=sgpa" "Mozilla/5.0 (Linux; Android 10; Nokia 6.1 Plus) AppleWebKit/537.36 (KHTML, like Gecko) Chrome/79.0.3945.116 Mobile Safari/537.36" "14.139.205.169" response-time=0.004
14.139.205.169 - - [10/Jan/2020:09:47:05 +0000] "GET /static/images/10065.jpg HTTP/1.1" 304 0 "https://nilekrator.pythonanywhere.com/rank?semester=3&method=sgpa" "Mozilla/5.0 (Linux; Android 10; Nokia 6.1 Plus) AppleWebKit/537.36 (KHTML, like Gecko) Chrome/79.0.3945.116 Mobile Safari/537.36" "14.139.205.169" response-time=0.003
14.139.205.169 - - [10/Jan/2020:09:47:05 +0000] "GET /static/images/9703.jpg HTTP/1.1" 304 0 "https://nilekrator.pythonanywhere.com/rank?semester=3&method=sgpa" "Mozilla/5.0 (Linux; Android 10; Nokia 6.1 Plus) AppleWebKit/537.36 (KHTML, like Gecko) Chrome/79.0.3945.116 Mobile Safari/537.36" "14.139.205.169" response-time=0.004
14.139.205.169 - - [10/Jan/2020:09:47:06 +0000] "GET /static/images/9761.jpg HTTP/1.1" 304 0 "https://nilekrator.pythonanywhere.com/rank?semester=3&method=sgpa" "Mozilla/5.0 (Linux; Android 10; Nokia 6.1 Plus) AppleWebKit/537.36 (KHTML, like Gecko) Chrome/79.0.3945.116 Mobile Safari/537.36" "14.139.205.169" response-time=0.012
14.139.205.169 - - [10/Jan/2020:09:47:06 +0000] "GET /static/images/9714.jpg HTTP/1.1" 304 0 "https://nilekrator.pythonanywhere.com/rank?semester=3&method=sgpa" "Mozilla/5.0 (Linux; Android 10; Nokia 6.1 Plus) AppleWebKit/537.36 (KHTML, like Gecko) Chrome/79.0.3945.116 Mobile Safari/537.36" "14.139.205.169" response-time=0.004
14.139.205.169 - - [10/Jan/2020:09:47:06 +0000] "GET /static/images/10007.jpg HTTP/1.1" 304 0 "https://nilekrator.pythonanywhere.com/rank?semester=3&method=sgpa" "Mozilla/5.0 (Linux; Android 10; Nokia 6.1 Plus) AppleWebKit/537.36 (KHTML, like Gecko) Chrome/79.0.3945.116 Mobile Safari/537.36" "14.139.205.169" response-time=0.004
14.139.205.169 - - [10/Jan/2020:09:47:06 +0000] "GET /static/images/9687.jpg HTTP/1.1" 304 0 "https://nilekrator.pythonanywhere.com/rank?semester=3&method=sgpa" "Mozilla/5.0 (Linux; Android 10; Nokia 6.1 Plus) AppleWebKit/537.36 (KHTML, like Gecko) Chrome/79.0.3945.116 Mobile Safari/537.36" "14.139.205.169" response-time=0.007
14.139.205.169 - - [10/Jan/2020:09:47:06 +0000] "GET /static/images/10263.jpg HTTP/1.1" 304 0 "https://nilekrator.pythonanywhere.com/rank?semester=3&method=sgpa" "Mozilla/5.0 (Linux; Android 10; Nokia 6.1 Plus) AppleWebKit/537.36 (KHTML, like Gecko) Chrome/79.0.3945.116 Mobile Safari/537.36" "14.139.205.169" response-time=0.003
14.139.205.169 - - [10/Jan/2020:09:47:07 +0000] "GET /static/images/9863.jpg HTTP/1.1" 304 0 "https://nilekrator.pythonanywhere.com/rank?semester=3&method=sgpa" "Mozilla/5.0 (Linux; Android 10; Nokia 6.1 Plus) AppleWebKit/537.36 (KHTML, like Gecko) Chrome/79.0.3945.116 Mobile Safari/537.36" "14.139.205.169" response-time=0.005
14.139.205.169 - - [10/Jan/2020:09:47:07 +0000] "GET /static/images/9623.jpg HTTP/1.1" 304 0 "https://nilekrator.pythonanywhere.com/rank?semester=3&method=sgpa" "Mozilla/5.0 (Linux; Android 10; Nokia 6.1 Plus) AppleWebKit/537.36 (KHTML, like Gecko) Chrome/79.0.3945.116 Mobile Safari/537.36" "14.139.205.169" response-time=0.004
14.139.205.169 - - [10/Jan/2020:09:47:07 +0000] "GET /static/images/10041.jpg HTTP/1.1" 304 0 "https://nilekrator.pythonanywhere.com/rank?semester=3&method=sgpa" "Mozilla/5.0 (Linux; Android 10; Nokia 6.1 Plus) AppleWebKit/537.36 (KHTML, like Gecko) Chrome/79.0.3945.116 Mobile Safari/537.36" "14.139.205.169" response-time=0.004
14.139.205.169 - - [10/Jan/2020:09:47:07 +0000] "GET /static/images/9598.jpg HTTP/1.1" 304 0 "https://nilekrator.pythonanywhere.com/rank?semester=3&method=sgpa" "Mozilla/5.0 (Linux; Android 10; Nokia 6.1 Plus) AppleWebKit/537.36 (KHTML, like Gecko) Chrome/79.0.3945.116 Mobile Safari/537.36" "14.139.205.169" response-time=0.004
14.139.205.169 - - [10/Jan/2020:09:47:07 +0000] "GET /static/images/10306.jpg HTTP/1.1" 200 7907 "https://nilekrator.pythonanywhere.com/rank?semester=3&method=sgpa" "Mozilla/5.0 (Linux; Android 10; Nokia 6.1 Plus) AppleWebKit/537.36 (KHTML, like Gecko) Chrome/79.0.3945.116 Mobile Safari/537.36" "14.139.205.169" response-time=0.005
14.139.205.169 - - [10/Jan/2020:09:47:08 +0000] "GET /static/images/9839.jpg HTTP/1.1" 304 0 "https://nilekrator.pythonanywhere.com/rank?semester=3&method=sgpa" "Mozilla/5.0 (Linux; Android 10; Nokia 6.1 Plus) AppleWebKit/537.36 (KHTML, like Gecko) Chrome/79.0.3945.116 Mobile Safari/537.36" "14.139.205.169" response-time=0.007
14.139.205.169 - - [10/Jan/2020:09:47:08 +0000] "GET /static/images/9913.jpg HTTP/1.1" 304 0 "https://nilekrator.pythonanywhere.com/rank?semester=3&method=sgpa" "Mozilla/5.0 (Linux; Android 10; Nokia 6.1 Plus) AppleWebKit/537.36 (KHTML, like Gecko) Chrome/79.0.3945.116 Mobile Safari/537.36" "14.139.205.169" response-time=0.005
14.139.205.169 - - [10/Jan/2020:09:47:08 +0000] "GET /static/images/10109.jpg HTTP/1.1" 304 0 "https://nilekrator.pythonanywhere.com/rank?semester=3&method=sgpa" "Mozilla/5.0 (Linux; Android 10; Nokia 6.1 Plus) AppleWebKit/537.36 (KHTML, like Gecko) Chrome/79.0.3945.116 Mobile Safari/537.36" "14.139.205.169" response-time=0.005
47.9.201.45 - - [10/Jan/2020:09:47:08 +0000] "GET /static/images/9729.jpg HTTP/1.1" 200 7398 "https://nilekrator.pythonanywhere.com/college/2017/UG/EC" "Mozilla/5.0 (Linux; Android 9; SAMSUNG SM-J730GM) AppleWebKit/537.36 (KHTML, like Gecko) SamsungBrowser/10.2 Chrome/71.0.3578.99 Mobile Safari/537.36" "47.9.201.45" response-time=0.005
47.9.201.45 - - [10/Jan/2020:09:47:09 +0000] "GET /static/images/10116.jpg HTTP/1.1" 200 9303 "https://nilekrator.pythonanywhere.com/college/2017/UG/EC" "Mozilla/5.0 (Linux; Android 9; SAMSUNG SM-J730GM) AppleWebKit/537.36 (KHTML, like Gecko) SamsungBrowser/10.2 Chrome/71.0.3578.99 Mobile Safari/537.36" "47.9.201.45" response-time=0.005
47.9.201.45 - - [10/Jan/2020:09:47:09 +0000] "GET /static/images/9827.jpg HTTP/1.1" 200 10462 "https://nilekrator.pythonanywhere.com/college/2017/UG/EC" "Mozilla/5.0 (Linux; Android 9; SAMSUNG SM-J730GM) AppleWebKit/537.36 (KHTML, like Gecko) SamsungBrowser/10.2 Chrome/71.0.3578.99 Mobile Safari/537.36" "47.9.201.45" response-time=0.007
14.139.205.169 - - [10/Jan/2020:09:47:09 +0000] "GET /static/images/10086.jpg HTTP/1.1" 304 0 "https://nilekrator.pythonanywhere.com/rank?semester=3&method=sgpa" "Mozilla/5.0 (Linux; Android 10; Nokia 6.1 Plus) AppleWebKit/537.36 (KHTML, like Gecko) Chrome/79.0.3945.116 Mobile Safari/537.36" "14.139.205.169" response-time=0.005
47.9.201.45 - - [10/Jan/2020:09:47:09 +0000] "GET /static/images/9804.jpg HTTP/1.1" 200 19550 "https://nilekrator.pythonanywhere.com/college/2017/UG/EC" "Mozilla/5.0 (Linux; Android 9; SAMSUNG SM-J730GM) AppleWebKit/537.36 (KHTML, like Gecko) SamsungBrowser/10.2 Chrome/71.0.3578.99 Mobile Safari/537.36" "47.9.201.45" response-time=0.006
14.139.205.169 - - [10/Jan/2020:09:47:09 +0000] "GET /static/images/9613.jpg HTTP/1.1" 304 0 "https://nilekrator.pythonanywhere.com/rank?semester=3&method=sgpa" "Mozilla/5.0 (Linux; Android 10; Nokia 6.1 Plus) AppleWebKit/537.36 (KHTML, like Gecko) Chrome/79.0.3945.116 Mobile Safari/537.36" "14.139.205.169" response-time=0.004
14.139.205.169 - - [10/Jan/2020:09:47:10 +0000] "GET /static/images/9611.jpg HTTP/1.1" 304 0 "https://nilekrator.pythonanywhere.com/rank?semester=3&method=sgpa" "Mozilla/5.0 (Linux; Android 10; Nokia 6.1 Plus) AppleWebKit/537.36 (KHTML, like Gecko) Chrome/79.0.3945.116 Mobile Safari/537.36" "14.139.205.169" response-time=0.004
14.139.205.169 - - [10/Jan/2020:09:47:10 +0000] "GET /static/images/9662.jpg HTTP/1.1" 304 0 "https://nilekrator.pythonanywhere.com/rank?semester=3&method=sgpa" "Mozilla/5.0 (Linux; Android 10; Nokia 6.1 Plus) AppleWebKit/537.36 (KHTML, like Gecko) Chrome/79.0.3945.116 Mobile Safari/537.36" "14.139.205.169" response-time=0.004
14.139.205.169 - - [10/Jan/2020:09:47:11 +0000] "GET /static/images/10091.jpg HTTP/1.1" 304 0 "https://nilekrator.pythonanywhere.com/rank?semester=3&method=sgpa" "Mozilla/5.0 (Linux; Android 10; Nokia 6.1 Plus) AppleWebKit/537.36 (KHTML, like Gecko) Chrome/79.0.3945.116 Mobile Safari/537.36" "14.139.205.169" response-time=0.004
14.139.205.169 - - [10/Jan/2020:09:47:11 +0000] "GET /static/images/9793.jpg HTTP/1.1" 304 0 "https://nilekrator.pythonanywhere.com/rank?semester=3&method=sgpa" "Mozilla/5.0 (Linux; Android 10; Nokia 6.1 Plus) AppleWebKit/537.36 (KHTML, like Gecko) Chrome/79.0.3945.116 Mobile Safari/537.36" "14.139.205.169" response-time=0.003
14.139.205.169 - - [10/Jan/2020:09:47:13 +0000] "GET /static/images/9925.jpg HTTP/1.1" 304 0 "https://nilekrator.pythonanywhere.com/rank?semester=3&method=sgpa" "Mozilla/5.0 (Linux; Android 10; Nokia 6.1 Plus) AppleWebKit/537.36 (KHTML, like Gecko) Chrome/79.0.3945.116 Mobile Safari/537.36" "14.139.205.169" response-time=0.004
14.139.205.169 - - [10/Jan/2020:09:47:13 +0000] "GET /static/images/9741.jpg HTTP/1.1" 304 0 "https://nilekrator.pythonanywhere.com/rank?semester=3&method=sgpa" "Mozilla/5.0 (Linux; Android 10; Nokia 6.1 Plus) AppleWebKit/537.36 (KHTML, like Gecko) Chrome/79.0.3945.116 Mobile Safari/537.36" "14.139.205.169" response-time=0.004
14.139.205.169 - - [10/Jan/2020:09:47:13 +0000] "GET /static/images/9655.jpg HTTP/1.1" 304 0 "https://nilekrator.pythonanywhere.com/rank?semester=3&method=sgpa" "Mozilla/5.0 (Linux; Android 10; Nokia 6.1 Plus) AppleWebKit/537.36 (KHTML, like Gecko) Chrome/79.0.3945.116 Mobile Safari/537.36" "14.139.205.169" response-time=0.004
14.139.205.169 - - [10/Jan/2020:09:47:13 +0000] "GET /static/images/9813.jpg HTTP/1.1" 304 0 "https://nilekrator.pythonanywhere.com/rank?semester=3&method=sgpa" "Mozilla/5.0 (Linux; Android 10; Nokia 6.1 Plus) AppleWebKit/537.36 (KHTML, like Gecko) Chrome/79.0.3945.116 Mobile Safari/537.36" "14.139.205.169" response-time=0.004
14.139.205.169 - - [10/Jan/2020:09:47:13 +0000] "GET /static/images/9591.jpg HTTP/1.1" 304 0 "https://nilekrator.pythonanywhere.com/rank?semester=3&method=sgpa" "Mozilla/5.0 (Linux; Android 10; Nokia 6.1 Plus) AppleWebKit/537.36 (KHTML, like Gecko) Chrome/79.0.3945.116 Mobile Safari/537.36" "14.139.205.169" response-time=0.004
14.139.205.169 - - [10/Jan/2020:09:47:13 +0000] "GET /static/images/9884.jpg HTTP/1.1" 304 0 "https://nilekrator.pythonanywhere.com/rank?semester=3&method=sgpa" "Mozilla/5.0 (Linux; Android 10; Nokia 6.1 Plus) AppleWebKit/537.36 (KHTML, like Gecko) Chrome/79.0.3945.116 Mobile Safari/537.36" "14.139.205.169" response-time=0.004
14.139.205.169 - - [10/Jan/2020:09:47:14 +0000] "GET /static/images/9849.jpg HTTP/1.1" 304 0 "https://nilekrator.pythonanywhere.com/rank?semester=3&method=sgpa" "Mozilla/5.0 (Linux; Android 10; Nokia 6.1 Plus) AppleWebKit/537.36 (KHTML, like Gecko) Chrome/79.0.3945.116 Mobile Safari/537.36" "14.139.205.169" response-time=0.006
47.9.201.45 - - [10/Jan/2020:09:47:14 +0000] "GET /static/images/9581.jpg HTTP/1.1" 200 7698 "https://nilekrator.pythonanywhere.com/college/2017/UG/EC" "Mozilla/5.0 (Linux; Android 9; SAMSUNG SM-J730GM) AppleWebKit/537.36 (KHTML, like Gecko) SamsungBrowser/10.2 Chrome/71.0.3578.99 Mobile Safari/537.36" "47.9.201.45" response-time=0.006
14.139.205.169 - - [10/Jan/2020:09:47:18 +0000] "GET /rank?semester=2&method=sgpa HTTP/1.1" 200 7436 "https://nilekrator.pythonanywhere.com/rank?semester=3&method=sgpa" "Mozilla/5.0 (Linux; Android 10; Nokia 6.1 Plus) AppleWebKit/537.36 (KHTML, like Gecko) Chrome/79.0.3945.116 Mobile Safari/537.36" "14.139.205.169" response-time=0.069
47.9.201.45 - - [10/Jan/2020:09:47:20 +0000] "GET /college/2016 HTTP/1.1" 200 4695 "https://nilekrator.pythonanywhere.com/college/" "Mozilla/5.0 (Linux; Android 9; SAMSUNG SM-J730GM) AppleWebKit/537.36 (KHTML, like Gecko) SamsungBrowser/10.2 Chrome/71.0.3578.99 Mobile Safari/537.36" "47.9.201.45" response-time=0.042
14.139.205.169 - - [10/Jan/2020:09:47:20 +0000] "GET /static/files/student/rank.min.js?ver=770585 HTTP/1.1" 200 35 "https://nilekrator.pythonanywhere.com/rank?semester=2&method=sgpa" "Mozilla/5.0 (Linux; Android 10; Nokia 6.1 Plus) AppleWebKit/537.36 (KHTML, like Gecko) Chrome/79.0.3945.116 Mobile Safari/537.36" "14.139.205.169" response-time=0.004
122.252.250.253 - - [10/Jan/2020:09:47:23 +0000] "POST / HTTP/1.1" 200 72 "https://nilekrator.pythonanywhere.com/?next=https%3A%2F%2Fnilekrator.pythonanywhere.com%2Frank" "Mozilla/5.0 (Linux; U; Android 9; en-in; Redmi Note 7 Pro Build/PKQ1.181203.001) AppleWebKit/537.36 (KHTML, like Gecko) Version/4.0 Chrome/71.0.3578.141 Mobile Safari/537.36 XiaoMi/MiuiBrowser/11.3.4-g" "122.252.250.253" response-time=0.017
122.252.250.253 - - [10/Jan/2020:09:47:24 +0000] "GET /rank HTTP/1.1" 200 7555 "https://nilekrator.pythonanywhere.com/?next=https%3A%2F%2Fnilekrator.pythonanywhere.com%2Frank" "Mozilla/5.0 (Linux; U; Android 9; en-in; Redmi Note 7 Pro Build/PKQ1.181203.001) AppleWebKit/537.36 (KHTML, like Gecko) Version/4.0 Chrome/71.0.3578.141 Mobile Safari/537.36 XiaoMi/MiuiBrowser/11.3.4-g" "122.252.250.253" response-time=0.045
122.252.250.253 - - [10/Jan/2020:09:47:24 +0000] "GET /static/fomantic/charts/chart.min.js HTTP/1.1" 200 48088 "https://nilekrator.pythonanywhere.com/rank" "Mozilla/5.0 (Linux; U; Android 9; en-in; Redmi Note 7 Pro Build/PKQ1.181203.001) AppleWebKit/537.36 (KHTML, like Gecko) Version/4.0 Chrome/71.0.3578.141 Mobile Safari/537.36 XiaoMi/MiuiBrowser/11.3.4-g" "122.252.250.253" response-time=0.006
122.252.250.253 - - [10/Jan/2020:09:47:24 +0000] "GET /static/fomantic/charts/chart.bundle.min.js HTTP/1.1" 200 64707 "https://nilekrator.pythonanywhere.com/rank" "Mozilla/5.0 (Linux; U; Android 9; en-in; Redmi Note 7 Pro Build/PKQ1.181203.001) AppleWebKit/537.36 (KHTML, like Gecko) Version/4.0 Chrome/71.0.3578.141 Mobile Safari/537.36 XiaoMi/MiuiBrowser/11.3.4-g" "122.252.250.253" response-time=0.019
122.252.250.253 - - [10/Jan/2020:09:47:25 +0000] "GET /static/files/student/rank.min.js?ver=90883 HTTP/1.1" 200 35 "https://nilekrator.pythonanywhere.com/rank" "Mozilla/5.0 (Linux; U; Android 9; en-in; Redmi Note 7 Pro Build/PKQ1.181203.001) AppleWebKit/537.36 (KHTML, like Gecko) Version/4.0 Chrome/71.0.3578.141 Mobile Safari/537.36 XiaoMi/MiuiBrowser/11.3.4-g" "122.252.250.253" response-time=0.006
47.9.201.45 - - [10/Jan/2020:09:47:25 +0000] "GET /college/2016/UG/CS HTTP/1.1" 200 6729 "https://nilekrator.pythonanywhere.com/college/2016" "Mozilla/5.0 (Linux; Android 9; SAMSUNG SM-J730GM) AppleWebKit/537.36 (KHTML, like Gecko) SamsungBrowser/10.2 Chrome/71.0.3578.99 Mobile Safari/537.36" "47.9.201.45" response-time=0.037
47.9.201.45 - - [10/Jan/2020:09:47:27 +0000] "GET /static/images/8954.jpg HTTP/1.1" 200 8534 "https://nilekrator.pythonanywhere.com/college/2016/UG/CS" "Mozilla/5.0 (Linux; Android 9; SAMSUNG SM-J730GM) AppleWebKit/537.36 (KHTML, like Gecko) SamsungBrowser/10.2 Chrome/71.0.3578.99 Mobile Safari/537.36" "47.9.201.45" response-time=0.005
47.9.201.45 - - [10/Jan/2020:09:47:27 +0000] "GET /static/images/8732.jpg HTTP/1.1" 200 9613 "https://nilekrator.pythonanywhere.com/college/2016/UG/CS" "Mozilla/5.0 (Linux; Android 9; SAMSUNG SM-J730GM) AppleWebKit/537.36 (KHTML, like Gecko) SamsungBrowser/10.2 Chrome/71.0.3578.99 Mobile Safari/537.36" "47.9.201.45" response-time=0.006
47.9.201.45 - - [10/Jan/2020:09:47:27 +0000] "GET /static/images/8838.jpg HTTP/1.1" 200 8148 "https://nilekrator.pythonanywhere.com/college/2016/UG/CS" "Mozilla/5.0 (Linux; Android 9; SAMSUNG SM-J730GM) AppleWebKit/537.36 (KHTML, like Gecko) SamsungBrowser/10.2 Chrome/71.0.3578.99 Mobile Safari/537.36" "47.9.201.45" response-time=0.005
47.9.201.45 - - [10/Jan/2020:09:47:27 +0000] "GET /static/images/8567.jpg HTTP/1.1" 200 15872 "https://nilekrator.pythonanywhere.com/college/2016/UG/CS" "Mozilla/5.0 (Linux; Android 9; SAMSUNG SM-J730GM) AppleWebKit/537.36 (KHTML, like Gecko) SamsungBrowser/10.2 Chrome/71.0.3578.99 Mobile Safari/537.36" "47.9.201.45" response-time=0.008
47.9.201.45 - - [10/Jan/2020:09:47:27 +0000] "GET /static/images/8994.jpg HTTP/1.1" 200 24946 "https://nilekrator.pythonanywhere.com/college/2016/UG/CS" "Mozilla/5.0 (Linux; Android 9; SAMSUNG SM-J730GM) AppleWebKit/537.36 (KHTML, like Gecko) SamsungBrowser/10.2 Chrome/71.0.3578.99 Mobile Safari/537.36" "47.9.201.45" response-time=0.011
47.9.201.45 - - [10/Jan/2020:09:47:28 +0000] "GET /static/images/8735.jpg HTTP/1.1" 200 9604 "https://nilekrator.pythonanywhere.com/college/2016/UG/CS" "Mozilla/5.0 (Linux; Android 9; SAMSUNG SM-J730GM) AppleWebKit/537.36 (KHTML, like Gecko) SamsungBrowser/10.2 Chrome/71.0.3578.99 Mobile Safari/537.36" "47.9.201.45" response-time=0.007
14.139.205.169 - - [10/Jan/2020:09:47:28 +0000] "GET /static/images/11225.jpg HTTP/1.1" 200 8635 "https://nilekrator.pythonanywhere.com/rank" "Mozilla/5.0 (Linux; U; Android 9; en-in; Redmi Note 7 Pro Build/PKQ1.181203.001) AppleWebKit/537.36 (KHTML, like Gecko) Version/4.0 Chrome/71.0.3578.141 Mobile Safari/537.36 XiaoMi/MiuiBrowser/11.3.4-g" "14.139.205.169" response-time=0.006
122.252.250.253 - - [10/Jan/2020:09:47:28 +0000] "GET /static/images/10865.jpg HTTP/1.1" 200 8763 "https://nilekrator.pythonanywhere.com/rank" "Mozilla/5.0 (Linux; U; Android 9; en-in; Redmi Note 7 Pro Build/PKQ1.181203.001) AppleWebKit/537.36 (KHTML, like Gecko) Version/4.0 Chrome/71.0.3578.141 Mobile Safari/537.36 XiaoMi/MiuiBrowser/11.3.4-g" "122.252.250.253" response-time=0.008
122.252.250.253 - - [10/Jan/2020:09:47:28 +0000] "GET /static/images/11240.jpg HTTP/1.1" 200 23372 "https://nilekrator.pythonanywhere.com/rank" "Mozilla/5.0 (Linux; U; Android 9; en-in; Redmi Note 7 Pro Build/PKQ1.181203.001) AppleWebKit/537.36 (KHTML, like Gecko) Version/4.0 Chrome/71.0.3578.141 Mobile Safari/537.36 XiaoMi/MiuiBrowser/11.3.4-g" "122.252.250.253" response-time=0.008
122.252.250.253 - - [10/Jan/2020:09:47:28 +0000] "GET /static/images/11166.jpg HTTP/1.1" 200 24536 "https://nilekrator.pythonanywhere.com/rank" "Mozilla/5.0 (Linux; U; Android 9; en-in; Redmi Note 7 Pro Build/PKQ1.181203.001) AppleWebKit/537.36 (KHTML, like Gecko) Version/4.0 Chrome/71.0.3578.141 Mobile Safari/537.36 XiaoMi/MiuiBrowser/11.3.4-g" "122.252.250.253" response-time=0.006
122.252.250.253 - - [10/Jan/2020:09:47:28 +0000] "GET /static/images/11436.jpg HTTP/1.1" 200 25970 "https://nilekrator.pythonanywhere.com/rank" "Mozilla/5.0 (Linux; U; Android 9; en-in; Redmi Note 7 Pro Build/PKQ1.181203.001) AppleWebKit/537.36 (KHTML, like Gecko) Version/4.0 Chrome/71.0.3578.141 Mobile Safari/537.36 XiaoMi/MiuiBrowser/11.3.4-g" "122.252.250.253" response-time=0.018
14.139.205.169 - - [10/Jan/2020:09:47:28 +0000] "GET /static/images/10746.jpg HTTP/1.1" 200 26065 "https://nilekrator.pythonanywhere.com/rank" "Mozilla/5.0 (Linux; U; Android 9; en-in; Redmi Note 7 Pro Build/PKQ1.181203.001) AppleWebKit/537.36 (KHTML, like Gecko) Version/4.0 Chrome/71.0.3578.141 Mobile Safari/537.36 XiaoMi/MiuiBrowser/11.3.4-g" "14.139.205.169" response-time=0.007
122.252.250.253 - - [10/Jan/2020:09:47:32 +0000] "GET /static/images/11438.jpg HTTP/1.1" 200 9234 "https://nilekrator.pythonanywhere.com/rank" "Mozilla/5.0 (Linux; U; Android 9; en-in; Redmi Note 7 Pro Build/PKQ1.181203.001) AppleWebKit/537.36 (KHTML, like Gecko) Version/4.0 Chrome/71.0.3578.141 Mobile Safari/537.36 XiaoMi/MiuiBrowser/11.3.4-g" "122.252.250.253" response-time=0.007
122.252.250.253 - - [10/Jan/2020:09:47:32 +0000] "GET /static/images/11432.jpg HTTP/1.1" 200 8922 "https://nilekrator.pythonanywhere.com/rank" "Mozilla/5.0 (Linux; U; Android 9; en-in; Redmi Note 7 Pro Build/PKQ1.181203.001) AppleWebKit/537.36 (KHTML, like Gecko) Version/4.0 Chrome/71.0.3578.141 Mobile Safari/537.36 XiaoMi/MiuiBrowser/11.3.4-g" "122.252.250.253" response-time=0.007
47.9.201.45 - - [10/Jan/2020:09:47:32 +0000] "GET /static/images/8828.jpg HTTP/1.1" 200 8652 "https://nilekrator.pythonanywhere.com/college/2016/UG/CS" "Mozilla/5.0 (Linux; Android 9; SAMSUNG SM-J730GM) AppleWebKit/537.36 (KHTML, like Gecko) SamsungBrowser/10.2 Chrome/71.0.3578.99 Mobile Safari/537.36" "47.9.201.45" response-time=0.005
47.9.201.45 - - [10/Jan/2020:09:47:33 +0000] "GET /static/images/8945.jpg HTTP/1.1" 200 9945 "https://nilekrator.pythonanywhere.com/college/2016/UG/CS" "Mozilla/5.0 (Linux; Android 9; SAMSUNG SM-J730GM) AppleWebKit/537.36 (KHTML, like Gecko) SamsungBrowser/10.2 Chrome/71.0.3578.99 Mobile Safari/537.36" "47.9.201.45" response-time=0.009
122.252.250.253 - - [10/Jan/2020:09:47:33 +0000] "GET /static/images/11487.jpg HTTP/1.1" 200 9585 "https://nilekrator.pythonanywhere.com/rank" "Mozilla/5.0 (Linux; U; Android 9; en-in; Redmi Note 7 Pro Build/PKQ1.181203.001) AppleWebKit/537.36 (KHTML, like Gecko) Version/4.0 Chrome/71.0.3578.141 Mobile Safari/537.36 XiaoMi/MiuiBrowser/11.3.4-g" "122.252.250.253" response-time=0.009
122.252.250.253 - - [10/Jan/2020:09:47:33 +0000] "GET /static/images/11461.jpg HTTP/1.1" 200 9433 "https://nilekrator.pythonanywhere.com/rank" "Mozilla/5.0 (Linux; U; Android 9; en-in; Redmi Note 7 Pro Build/PKQ1.181203.001) AppleWebKit/537.36 (KHTML, like Gecko) Version/4.0 Chrome/71.0.3578.141 Mobile Safari/537.36 XiaoMi/MiuiBrowser/11.3.4-g" "122.252.250.253" response-time=0.108
122.252.250.253 - - [10/Jan/2020:09:47:34 +0000] "GET /static/images/11097.jpg HTTP/1.1" 200 10315 "https://nilekrator.pythonanywhere.com/rank" "Mozilla/5.0 (Linux; U; Android 9; en-in; Redmi Note 7 Pro Build/PKQ1.181203.001) AppleWebKit/537.36 (KHTML, like Gecko) Version/4.0 Chrome/71.0.3578.141 Mobile Safari/537.36 XiaoMi/MiuiBrowser/11.3.4-g" "122.252.250.253" response-time=0.121
122.252.250.253 - - [10/Jan/2020:09:47:35 +0000] "GET /static/images/10928.jpg HTTP/1.1" 200 9468 "https://nilekrator.pythonanywhere.com/rank" "Mozilla/5.0 (Linux; U; Android 9; en-in; Redmi Note 7 Pro Build/PKQ1.181203.001) AppleWebKit/537.36 (KHTML, like Gecko) Version/4.0 Chrome/71.0.3578.141 Mobile Safari/537.36 XiaoMi/MiuiBrowser/11.3.4-g" "122.252.250.253" response-time=0.007
122.252.250.253 - - [10/Jan/2020:09:47:35 +0000] "GET /static/images/11437.jpg HTTP/1.1" 200 12123 "https://nilekrator.pythonanywhere.com/rank" "Mozilla/5.0 (Linux; U; Android 9; en-in; Redmi Note 7 Pro Build/PKQ1.181203.001) AppleWebKit/537.36 (KHTML, like Gecko) Version/4.0 Chrome/71.0.3578.141 Mobile Safari/537.36 XiaoMi/MiuiBrowser/11.3.4-g" "122.252.250.253" response-time=0.006
47.9.201.45 - - [10/Jan/2020:09:47:35 +0000] "GET /static/images/8847.jpg HTTP/1.1" 200 127040 "https://nilekrator.pythonanywhere.com/college/2016/UG/CS" "Mozilla/5.0 (Linux; Android 9; SAMSUNG SM-J730GM) AppleWebKit/537.36 (KHTML, like Gecko) SamsungBrowser/10.2 Chrome/71.0.3578.99 Mobile Safari/537.36" "47.9.201.45" response-time=0.012
47.9.201.45 - - [10/Jan/2020:09:47:35 +0000] "GET /static/images/8556.jpg HTTP/1.1" 200 10235 "https://nilekrator.pythonanywhere.com/college/2016/UG/CS" "Mozilla/5.0 (Linux; Android 9; SAMSUNG SM-J730GM) AppleWebKit/537.36 (KHTML, like Gecko) SamsungBrowser/10.2 Chrome/71.0.3578.99 Mobile Safari/537.36" "47.9.201.45" response-time=0.009
47.9.201.45 - - [10/Jan/2020:09:47:35 +0000] "GET /static/images/8562.jpg HTTP/1.1" 200 16060 "https://nilekrator.pythonanywhere.com/college/2016/UG/CS" "Mozilla/5.0 (Linux; Android 9; SAMSUNG SM-J730GM) AppleWebKit/537.36 (KHTML, like Gecko) SamsungBrowser/10.2 Chrome/71.0.3578.99 Mobile Safari/537.36" "47.9.201.45" response-time=0.019
47.9.201.45 - - [10/Jan/2020:09:47:35 +0000] "GET /static/images/8641.jpg HTTP/1.1" 200 15650 "https://nilekrator.pythonanywhere.com/college/2016/UG/CS" "Mozilla/5.0 (Linux; Android 9; SAMSUNG SM-J730GM) AppleWebKit/537.36 (KHTML, like Gecko) SamsungBrowser/10.2 Chrome/71.0.3578.99 Mobile Safari/537.36" "47.9.201.45" response-time=0.006
47.9.201.45 - - [10/Jan/2020:09:47:36 +0000] "GET /static/images/8640.jpg HTTP/1.1" 200 16305 "https://nilekrator.pythonanywhere.com/college/2016/UG/CS" "Mozilla/5.0 (Linux; Android 9; SAMSUNG SM-J730GM) AppleWebKit/537.36 (KHTML, like Gecko) SamsungBrowser/10.2 Chrome/71.0.3578.99 Mobile Safari/537.36" "47.9.201.45" response-time=0.119
122.252.250.253 - - [10/Jan/2020:09:47:36 +0000] "GET /static/images/10803.jpg HTTP/1.1" 200 8686 "https://nilekrator.pythonanywhere.com/rank" "Mozilla/5.0 (Linux; U; Android 9; en-in; Redmi Note 7 Pro Build/PKQ1.181203.001) AppleWebKit/537.36 (KHTML, like Gecko) Version/4.0 Chrome/71.0.3578.141 Mobile Safari/537.36 XiaoMi/MiuiBrowser/11.3.4-g" "122.252.250.253" response-time=0.106
122.252.250.253 - - [10/Jan/2020:09:47:37 +0000] "GET /static/images/10885.jpg HTTP/1.1" 200 24373 "https://nilekrator.pythonanywhere.com/rank" "Mozilla/5.0 (Linux; U; Android 9; en-in; Redmi Note 7 Pro Build/PKQ1.181203.001) AppleWebKit/537.36 (KHTML, like Gecko) Version/4.0 Chrome/71.0.3578.141 Mobile Safari/537.36 XiaoMi/MiuiBrowser/11.3.4-g" "122.252.250.253" response-time=0.133
122.252.250.253 - - [10/Jan/2020:09:47:42 +0000] "GET /static/images/11479.jpg HTTP/1.1" 200 9740 "https://nilekrator.pythonanywhere.com/rank" "Mozilla/5.0 (Linux; U; Android 9; en-in; Redmi Note 7 Pro Build/PKQ1.181203.001) AppleWebKit/537.36 (KHTML, like Gecko) Version/4.0 Chrome/71.0.3578.141 Mobile Safari/537.36 XiaoMi/MiuiBrowser/11.3.4-g" "122.252.250.253" response-time=0.050
122.252.250.253 - - [10/Jan/2020:09:47:42 +0000] "GET /static/images/11393.jpg HTTP/1.1" 200 9436 "https://nilekrator.pythonanywhere.com/rank" "Mozilla/5.0 (Linux; U; Android 9; en-in; Redmi Note 7 Pro Build/PKQ1.181203.001) AppleWebKit/537.36 (KHTML, like Gecko) Version/4.0 Chrome/71.0.3578.141 Mobile Safari/537.36 XiaoMi/MiuiBrowser/11.3.4-g" "122.252.250.253" response-time=0.006
122.252.250.253 - - [10/Jan/2020:09:47:43 +0000] "GET /static/images/11517.jpg HTTP/1.1" 200 18337 "https://nilekrator.pythonanywhere.com/rank" "Mozilla/5.0 (Linux; U; Android 9; en-in; Redmi Note 7 Pro Build/PKQ1.181203.001) AppleWebKit/537.36 (KHTML, like Gecko) Version/4.0 Chrome/71.0.3578.141 Mobile Safari/537.36 XiaoMi/MiuiBrowser/11.3.4-g" "122.252.250.253" response-time=0.006
122.252.250.253 - - [10/Jan/2020:09:47:45 +0000] "GET /static/images/10827.jpg HTTP/1.1" 200 9959 "https://nilekrator.pythonanywhere.com/rank" "Mozilla/5.0 (Linux; U; Android 9; en-in; Redmi Note 7 Pro Build/PKQ1.181203.001) AppleWebKit/537.36 (KHTML, like Gecko) Version/4.0 Chrome/71.0.3578.141 Mobile Safari/537.36 XiaoMi/MiuiBrowser/11.3.4-g" "122.252.250.253" response-time=0.007
47.9.201.45 - - [10/Jan/2020:09:47:45 +0000] "GET /static/images/8940.jpg HTTP/1.1" 200 8883 "https://nilekrator.pythonanywhere.com/college/2016/UG/CS" "Mozilla/5.0 (Linux; Android 9; SAMSUNG SM-J730GM) AppleWebKit/537.36 (KHTML, like Gecko) SamsungBrowser/10.2 Chrome/71.0.3578.99 Mobile Safari/537.36" "47.9.201.45" response-time=0.015
47.9.201.45 - - [10/Jan/2020:09:47:48 +0000] "GET /static/images/8702.jpg HTTP/1.1" 200 9819 "https://nilekrator.pythonanywhere.com/college/2016/UG/CS" "Mozilla/5.0 (Linux; Android 9; SAMSUNG SM-J730GM) AppleWebKit/537.36 (KHTML, like Gecko) SamsungBrowser/10.2 Chrome/71.0.3578.99 Mobile Safari/537.36" "47.9.201.45" response-time=0.010
47.9.201.45 - - [10/Jan/2020:09:47:48 +0000] "GET /static/images/8802.jpg HTTP/1.1" 200 9504 "https://nilekrator.pythonanywhere.com/college/2016/UG/CS" "Mozilla/5.0 (Linux; Android 9; SAMSUNG SM-J730GM) AppleWebKit/537.36 (KHTML, like Gecko) SamsungBrowser/10.2 Chrome/71.0.3578.99 Mobile Safari/537.36" "47.9.201.45" response-time=0.006
14.139.205.169 - - [10/Jan/2020:09:47:51 +0000] "GET /rank?semester=1&method=sgpa HTTP/1.1" 200 7457 "https://nilekrator.pythonanywhere.com/rank?semester=2&method=sgpa" "Mozilla/5.0 (Linux; Android 10; Nokia 6.1 Plus) AppleWebKit/537.36 (KHTML, like Gecko) Chrome/79.0.3945.116 Mobile Safari/537.36" "14.139.205.169" response-time=0.135
14.139.205.169 - - [10/Jan/2020:09:47:53 +0000] "GET /static/files/student/rank.min.js?ver=943922 HTTP/1.1" 200 35 "https://nilekrator.pythonanywhere.com/rank?semester=1&method=sgpa" "Mozilla/5.0 (Linux; Android 10; Nokia 6.1 Plus) AppleWebKit/537.36 (KHTML, like Gecko) Chrome/79.0.3945.116 Mobile Safari/537.36" "14.139.205.169" response-time=0.009
47.9.201.45 - - [10/Jan/2020:09:47:54 +0000] "GET /static/images/8650.jpg HTTP/1.1" 200 14857 "https://nilekrator.pythonanywhere.com/college/2016/UG/CS" "Mozilla/5.0 (Linux; Android 9; SAMSUNG SM-J730GM) AppleWebKit/537.36 (KHTML, like Gecko) SamsungBrowser/10.2 Chrome/71.0.3578.99 Mobile Safari/537.36" "47.9.201.45" response-time=0.006
47.9.201.45 - - [10/Jan/2020:09:47:54 +0000] "GET /static/images/8943.jpg HTTP/1.1" 200 9003 "https://nilekrator.pythonanywhere.com/college/2016/UG/CS" "Mozilla/5.0 (Linux; Android 9; SAMSUNG SM-J730GM) AppleWebKit/537.36 (KHTML, like Gecko) SamsungBrowser/10.2 Chrome/71.0.3578.99 Mobile Safari/537.36" "47.9.201.45" response-time=0.008
47.9.201.45 - - [10/Jan/2020:09:47:54 +0000] "GET /static/images/8873.jpg HTTP/1.1" 200 9508 "https://nilekrator.pythonanywhere.com/college/2016/UG/CS" "Mozilla/5.0 (Linux; Android 9; SAMSUNG SM-J730GM) AppleWebKit/537.36 (KHTML, like Gecko) SamsungBrowser/10.2 Chrome/71.0.3578.99 Mobile Safari/537.36" "47.9.201.45" response-time=0.010
47.9.201.45 - - [10/Jan/2020:09:47:54 +0000] "GET /static/images/8619.jpg HTTP/1.1" 200 17001 "https://nilekrator.pythonanywhere.com/college/2016/UG/CS" "Mozilla/5.0 (Linux; Android 9; SAMSUNG SM-J730GM) AppleWebKit/537.36 (KHTML, like Gecko) SamsungBrowser/10.2 Chrome/71.0.3578.99 Mobile Safari/537.36" "47.9.201.45" response-time=0.011
47.9.201.45 - - [10/Jan/2020:09:47:54 +0000] "GET /static/images/8929.jpg HTTP/1.1" 200 8643 "https://nilekrator.pythonanywhere.com/college/2016/UG/CS" "Mozilla/5.0 (Linux; Android 9; SAMSUNG SM-J730GM) AppleWebKit/537.36 (KHTML, like Gecko) SamsungBrowser/10.2 Chrome/71.0.3578.99 Mobile Safari/537.36" "47.9.201.45" response-time=0.008
47.9.201.45 - - [10/Jan/2020:09:47:56 +0000] "GET /static/images/9124.jpg HTTP/1.1" 200 15555 "https://nilekrator.pythonanywhere.com/college/2016/UG/CS" "Mozilla/5.0 (Linux; Android 9; SAMSUNG SM-J730GM) AppleWebKit/537.36 (KHTML, like Gecko) SamsungBrowser/10.2 Chrome/71.0.3578.99 Mobile Safari/537.36" "47.9.201.45" response-time=0.011
47.9.201.45 - - [10/Jan/2020:09:47:56 +0000] "GET /static/images/8581.jpg HTTP/1.1" 200 16277 "https://nilekrator.pythonanywhere.com/college/2016/UG/CS" "Mozilla/5.0 (Linux; Android 9; SAMSUNG SM-J730GM) AppleWebKit/537.36 (KHTML, like Gecko) SamsungBrowser/10.2 Chrome/71.0.3578.99 Mobile Safari/537.36" "47.9.201.45" response-time=0.013
47.9.201.45 - - [10/Jan/2020:09:47:58 +0000] "GET /static/images/8914.jpg HTTP/1.1" 200 10090 "https://nilekrator.pythonanywhere.com/college/2016/UG/CS" "Mozilla/5.0 (Linux; Android 9; SAMSUNG SM-J730GM) AppleWebKit/537.36 (KHTML, like Gecko) SamsungBrowser/10.2 Chrome/71.0.3578.99 Mobile Safari/537.36" "47.9.201.45" response-time=0.006
47.9.201.45 - - [10/Jan/2020:09:48:12 +0000] "GET /static/images/8647.jpg HTTP/1.1" 200 14335 "https://nilekrator.pythonanywhere.com/college/2016/UG/CS" "Mozilla/5.0 (Linux; Android 9; SAMSUNG SM-J730GM) AppleWebKit/537.36 (KHTML, like Gecko) SamsungBrowser/10.2 Chrome/71.0.3578.99 Mobile Safari/537.36" "47.9.201.45" response-time=0.007
47.9.201.45 - - [10/Jan/2020:09:48:12 +0000] "GET /static/images/8895.jpg HTTP/1.1" 200 9309 "https://nilekrator.pythonanywhere.com/college/2016/UG/CS" "Mozilla/5.0 (Linux; Android 9; SAMSUNG SM-J730GM) AppleWebKit/537.36 (KHTML, like Gecko) SamsungBrowser/10.2 Chrome/71.0.3578.99 Mobile Safari/537.36" "47.9.201.45" response-time=0.006
47.9.201.45 - - [10/Jan/2020:09:48:13 +0000] "GET /static/images/9027.jpg HTTP/1.1" 200 9461 "https://nilekrator.pythonanywhere.com/college/2016/UG/CS" "Mozilla/5.0 (Linux; Android 9; SAMSUNG SM-J730GM) AppleWebKit/537.36 (KHTML, like Gecko) SamsungBrowser/10.2 Chrome/71.0.3578.99 Mobile Safari/537.36" "47.9.201.45" response-time=0.011
47.9.201.45 - - [10/Jan/2020:09:48:13 +0000] "GET /static/images/8622.jpg HTTP/1.1" 200 16002 "https://nilekrator.pythonanywhere.com/college/2016/UG/CS" "Mozilla/5.0 (Linux; Android 9; SAMSUNG SM-J730GM) AppleWebKit/537.36 (KHTML, like Gecko) SamsungBrowser/10.2 Chrome/71.0.3578.99 Mobile Safari/537.36" "47.9.201.45" response-time=0.013
47.9.201.45 - - [10/Jan/2020:09:48:13 +0000] "GET /static/images/9070.jpg HTTP/1.1" 200 16546 "https://nilekrator.pythonanywhere.com/college/2016/UG/CS" "Mozilla/5.0 (Linux; Android 9; SAMSUNG SM-J730GM) AppleWebKit/537.36 (KHTML, like Gecko) SamsungBrowser/10.2 Chrome/71.0.3578.99 Mobile Safari/537.36" "47.9.201.45" response-time=0.009
47.9.201.45 - - [10/Jan/2020:09:48:15 +0000] "GET /static/images/8553.jpg HTTP/1.1" 200 9414 "https://nilekrator.pythonanywhere.com/college/2016/UG/CS" "Mozilla/5.0 (Linux; Android 9; SAMSUNG SM-J730GM) AppleWebKit/537.36 (KHTML, like Gecko) SamsungBrowser/10.2 Chrome/71.0.3578.99 Mobile Safari/537.36" "47.9.201.45" response-time=0.013
