157.42.111.117 - - [10/Jan/2020:09:58:41 +0000] "GET /static/files/feedback.min.js?version=4061377 HTTP/1.1" 200 419 "https://nilekrator.pythonanywhere.com/" "Mozilla/5.0 (Linux; Android 8.1.0; vivo 1814) AppleWebKit/537.36 (KHTML, like Gecko) Chrome/77.0.3865.116 Mobile Safari/537.36" "157.42.111.117" response-time=0.005
157.42.111.117 - - [10/Jan/2020:09:58:49 +0000] "POST / HTTP/1.1" 200 67 "https://nilekrator.pythonanywhere.com/" "Mozilla/5.0 (Linux; Android 8.1.0; vivo 1814) AppleWebKit/537.36 (KHTML, like Gecko) Chrome/77.0.3865.116 Mobile Safari/537.36" "157.42.111.117" response-time=0.044
157.42.111.117 - - [10/Jan/2020:09:58:50 +0000] "GET /profile HTTP/1.1" 200 5197 "https://nilekrator.pythonanywhere.com/" "Mozilla/5.0 (Linux; Android 8.1.0; vivo 1814) AppleWebKit/537.36 (KHTML, like Gecko) Chrome/77.0.3865.116 Mobile Safari/537.36" "157.42.111.117" response-time=0.014
157.42.111.117 - - [10/Jan/2020:09:58:50 +0000] "GET /static/files/student/profile.min.js?ver=370736 HTTP/1.1" 200 852 "https://nilekrator.pythonanywhere.com/profile" "Mozilla/5.0 (Linux; Android 8.1.0; vivo 1814) AppleWebKit/537.36 (KHTML, like Gecko) Chrome/77.0.3865.116 Mobile Safari/537.36" "157.42.111.117" response-time=0.006
157.42.111.117 - - [10/Jan/2020:09:59:15 +0000] "GET /profile HTTP/1.1" 200 5197 "https://nilekrator.pythonanywhere.com/" "Mozilla/5.0 (Linux; Android 8.1.0; vivo 1814) AppleWebKit/537.36 (KHTML, like Gecko) Chrome/77.0.3865.116 Mobile Safari/537.36" "157.42.111.117" response-time=0.034
157.42.111.117 - - [10/Jan/2020:09:59:15 +0000] "GET /static/files/student/profile.min.js?ver=352514 HTTP/1.1" 200 852 "https://nilekrator.pythonanywhere.com/profile" "Mozilla/5.0 (Linux; Android 8.1.0; vivo 1814) AppleWebKit/537.36 (KHTML, like Gecko) Chrome/77.0.3865.116 Mobile Safari/537.36" "157.42.111.117" response-time=0.040
157.42.111.117 - - [10/Jan/2020:09:59:17 +0000] "GET / HTTP/1.1" 200 3682 "-" "Mozilla/5.0 (Linux; Android 8.1.0; vivo 1814) AppleWebKit/537.36 (KHTML, like Gecko) Chrome/77.0.3865.116 Mobile Safari/537.36" "157.42.111.117" response-time=0.002
157.42.111.117 - - [10/Jan/2020:09:59:18 +0000] "GET /static/files/login.js?version=87155111 HTTP/1.1" 200 1599 "https://nilekrator.pythonanywhere.com/" "Mozilla/5.0 (Linux; Android 8.1.0; vivo 1814) AppleWebKit/537.36 (KHTML, like Gecko) Chrome/77.0.3865.116 Mobile Safari/537.36" "157.42.111.117" response-time=0.004
157.42.111.117 - - [10/Jan/2020:09:59:18 +0000] "GET /static/files/feedback.min.js?version=87155111 HTTP/1.1" 200 419 "https://nilekrator.pythonanywhere.com/" "Mozilla/5.0 (Linux; Android 8.1.0; vivo 1814) AppleWebKit/537.36 (KHTML, like Gecko) Chrome/77.0.3865.116 Mobile Safari/537.36" "157.42.111.117" response-time=0.002
157.42.111.117 - - [10/Jan/2020:09:59:25 +0000] "POST / HTTP/1.1" 200 73 "https://nilekrator.pythonanywhere.com/" "Mozilla/5.0 (Linux; Android 8.1.0; vivo 1814) AppleWebKit/537.36 (KHTML, like Gecko) Chrome/77.0.3865.116 Mobile Safari/537.36" "157.42.111.117" response-time=0.036
157.42.111.117 - - [10/Jan/2020:09:59:25 +0000] "GET /profile HTTP/1.1" 200 5210 "https://nilekrator.pythonanywhere.com/" "Mozilla/5.0 (Linux; Android 8.1.0; vivo 1814) AppleWebKit/537.36 (KHTML, like Gecko) Chrome/77.0.3865.116 Mobile Safari/537.36" "157.42.111.117" response-time=0.015
157.42.111.117 - - [10/Jan/2020:09:59:26 +0000] "GET /static/files/student/profile.min.js?ver=959438 HTTP/1.1" 200 852 "https://nilekrator.pythonanywhere.com/profile" "Mozilla/5.0 (Linux; Android 8.1.0; vivo 1814) AppleWebKit/537.36 (KHTML, like Gecko) Chrome/77.0.3865.116 Mobile Safari/537.36" "157.42.111.117" response-time=0.005
14.139.205.169 - - [10/Jan/2020:09:59:41 +0000] "GET /rank HTTP/1.1" 302 321 "https://nilekrator.pythonanywhere.com/?next=https%3A%2F%2Fnilekrator.pythonanywhere.com%2Frank" "Mozilla/5.0 (Linux; Android 8.1.0; Redmi Note 5) AppleWebKit/537.36 (KHTML, like Gecko) Chrome/79.0.3945.93 Mobile Safari/537.36" "14.139.205.169" response-time=0.002
47.9.201.45 - - [10/Jan/2020:09:59:43 +0000] "GET /static/images/8774.jpg HTTP/1.1" 200 9504 "https://nilekrator.pythonanywhere.com/college/2016/UG/EE" "Mozilla/5.0 (Linux; Android 9; SAMSUNG SM-J730GM) AppleWebKit/537.36 (KHTML, like Gecko) SamsungBrowser/10.2 Chrome/71.0.3578.99 Mobile Safari/537.36" "47.9.201.45" response-time=0.008
47.9.201.45 - - [10/Jan/2020:09:59:43 +0000] "GET /static/images/8921.jpg HTTP/1.1" 200 10321 "https://nilekrator.pythonanywhere.com/college/2016/UG/EE" "Mozilla/5.0 (Linux; Android 9; SAMSUNG SM-J730GM) AppleWebKit/537.36 (KHTML, like Gecko) SamsungBrowser/10.2 Chrome/71.0.3578.99 Mobile Safari/537.36" "47.9.201.45" response-time=0.007
47.9.201.45 - - [10/Jan/2020:09:59:48 +0000] "GET /static/images/8941.jpg HTTP/1.1" 200 8421 "https://nilekrator.pythonanywhere.com/college/2016/UG/EE" "Mozilla/5.0 (Linux; Android 9; SAMSUNG SM-J730GM) AppleWebKit/537.36 (KHTML, like Gecko) SamsungBrowser/10.2 Chrome/71.0.3578.99 Mobile Safari/537.36" "47.9.201.45" response-time=0.062
47.9.201.45 - - [10/Jan/2020:09:59:50 +0000] "GET /static/images/8840.jpg HTTP/1.1" 200 9010 "https://nilekrator.pythonanywhere.com/college/2016/UG/EE" "Mozilla/5.0 (Linux; Android 9; SAMSUNG SM-J730GM) AppleWebKit/537.36 (KHTML, like Gecko) SamsungBrowser/10.2 Chrome/71.0.3578.99 Mobile Safari/537.36" "47.9.201.45" response-time=0.110
47.9.201.45 - - [10/Jan/2020:09:59:50 +0000] "GET /static/images/8908.jpg HTTP/1.1" 200 9811 "https://nilekrator.pythonanywhere.com/college/2016/UG/EE" "Mozilla/5.0 (Linux; Android 9; SAMSUNG SM-J730GM) AppleWebKit/537.36 (KHTML, like Gecko) SamsungBrowser/10.2 Chrome/71.0.3578.99 Mobile Safari/537.36" "47.9.201.45" response-time=0.086
47.9.201.45 - - [10/Jan/2020:09:59:51 +0000] "GET /static/images/8901.jpg HTTP/1.1" 200 9201 "https://nilekrator.pythonanywhere.com/college/2016/UG/EE" "Mozilla/5.0 (Linux; Android 9; SAMSUNG SM-J730GM) AppleWebKit/537.36 (KHTML, like Gecko) SamsungBrowser/10.2 Chrome/71.0.3578.99 Mobile Safari/537.36" "47.9.201.45" response-time=0.109
47.9.201.45 - - [10/Jan/2020:09:59:51 +0000] "GET /static/images/8813.jpg HTTP/1.1" 200 9849 "https://nilekrator.pythonanywhere.com/college/2016/UG/EE" "Mozilla/5.0 (Linux; Android 9; SAMSUNG SM-J730GM) AppleWebKit/537.36 (KHTML, like Gecko) SamsungBrowser/10.2 Chrome/71.0.3578.99 Mobile Safari/537.36" "47.9.201.45" response-time=0.126
47.9.201.45 - - [10/Jan/2020:09:59:51 +0000] "GET /static/images/9117.jpg HTTP/1.1" 200 14634 "https://nilekrator.pythonanywhere.com/college/2016/UG/EE" "Mozilla/5.0 (Linux; Android 9; SAMSUNG SM-J730GM) AppleWebKit/537.36 (KHTML, like Gecko) SamsungBrowser/10.2 Chrome/71.0.3578.99 Mobile Safari/537.36" "47.9.201.45" response-time=0.098
157.42.111.117 - - [10/Jan/2020:09:59:53 +0000] "GET / HTTP/1.1" 200 3682 "-" "Mozilla/5.0 (Linux; Android 8.1.0; vivo 1814) AppleWebKit/537.36 (KHTML, like Gecko) Chrome/77.0.3865.116 Mobile Safari/537.36" "157.42.111.117" response-time=0.003
47.9.201.45 - - [10/Jan/2020:09:59:53 +0000] "GET /static/images/8946.jpg HTTP/1.1" 200 9029 "https://nilekrator.pythonanywhere.com/college/2016/UG/EE" "Mozilla/5.0 (Linux; Android 9; SAMSUNG SM-J730GM) AppleWebKit/537.36 (KHTML, like Gecko) SamsungBrowser/10.2 Chrome/71.0.3578.99 Mobile Safari/537.36" "47.9.201.45" response-time=0.005
47.9.201.45 - - [10/Jan/2020:09:59:53 +0000] "GET /static/images/8792.jpg HTTP/1.1" 200 9504 "https://nilekrator.pythonanywhere.com/college/2016/UG/EE" "Mozilla/5.0 (Linux; Android 9; SAMSUNG SM-J730GM) AppleWebKit/537.36 (KHTML, like Gecko) SamsungBrowser/10.2 Chrome/71.0.3578.99 Mobile Safari/537.36" "47.9.201.45" response-time=0.005
47.9.201.45 - - [10/Jan/2020:09:59:53 +0000] "GET /static/images/9140.jpg HTTP/1.1" 200 16298 "https://nilekrator.pythonanywhere.com/college/2016/UG/EE" "Mozilla/5.0 (Linux; Android 9; SAMSUNG SM-J730GM) AppleWebKit/537.36 (KHTML, like Gecko) SamsungBrowser/10.2 Chrome/71.0.3578.99 Mobile Safari/537.36" "47.9.201.45" response-time=0.007
157.42.111.117 - - [10/Jan/2020:09:59:54 +0000] "GET /static/files/login.js?version=83987338 HTTP/1.1" 200 1599 "https://nilekrator.pythonanywhere.com/" "Mozilla/5.0 (Linux; Android 8.1.0; vivo 1814) AppleWebKit/537.36 (KHTML, like Gecko) Chrome/77.0.3865.116 Mobile Safari/537.36" "157.42.111.117" response-time=0.005
47.9.201.45 - - [10/Jan/2020:09:59:54 +0000] "GET /static/images/8957.jpg HTTP/1.1" 200 8004 "https://nilekrator.pythonanywhere.com/college/2016/UG/EE" "Mozilla/5.0 (Linux; Android 9; SAMSUNG SM-J730GM) AppleWebKit/537.36 (KHTML, like Gecko) SamsungBrowser/10.2 Chrome/71.0.3578.99 Mobile Safari/537.36" "47.9.201.45" response-time=0.005
157.42.111.117 - - [10/Jan/2020:09:59:54 +0000] "GET /static/files/feedback.min.js?version=83987338 HTTP/1.1" 200 419 "https://nilekrator.pythonanywhere.com/" "Mozilla/5.0 (Linux; Android 8.1.0; vivo 1814) AppleWebKit/537.36 (KHTML, like Gecko) Chrome/77.0.3865.116 Mobile Safari/537.36" "157.42.111.117" response-time=0.005
47.9.201.45 - - [10/Jan/2020:09:59:54 +0000] "GET /static/images/8756.jpg HTTP/1.1" 200 8578 "https://nilekrator.pythonanywhere.com/college/2016/UG/EE" "Mozilla/5.0 (Linux; Android 9; SAMSUNG SM-J730GM) AppleWebKit/537.36 (KHTML, like Gecko) SamsungBrowser/10.2 Chrome/71.0.3578.99 Mobile Safari/537.36" "47.9.201.45" response-time=0.006
47.9.201.45 - - [10/Jan/2020:09:59:54 +0000] "GET /static/images/8372.jpg HTTP/1.1" 200 15797 "https://nilekrator.pythonanywhere.com/college/2016/UG/EE" "Mozilla/5.0 (Linux; Android 9; SAMSUNG SM-J730GM) AppleWebKit/537.36 (KHTML, like Gecko) SamsungBrowser/10.2 Chrome/71.0.3578.99 Mobile Safari/537.36" "47.9.201.45" response-time=0.011
47.9.201.45 - - [10/Jan/2020:09:59:57 +0000] "GET /static/images/8778.jpg HTTP/1.1" 200 10050 "https://nilekrator.pythonanywhere.com/college/2016/UG/EE" "Mozilla/5.0 (Linux; Android 9; SAMSUNG SM-J730GM) AppleWebKit/537.36 (KHTML, like Gecko) SamsungBrowser/10.2 Chrome/71.0.3578.99 Mobile Safari/537.36" "47.9.201.45" response-time=0.081
47.9.201.45 - - [10/Jan/2020:09:59:57 +0000] "GET /static/images/9145.jpg HTTP/1.1" 200 16442 "https://nilekrator.pythonanywhere.com/college/2016/UG/EE" "Mozilla/5.0 (Linux; Android 9; SAMSUNG SM-J730GM) AppleWebKit/537.36 (KHTML, like Gecko) SamsungBrowser/10.2 Chrome/71.0.3578.99 Mobile Safari/537.36" "47.9.201.45" response-time=0.059
47.9.201.45 - - [10/Jan/2020:09:59:57 +0000] "GET /static/images/9108.jpg HTTP/1.1" 200 15334 "https://nilekrator.pythonanywhere.com/college/2016/UG/EE" "Mozilla/5.0 (Linux; Android 9; SAMSUNG SM-J730GM) AppleWebKit/537.36 (KHTML, like Gecko) SamsungBrowser/10.2 Chrome/71.0.3578.99 Mobile Safari/537.36" "47.9.201.45" response-time=0.064
47.9.201.45 - - [10/Jan/2020:09:59:57 +0000] "GET /static/images/8913.jpg HTTP/1.1" 200 10133 "https://nilekrator.pythonanywhere.com/college/2016/UG/EE" "Mozilla/5.0 (Linux; Android 9; SAMSUNG SM-J730GM) AppleWebKit/537.36 (KHTML, like Gecko) SamsungBrowser/10.2 Chrome/71.0.3578.99 Mobile Safari/537.36" "47.9.201.45" response-time=0.020
47.9.201.45 - - [10/Jan/2020:09:59:57 +0000] "GET /static/images/8766.jpg HTTP/1.1" 200 9258 "https://nilekrator.pythonanywhere.com/college/2016/UG/EE" "Mozilla/5.0 (Linux; Android 9; SAMSUNG SM-J730GM) AppleWebKit/537.36 (KHTML, like Gecko) SamsungBrowser/10.2 Chrome/71.0.3578.99 Mobile Safari/537.36" "47.9.201.45" response-time=0.013
47.9.201.45 - - [10/Jan/2020:09:59:57 +0000] "GET /static/images/8648.jpg HTTP/1.1" 200 14976 "https://nilekrator.pythonanywhere.com/college/2016/UG/EE" "Mozilla/5.0 (Linux; Android 9; SAMSUNG SM-J730GM) AppleWebKit/537.36 (KHTML, like Gecko) SamsungBrowser/10.2 Chrome/71.0.3578.99 Mobile Safari/537.36" "47.9.201.45" response-time=0.006
157.42.111.117 - - [10/Jan/2020:09:59:57 +0000] "POST / HTTP/1.1" 200 62 "https://nilekrator.pythonanywhere.com/" "Mozilla/5.0 (Linux; Android 8.1.0; vivo 1814) AppleWebKit/537.36 (KHTML, like Gecko) Chrome/77.0.3865.116 Mobile Safari/537.36" "157.42.111.117" response-time=0.040
157.42.111.117 - - [10/Jan/2020:09:59:58 +0000] "GET /profile HTTP/1.1" 200 5207 "https://nilekrator.pythonanywhere.com/" "Mozilla/5.0 (Linux; Android 8.1.0; vivo 1814) AppleWebKit/537.36 (KHTML, like Gecko) Chrome/77.0.3865.116 Mobile Safari/537.36" "157.42.111.117" response-time=0.012
157.42.111.117 - - [10/Jan/2020:09:59:58 +0000] "GET /static/files/student/profile.min.js?ver=185595 HTTP/1.1" 200 852 "https://nilekrator.pythonanywhere.com/profile" "Mozilla/5.0 (Linux; Android 8.1.0; vivo 1814) AppleWebKit/537.36 (KHTML, like Gecko) Chrome/77.0.3865.116 Mobile Safari/537.36" "157.42.111.117" response-time=0.006
47.9.201.45 - - [10/Jan/2020:10:00:08 +0000] "GET /static/images/9031.jpg HTTP/1.1" 200 8612 "https://nilekrator.pythonanywhere.com/college/2016/UG/EE" "Mozilla/5.0 (Linux; Android 9; SAMSUNG SM-J730GM) AppleWebKit/537.36 (KHTML, like Gecko) SamsungBrowser/10.2 Chrome/71.0.3578.99 Mobile Safari/537.36" "47.9.201.45" response-time=0.009
47.9.201.45 - - [10/Jan/2020:10:00:09 +0000] "GET /static/images/8748.jpg HTTP/1.1" 200 9593 "https://nilekrator.pythonanywhere.com/college/2016/UG/EE" "Mozilla/5.0 (Linux; Android 9; SAMSUNG SM-J730GM) AppleWebKit/537.36 (KHTML, like Gecko) SamsungBrowser/10.2 Chrome/71.0.3578.99 Mobile Safari/537.36" "47.9.201.45" response-time=0.006
47.9.201.45 - - [10/Jan/2020:10:00:09 +0000] "GET /static/images/8922.jpg HTTP/1.1" 200 9186 "https://nilekrator.pythonanywhere.com/college/2016/UG/EE" "Mozilla/5.0 (Linux; Android 9; SAMSUNG SM-J730GM) AppleWebKit/537.36 (KHTML, like Gecko) SamsungBrowser/10.2 Chrome/71.0.3578.99 Mobile Safari/537.36" "47.9.201.45" response-time=0.005
157.42.111.117 - - [10/Jan/2020:10:00:18 +0000] "GET / HTTP/1.1" 200 3682 "-" "Mozilla/5.0 (Linux; Android 8.1.0; vivo 1814) AppleWebKit/537.36 (KHTML, like Gecko) Chrome/77.0.3865.116 Mobile Safari/537.36" "157.42.111.117" response-time=0.002
157.42.111.117 - - [10/Jan/2020:10:00:19 +0000] "GET /static/files/login.js?version=13617357 HTTP/1.1" 200 1599 "https://nilekrator.pythonanywhere.com/" "Mozilla/5.0 (Linux; Android 8.1.0; vivo 1814) AppleWebKit/537.36 (KHTML, like Gecko) Chrome/77.0.3865.116 Mobile Safari/537.36" "157.42.111.117" response-time=0.005
157.42.111.117 - - [10/Jan/2020:10:00:19 +0000] "GET /static/files/feedback.min.js?version=13617357 HTTP/1.1" 200 419 "https://nilekrator.pythonanywhere.com/" "Mozilla/5.0 (Linux; Android 8.1.0; vivo 1814) AppleWebKit/537.36 (KHTML, like Gecko) Chrome/77.0.3865.116 Mobile Safari/537.36" "157.42.111.117" response-time=0.004
47.9.201.45 - - [10/Jan/2020:10:00:29 +0000] "GET /college/2018 HTTP/1.1" 200 4696 "https://nilekrator.pythonanywhere.com/college/" "Mozilla/5.0 (Linux; Android 9; SAMSUNG SM-J730GM) AppleWebKit/537.36 (KHTML, like Gecko) SamsungBrowser/10.2 Chrome/71.0.3578.99 Mobile Safari/537.36" "47.9.201.45" response-time=0.078
47.29.7.80 - - [10/Jan/2020:10:00:34 +0000] "GET /logout HTTP/1.1" 302 209 "http://nilekrator.pythonanywhere.com/profile" "Mozilla/5.0 (Linux; U; Android 9; en-gb; Redmi Note 6 Pro Build/PKQ1.180904.001) AppleWebKit/537.36 (KHTML, like Gecko) Version/4.0 Chrome/71.0.3578.141 Mobile Safari/537.36 XiaoMi/MiuiBrowser/11.3.4-g" "47.29.7.80" response-time=0.004
47.29.7.80 - - [10/Jan/2020:10:00:34 +0000] "GET / HTTP/1.1" 200 3682 "http://nilekrator.pythonanywhere.com/profile" "Mozilla/5.0 (Linux; U; Android 9; en-gb; Redmi Note 6 Pro Build/PKQ1.180904.001) AppleWebKit/537.36 (KHTML, like Gecko) Version/4.0 Chrome/71.0.3578.141 Mobile Safari/537.36 XiaoMi/MiuiBrowser/11.3.4-g" "47.29.7.80" response-time=0.007
47.29.7.80 - - [10/Jan/2020:10:00:35 +0000] "GET /static/files/feedback.min.js?version=19340406 HTTP/1.1" 200 419 "http://nilekrator.pythonanywhere.com/" "Mozilla/5.0 (Linux; U; Android 9; en-gb; Redmi Note 6 Pro Build/PKQ1.180904.001) AppleWebKit/537.36 (KHTML, like Gecko) Version/4.0 Chrome/71.0.3578.141 Mobile Safari/537.36 XiaoMi/MiuiBrowser/11.3.4-g" "47.29.7.80" response-time=0.004
47.29.91.148 - - [10/Jan/2020:10:00:35 +0000] "GET /static/files/login.js?version=19340406 HTTP/1.1" 200 1599 "http://nilekrator.pythonanywhere.com/" "Mozilla/5.0 (Linux; U; Android 9; en-gb; Redmi Note 6 Pro Build/PKQ1.180904.001) AppleWebKit/537.36 (KHTML, like Gecko) Version/4.0 Chrome/71.0.3578.141 Mobile Safari/537.36 XiaoMi/MiuiBrowser/11.3.4-g" "47.29.91.148" response-time=0.010
47.9.201.45 - - [10/Jan/2020:10:00:35 +0000] "GET /college/2018/UG/CS HTTP/1.1" 200 6730 "https://nilekrator.pythonanywhere.com/college/2018" "Mozilla/5.0 (Linux; Android 9; SAMSUNG SM-J730GM) AppleWebKit/537.36 (KHTML, like Gecko) SamsungBrowser/10.2 Chrome/71.0.3578.99 Mobile Safari/537.36" "47.9.201.45" response-time=0.103
47.9.201.45 - - [10/Jan/2020:10:00:36 +0000] "GET /static/images/10781.jpg HTTP/1.1" 200 9392 "https://nilekrator.pythonanywhere.com/college/2018/UG/CS" "Mozilla/5.0 (Linux; Android 9; SAMSUNG SM-J730GM) AppleWebKit/537.36 (KHTML, like Gecko) SamsungBrowser/10.2 Chrome/71.0.3578.99 Mobile Safari/537.36" "47.9.201.45" response-time=0.006
47.9.201.45 - - [10/Jan/2020:10:00:36 +0000] "GET /static/images/10902.jpg HTTP/1.1" 200 8137 "https://nilekrator.pythonanywhere.com/college/2018/UG/CS" "Mozilla/5.0 (Linux; Android 9; SAMSUNG SM-J730GM) AppleWebKit/537.36 (KHTML, like Gecko) SamsungBrowser/10.2 Chrome/71.0.3578.99 Mobile Safari/537.36" "47.9.201.45" response-time=0.006
47.9.201.45 - - [10/Jan/2020:10:00:36 +0000] "GET /static/images/11059.jpg HTTP/1.1" 200 9364 "https://nilekrator.pythonanywhere.com/college/2018/UG/CS" "Mozilla/5.0 (Linux; Android 9; SAMSUNG SM-J730GM) AppleWebKit/537.36 (KHTML, like Gecko) SamsungBrowser/10.2 Chrome/71.0.3578.99 Mobile Safari/537.36" "47.9.201.45" response-time=0.014
47.9.201.45 - - [10/Jan/2020:10:00:36 +0000] "GET /static/images/10755.jpg HTTP/1.1" 200 9388 "https://nilekrator.pythonanywhere.com/college/2018/UG/CS" "Mozilla/5.0 (Linux; Android 9; SAMSUNG SM-J730GM) AppleWebKit/537.36 (KHTML, like Gecko) SamsungBrowser/10.2 Chrome/71.0.3578.99 Mobile Safari/537.36" "47.9.201.45" response-time=0.015
47.9.201.45 - - [10/Jan/2020:10:00:37 +0000] "GET /static/images/11001.jpg HTTP/1.1" 200 7969 "https://nilekrator.pythonanywhere.com/college/2018/UG/CS" "Mozilla/5.0 (Linux; Android 9; SAMSUNG SM-J730GM) AppleWebKit/537.36 (KHTML, like Gecko) SamsungBrowser/10.2 Chrome/71.0.3578.99 Mobile Safari/537.36" "47.9.201.45" response-time=0.012
47.9.201.45 - - [10/Jan/2020:10:00:37 +0000] "GET /static/images/10794.jpg HTTP/1.1" 200 8178 "https://nilekrator.pythonanywhere.com/college/2018/UG/CS" "Mozilla/5.0 (Linux; Android 9; SAMSUNG SM-J730GM) AppleWebKit/537.36 (KHTML, like Gecko) SamsungBrowser/10.2 Chrome/71.0.3578.99 Mobile Safari/537.36" "47.9.201.45" response-time=0.011
47.9.201.45 - - [10/Jan/2020:10:00:54 +0000] "GET /static/images/11136.jpg HTTP/1.1" 200 10559 "https://nilekrator.pythonanywhere.com/college/2018/UG/CS" "Mozilla/5.0 (Linux; Android 9; SAMSUNG SM-J730GM) AppleWebKit/537.36 (KHTML, like Gecko) SamsungBrowser/10.2 Chrome/71.0.3578.99 Mobile Safari/537.36" "47.9.201.45" response-time=0.014
47.9.201.45 - - [10/Jan/2020:10:00:54 +0000] "GET /static/images/10921.jpg HTTP/1.1" 200 8239 "https://nilekrator.pythonanywhere.com/college/2018/UG/CS" "Mozilla/5.0 (Linux; Android 9; SAMSUNG SM-J730GM) AppleWebKit/537.36 (KHTML, like Gecko) SamsungBrowser/10.2 Chrome/71.0.3578.99 Mobile Safari/537.36" "47.9.201.45" response-time=0.006
47.9.201.45 - - [10/Jan/2020:10:00:54 +0000] "GET /static/images/10742.jpg HTTP/1.1" 200 8616 "https://nilekrator.pythonanywhere.com/college/2018/UG/CS" "Mozilla/5.0 (Linux; Android 9; SAMSUNG SM-J730GM) AppleWebKit/537.36 (KHTML, like Gecko) SamsungBrowser/10.2 Chrome/71.0.3578.99 Mobile Safari/537.36" "47.9.201.45" response-time=0.008
47.9.201.45 - - [10/Jan/2020:10:00:54 +0000] "GET /static/images/10756.jpg HTTP/1.1" 200 8957 "https://nilekrator.pythonanywhere.com/college/2018/UG/CS" "Mozilla/5.0 (Linux; Android 9; SAMSUNG SM-J730GM) AppleWebKit/537.36 (KHTML, like Gecko) SamsungBrowser/10.2 Chrome/71.0.3578.99 Mobile Safari/537.36" "47.9.201.45" response-time=0.007
47.29.7.80 - - [10/Jan/2020:10:01:16 +0000] "GET /?next=http%3A%2F%2Fnilekrator.pythonanywhere.com%2Fstatistics HTTP/1.1" 200 3682 "-" "Mozilla/5.0 (Linux; U; Android 9; en-gb; Redmi Note 6 Pro Build/PKQ1.180904.001) AppleWebKit/537.36 (KHTML, like Gecko) Version/4.0 Chrome/71.0.3578.141 Mobile Safari/537.36 XiaoMi/MiuiBrowser/11.3.4-g" "47.29.7.80" response-time=0.004
47.9.201.45 - - [10/Jan/2020:10:01:17 +0000] "GET /static/images/10838.jpg HTTP/1.1" 200 8626 "https://nilekrator.pythonanywhere.com/college/2018/UG/CS" "Mozilla/5.0 (Linux; Android 9; SAMSUNG SM-J730GM) AppleWebKit/537.36 (KHTML, like Gecko) SamsungBrowser/10.2 Chrome/71.0.3578.99 Mobile Safari/537.36" "47.9.201.45" response-time=0.005
47.9.201.45 - - [10/Jan/2020:10:01:17 +0000] "GET /static/images/10862.jpg HTTP/1.1" 200 23916 "https://nilekrator.pythonanywhere.com/college/2018/UG/CS" "Mozilla/5.0 (Linux; Android 9; SAMSUNG SM-J730GM) AppleWebKit/537.36 (KHTML, like Gecko) SamsungBrowser/10.2 Chrome/71.0.3578.99 Mobile Safari/537.36" "47.9.201.45" response-time=0.008
47.9.201.45 - - [10/Jan/2020:10:01:17 +0000] "GET /static/images/10792.jpg HTTP/1.1" 200 8860 "https://nilekrator.pythonanywhere.com/college/2018/UG/CS" "Mozilla/5.0 (Linux; Android 9; SAMSUNG SM-J730GM) AppleWebKit/537.36 (KHTML, like Gecko) SamsungBrowser/10.2 Chrome/71.0.3578.99 Mobile Safari/537.36" "47.9.201.45" response-time=0.006
47.29.7.80 - - [10/Jan/2020:10:01:17 +0000] "GET /static/files/login.js?version=69361561 HTTP/1.1" 200 1599 "http://nilekrator.pythonanywhere.com/?next=http%3A%2F%2Fnilekrator.pythonanywhere.com%2Fstatistics" "Mozilla/5.0 (Linux; U; Android 9; en-gb; Redmi Note 6 Pro Build/PKQ1.180904.001) AppleWebKit/537.36 (KHTML, like Gecko) Version/4.0 Chrome/71.0.3578.141 Mobile Safari/537.36 XiaoMi/MiuiBrowser/11.3.4-g" "47.29.7.80" response-time=0.010
47.29.91.148 - - [10/Jan/2020:10:01:17 +0000] "GET /static/files/feedback.min.js?version=69361561 HTTP/1.1" 200 419 "http://nilekrator.pythonanywhere.com/?next=http%3A%2F%2Fnilekrator.pythonanywhere.com%2Fstatistics" "Mozilla/5.0 (Linux; U; Android 9; en-gb; Redmi Note 6 Pro Build/PKQ1.180904.001) AppleWebKit/537.36 (KHTML, like Gecko) Version/4.0 Chrome/71.0.3578.141 Mobile Safari/537.36 XiaoMi/MiuiBrowser/11.3.4-g" "47.29.91.148" response-time=0.004
47.9.201.45 - - [10/Jan/2020:10:01:17 +0000] "GET /static/images/10747.jpg HTTP/1.1" 200 24915 "https://nilekrator.pythonanywhere.com/college/2018/UG/CS" "Mozilla/5.0 (Linux; Android 9; SAMSUNG SM-J730GM) AppleWebKit/537.36 (KHTML, like Gecko) SamsungBrowser/10.2 Chrome/71.0.3578.99 Mobile Safari/537.36" "47.9.201.45" response-time=0.006
47.9.201.45 - - [10/Jan/2020:10:01:22 +0000] "GET /static/images/10830.jpg HTTP/1.1" 200 8406 "https://nilekrator.pythonanywhere.com/college/2018/UG/CS" "Mozilla/5.0 (Linux; Android 9; SAMSUNG SM-J730GM) AppleWebKit/537.36 (KHTML, like Gecko) SamsungBrowser/10.2 Chrome/71.0.3578.99 Mobile Safari/537.36" "47.9.201.45" response-time=0.006
47.9.201.45 - - [10/Jan/2020:10:01:22 +0000] "GET /static/images/10914.jpg HTTP/1.1" 200 7873 "https://nilekrator.pythonanywhere.com/college/2018/UG/CS" "Mozilla/5.0 (Linux; Android 9; SAMSUNG SM-J730GM) AppleWebKit/537.36 (KHTML, like Gecko) SamsungBrowser/10.2 Chrome/71.0.3578.99 Mobile Safari/537.36" "47.9.201.45" response-time=0.010
47.9.201.45 - - [10/Jan/2020:10:01:22 +0000] "GET /static/images/10816.jpg HTTP/1.1" 200 8450 "https://nilekrator.pythonanywhere.com/college/2018/UG/CS" "Mozilla/5.0 (Linux; Android 9; SAMSUNG SM-J730GM) AppleWebKit/537.36 (KHTML, like Gecko) SamsungBrowser/10.2 Chrome/71.0.3578.99 Mobile Safari/537.36" "47.9.201.45" response-time=0.012
47.9.201.45 - - [10/Jan/2020:10:01:22 +0000] "GET /static/images/10870.jpg HTTP/1.1" 200 24209 "https://nilekrator.pythonanywhere.com/college/2018/UG/CS" "Mozilla/5.0 (Linux; Android 9; SAMSUNG SM-J730GM) AppleWebKit/537.36 (KHTML, like Gecko) SamsungBrowser/10.2 Chrome/71.0.3578.99 Mobile Safari/537.36" "47.9.201.45" response-time=0.006
47.9.201.45 - - [10/Jan/2020:10:01:25 +0000] "GET /static/images/11174.jpg HTTP/1.1" 200 9240 "https://nilekrator.pythonanywhere.com/college/2018/UG/CS" "Mozilla/5.0 (Linux; Android 9; SAMSUNG SM-J730GM) AppleWebKit/537.36 (KHTML, like Gecko) SamsungBrowser/10.2 Chrome/71.0.3578.99 Mobile Safari/537.36" "47.9.201.45" response-time=0.007
47.9.201.45 - - [10/Jan/2020:10:01:25 +0000] "GET /static/images/11435.jpg HTTP/1.1" 200 8033 "https://nilekrator.pythonanywhere.com/college/2018/UG/CS" "Mozilla/5.0 (Linux; Android 9; SAMSUNG SM-J730GM) AppleWebKit/537.36 (KHTML, like Gecko) SamsungBrowser/10.2 Chrome/71.0.3578.99 Mobile Safari/537.36" "47.9.201.45" response-time=0.009
47.9.201.45 - - [10/Jan/2020:10:01:25 +0000] "GET /static/images/11459.jpg HTTP/1.1" 200 12287 "https://nilekrator.pythonanywhere.com/college/2018/UG/CS" "Mozilla/5.0 (Linux; Android 9; SAMSUNG SM-J730GM) AppleWebKit/537.36 (KHTML, like Gecko) SamsungBrowser/10.2 Chrome/71.0.3578.99 Mobile Safari/537.36" "47.9.201.45" response-time=0.011
47.29.91.148 - - [10/Jan/2020:10:01:27 +0000] "POST / HTTP/1.1" 200 76 "http://nilekrator.pythonanywhere.com/?next=http%3A%2F%2Fnilekrator.pythonanywhere.com%2Fstatistics" "Mozilla/5.0 (Linux; U; Android 9; en-gb; Redmi Note 6 Pro Build/PKQ1.180904.001) AppleWebKit/537.36 (KHTML, like Gecko) Version/4.0 Chrome/71.0.3578.141 Mobile Safari/537.36 XiaoMi/MiuiBrowser/11.3.4-g" "47.29.91.148" response-time=0.063
47.29.91.148 - - [10/Jan/2020:10:01:28 +0000] "GET /statistics HTTP/1.1" 200 4606 "http://nilekrator.pythonanywhere.com/?next=http%3A%2F%2Fnilekrator.pythonanywhere.com%2Fstatistics" "Mozilla/5.0 (Linux; U; Android 9; en-gb; Redmi Note 6 Pro Build/PKQ1.180904.001) AppleWebKit/537.36 (KHTML, like Gecko) Version/4.0 Chrome/71.0.3578.141 Mobile Safari/537.36 XiaoMi/MiuiBrowser/11.3.4-g" "47.29.91.148" response-time=0.008
47.9.201.45 - - [10/Jan/2020:10:01:28 +0000] "GET /static/images/11019.jpg HTTP/1.1" 200 8542 "https://nilekrator.pythonanywhere.com/college/2018/UG/CS" "Mozilla/5.0 (Linux; Android 9; SAMSUNG SM-J730GM) AppleWebKit/537.36 (KHTML, like Gecko) SamsungBrowser/10.2 Chrome/71.0.3578.99 Mobile Safari/537.36" "47.9.201.45" response-time=0.006
47.9.201.45 - - [10/Jan/2020:10:01:29 +0000] "GET /static/images/10931.jpg HTTP/1.1" 200 8133 "https://nilekrator.pythonanywhere.com/college/2018/UG/CS" "Mozilla/5.0 (Linux; Android 9; SAMSUNG SM-J730GM) AppleWebKit/537.36 (KHTML, like Gecko) SamsungBrowser/10.2 Chrome/71.0.3578.99 Mobile Safari/537.36" "47.9.201.45" response-time=0.007
47.9.201.45 - - [10/Jan/2020:10:01:29 +0000] "GET /static/images/11522.jpg HTTP/1.1" 200 23887 "https://nilekrator.pythonanywhere.com/college/2018/UG/CS" "Mozilla/5.0 (Linux; Android 9; SAMSUNG SM-J730GM) AppleWebKit/537.36 (KHTML, like Gecko) SamsungBrowser/10.2 Chrome/71.0.3578.99 Mobile Safari/537.36" "47.9.201.45" response-time=0.006
47.9.201.45 - - [10/Jan/2020:10:01:29 +0000] "GET /static/images/10798.jpg HTTP/1.1" 200 8675 "https://nilekrator.pythonanywhere.com/college/2018/UG/CS" "Mozilla/5.0 (Linux; Android 9; SAMSUNG SM-J730GM) AppleWebKit/537.36 (KHTML, like Gecko) SamsungBrowser/10.2 Chrome/71.0.3578.99 Mobile Safari/537.36" "47.9.201.45" response-time=0.005
47.9.201.45 - - [10/Jan/2020:10:01:29 +0000] "GET /static/images/11130.jpg HTTP/1.1" 200 8660 "https://nilekrator.pythonanywhere.com/college/2018/UG/CS" "Mozilla/5.0 (Linux; Android 9; SAMSUNG SM-J730GM) AppleWebKit/537.36 (KHTML, like Gecko) SamsungBrowser/10.2 Chrome/71.0.3578.99 Mobile Safari/537.36" "47.9.201.45" response-time=0.007
157.42.14.255 - - [10/Jan/2020:10:01:39 +0000] "GET /static/images/placeholder.png HTTP/1.1" 200 833 "https://nilekrator.pythonanywhere.com/?next=https%3A%2F%2Fnilekrator.pythonanywhere.com%2Fcompare" "Mozilla/5.0 (Linux; Android 9; LLD-AL20) AppleWebKit/537.36 (KHTML, like Gecko) Chrome/79.0.3945.93 Mobile Safari/537.36" "157.42.14.255" response-time=0.005
157.42.14.255 - - [10/Jan/2020:10:01:39 +0000] "GET /static/images/12112.jpg HTTP/1.1" 200 14945 "https://nilekrator.pythonanywhere.com/?next=https%3A%2F%2Fnilekrator.pythonanywhere.com%2Fcompare" "Mozilla/5.0 (Linux; Android 9; LLD-AL20) AppleWebKit/537.36 (KHTML, like Gecko) Chrome/79.0.3945.93 Mobile Safari/537.36" "157.42.14.255" response-time=0.006
157.42.14.255 - - [10/Jan/2020:10:01:40 +0000] "GET /static/fomantic/themes/default/assets/fonts/icons.woff2 HTTP/1.1" 200 40148 "https://nilekrator.pythonanywhere.com/static/fomantic/semantic.min.css" "Mozilla/5.0 (Linux; Android 9; LLD-AL20) AppleWebKit/537.36 (KHTML, like Gecko) Chrome/79.0.3945.93 Mobile Safari/537.36" "157.42.14.255" response-time=0.038
157.42.14.255 - - [10/Jan/2020:10:01:40 +0000] "GET /static/fomantic/themes/default/assets/fonts/outline-icons.woff2 HTTP/1.1" 200 12240 "https://nilekrator.pythonanywhere.com/static/fomantic/semantic.min.css" "Mozilla/5.0 (Linux; Android 9; LLD-AL20) AppleWebKit/537.36 (KHTML, like Gecko) Chrome/79.0.3945.93 Mobile Safari/537.36" "157.42.14.255" response-time=0.051
47.29.91.148 - - [10/Jan/2020:10:01:41 +0000] "GET /college/ HTTP/1.1" 200 3916 "http://nilekrator.pythonanywhere.com/statistics" "Mozilla/5.0 (Linux; U; Android 9; en-gb; Redmi Note 6 Pro Build/PKQ1.180904.001) AppleWebKit/537.36 (KHTML, like Gecko) Version/4.0 Chrome/71.0.3578.141 Mobile Safari/537.36 XiaoMi/MiuiBrowser/11.3.4-g" "47.29.91.148" response-time=1.464
47.29.91.148 - - [10/Jan/2020:10:01:42 +0000] "GET /college/ HTTP/1.1" 499 0 "http://nilekrator.pythonanywhere.com/statistics" "Mozilla/5.0 (Linux; U; Android 9; en-gb; Redmi Note 6 Pro Build/PKQ1.180904.001) AppleWebKit/537.36 (KHTML, like Gecko) Version/4.0 Chrome/71.0.3578.141 Mobile Safari/537.36 XiaoMi/MiuiBrowser/11.3.4-g" "47.29.91.148" response-time=0.788
47.29.7.80 - - [10/Jan/2020:10:01:44 +0000] "GET /college/ HTTP/1.1" 200 3916 "http://nilekrator.pythonanywhere.com/statistics" "Mozilla/5.0 (Linux; U; Android 9; en-gb; Redmi Note 6 Pro Build/PKQ1.180904.001) AppleWebKit/537.36 (KHTML, like Gecko) Version/4.0 Chrome/71.0.3578.141 Mobile Safari/537.36 XiaoMi/MiuiBrowser/11.3.4-g" "47.29.7.80" response-time=2.093
47.29.91.148 - - [10/Jan/2020:10:01:45 +0000] "GET /rank HTTP/1.1" 200 5425 "http://nilekrator.pythonanywhere.com/statistics" "Mozilla/5.0 (Linux; U; Android 9; en-gb; Redmi Note 6 Pro Build/PKQ1.180904.001) AppleWebKit/537.36 (KHTML, like Gecko) Version/4.0 Chrome/71.0.3578.141 Mobile Safari/537.36 XiaoMi/MiuiBrowser/11.3.4-g" "47.29.91.148" response-time=0.043
47.29.91.148 - - [10/Jan/2020:10:01:45 +0000] "GET /static/files/student/rank.min.js?ver=348248 HTTP/1.1" 200 35 "http://nilekrator.pythonanywhere.com/rank" "Mozilla/5.0 (Linux; U; Android 9; en-gb; Redmi Note 6 Pro Build/PKQ1.180904.001) AppleWebKit/537.36 (KHTML, like Gecko) Version/4.0 Chrome/71.0.3578.141 Mobile Safari/537.36 XiaoMi/MiuiBrowser/11.3.4-g" "47.29.91.148" response-time=0.007
47.29.91.148 - - [10/Jan/2020:10:01:46 +0000] "GET /static/images/12565.jpg HTTP/1.1" 304 0 "http://nilekrator.pythonanywhere.com/rank" "Mozilla/5.0 (Linux; U; Android 9; en-gb; Redmi Note 6 Pro Build/PKQ1.180904.001) AppleWebKit/537.36 (KHTML, like Gecko) Version/4.0 Chrome/71.0.3578.141 Mobile Safari/537.36 XiaoMi/MiuiBrowser/11.3.4-g" "47.29.91.148" response-time=0.005
47.29.91.148 - - [10/Jan/2020:10:01:46 +0000] "GET /static/images/12541.jpg HTTP/1.1" 304 0 "http://nilekrator.pythonanywhere.com/rank" "Mozilla/5.0 (Linux; U; Android 9; en-gb; Redmi Note 6 Pro Build/PKQ1.180904.001) AppleWebKit/537.36 (KHTML, like Gecko) Version/4.0 Chrome/71.0.3578.141 Mobile Safari/537.36 XiaoMi/MiuiBrowser/11.3.4-g" "47.29.91.148" response-time=0.005
47.29.91.148 - - [10/Jan/2020:10:01:49 +0000] "GET /static/images/12608.jpg HTTP/1.1" 304 0 "http://nilekrator.pythonanywhere.com/rank" "Mozilla/5.0 (Linux; U; Android 9; en-gb; Redmi Note 6 Pro Build/PKQ1.180904.001) AppleWebKit/537.36 (KHTML, like Gecko) Version/4.0 Chrome/71.0.3578.141 Mobile Safari/537.36 XiaoMi/MiuiBrowser/11.3.4-g" "47.29.91.148" response-time=0.009
47.29.91.148 - - [10/Jan/2020:10:01:52 +0000] "GET /static/images/12552.jpg HTTP/1.1" 304 0 "http://nilekrator.pythonanywhere.com/rank" "Mozilla/5.0 (Linux; U; Android 9; en-gb; Redmi Note 6 Pro Build/PKQ1.180904.001) AppleWebKit/537.36 (KHTML, like Gecko) Version/4.0 Chrome/71.0.3578.141 Mobile Safari/537.36 XiaoMi/MiuiBrowser/11.3.4-g" "47.29.91.148" response-time=0.007
47.29.91.148 - - [10/Jan/2020:10:01:52 +0000] "GET /static/images/12615.jpg HTTP/1.1" 304 0 "http://nilekrator.pythonanywhere.com/rank" "Mozilla/5.0 (Linux; U; Android 9; en-gb; Redmi Note 6 Pro Build/PKQ1.180904.001) AppleWebKit/537.36 (KHTML, like Gecko) Version/4.0 Chrome/71.0.3578.141 Mobile Safari/537.36 XiaoMi/MiuiBrowser/11.3.4-g" "47.29.91.148" response-time=0.007
47.29.91.148 - - [10/Jan/2020:10:01:52 +0000] "GET /static/images/12586.jpg HTTP/1.1" 304 0 "http://nilekrator.pythonanywhere.com/rank" "Mozilla/5.0 (Linux; U; Android 9; en-gb; Redmi Note 6 Pro Build/PKQ1.180904.001) AppleWebKit/537.36 (KHTML, like Gecko) Version/4.0 Chrome/71.0.3578.141 Mobile Safari/537.36 XiaoMi/MiuiBrowser/11.3.4-g" "47.29.91.148" response-time=0.005
47.29.91.148 - - [10/Jan/2020:10:01:53 +0000] "GET /static/images/12517.jpg HTTP/1.1" 304 0 "http://nilekrator.pythonanywhere.com/rank" "Mozilla/5.0 (Linux; U; Android 9; en-gb; Redmi Note 6 Pro Build/PKQ1.180904.001) AppleWebKit/537.36 (KHTML, like Gecko) Version/4.0 Chrome/71.0.3578.141 Mobile Safari/537.36 XiaoMi/MiuiBrowser/11.3.4-g" "47.29.91.148" response-time=0.004
47.29.91.148 - - [10/Jan/2020:10:02:16 +0000] "GET /static/images/12556.jpg HTTP/1.1" 304 0 "http://nilekrator.pythonanywhere.com/rank" "Mozilla/5.0 (Linux; U; Android 9; en-gb; Redmi Note 6 Pro Build/PKQ1.180904.001) AppleWebKit/537.36 (KHTML, like Gecko) Version/4.0 Chrome/71.0.3578.141 Mobile Safari/537.36 XiaoMi/MiuiBrowser/11.3.4-g" "47.29.91.148" response-time=0.008
47.29.91.148 - - [10/Jan/2020:10:02:17 +0000] "GET /static/images/12599.jpg HTTP/1.1" 304 0 "http://nilekrator.pythonanywhere.com/rank" "Mozilla/5.0 (Linux; U; Android 9; en-gb; Redmi Note 6 Pro Build/PKQ1.180904.001) AppleWebKit/537.36 (KHTML, like Gecko) Version/4.0 Chrome/71.0.3578.141 Mobile Safari/537.36 XiaoMi/MiuiBrowser/11.3.4-g" "47.29.91.148" response-time=0.006
47.29.91.148 - - [10/Jan/2020:10:02:17 +0000] "GET /static/images/12557.jpg HTTP/1.1" 304 0 "http://nilekrator.pythonanywhere.com/rank" "Mozilla/5.0 (Linux; U; Android 9; en-gb; Redmi Note 6 Pro Build/PKQ1.180904.001) AppleWebKit/537.36 (KHTML, like Gecko) Version/4.0 Chrome/71.0.3578.141 Mobile Safari/537.36 XiaoMi/MiuiBrowser/11.3.4-g" "47.29.91.148" response-time=0.006
47.29.91.148 - - [10/Jan/2020:10:02:20 +0000] "GET /static/images/12570.jpg HTTP/1.1" 304 0 "http://nilekrator.pythonanywhere.com/rank" "Mozilla/5.0 (Linux; U; Android 9; en-gb; Redmi Note 6 Pro Build/PKQ1.180904.001) AppleWebKit/537.36 (KHTML, like Gecko) Version/4.0 Chrome/71.0.3578.141 Mobile Safari/537.36 XiaoMi/MiuiBrowser/11.3.4-g" "47.29.91.148" response-time=0.004
47.29.91.148 - - [10/Jan/2020:10:02:20 +0000] "GET /static/images/12623.jpg HTTP/1.1" 304 0 "http://nilekrator.pythonanywhere.com/rank" "Mozilla/5.0 (Linux; U; Android 9; en-gb; Redmi Note 6 Pro Build/PKQ1.180904.001) AppleWebKit/537.36 (KHTML, like Gecko) Version/4.0 Chrome/71.0.3578.141 Mobile Safari/537.36 XiaoMi/MiuiBrowser/11.3.4-g" "47.29.91.148" response-time=0.005
47.29.91.148 - - [10/Jan/2020:10:02:22 +0000] "GET /static/images/12540.jpg HTTP/1.1" 304 0 "http://nilekrator.pythonanywhere.com/rank" "Mozilla/5.0 (Linux; U; Android 9; en-gb; Redmi Note 6 Pro Build/PKQ1.180904.001) AppleWebKit/537.36 (KHTML, like Gecko) Version/4.0 Chrome/71.0.3578.141 Mobile Safari/537.36 XiaoMi/MiuiBrowser/11.3.4-g" "47.29.91.148" response-time=0.005
47.29.91.148 - - [10/Jan/2020:10:02:24 +0000] "GET /static/images/12602.jpg HTTP/1.1" 304 0 "http://nilekrator.pythonanywhere.com/rank" "Mozilla/5.0 (Linux; U; Android 9; en-gb; Redmi Note 6 Pro Build/PKQ1.180904.001) AppleWebKit/537.36 (KHTML, like Gecko) Version/4.0 Chrome/71.0.3578.141 Mobile Safari/537.36 XiaoMi/MiuiBrowser/11.3.4-g" "47.29.91.148" response-time=0.005
47.29.91.148 - - [10/Jan/2020:10:02:26 +0000] "GET /static/images/12598.jpg HTTP/1.1" 304 0 "http://nilekrator.pythonanywhere.com/rank" "Mozilla/5.0 (Linux; U; Android 9; en-gb; Redmi Note 6 Pro Build/PKQ1.180904.001) AppleWebKit/537.36 (KHTML, like Gecko) Version/4.0 Chrome/71.0.3578.141 Mobile Safari/537.36 XiaoMi/MiuiBrowser/11.3.4-g" "47.29.91.148" response-time=0.012
47.29.91.148 - - [10/Jan/2020:10:02:26 +0000] "GET /static/images/12585.jpg HTTP/1.1" 304 0 "http://nilekrator.pythonanywhere.com/rank" "Mozilla/5.0 (Linux; U; Android 9; en-gb; Redmi Note 6 Pro Build/PKQ1.180904.001) AppleWebKit/537.36 (KHTML, like Gecko) Version/4.0 Chrome/71.0.3578.141 Mobile Safari/537.36 XiaoMi/MiuiBrowser/11.3.4-g" "47.29.91.148" response-time=0.005
47.29.91.148 - - [10/Jan/2020:10:02:26 +0000] "GET /static/images/12538.jpg HTTP/1.1" 304 0 "http://nilekrator.pythonanywhere.com/rank" "Mozilla/5.0 (Linux; U; Android 9; en-gb; Redmi Note 6 Pro Build/PKQ1.180904.001) AppleWebKit/537.36 (KHTML, like Gecko) Version/4.0 Chrome/71.0.3578.141 Mobile Safari/537.36 XiaoMi/MiuiBrowser/11.3.4-g" "47.29.91.148" response-time=0.006
47.29.91.148 - - [10/Jan/2020:10:02:28 +0000] "GET /static/images/12616.jpg HTTP/1.1" 304 0 "http://nilekrator.pythonanywhere.com/rank" "Mozilla/5.0 (Linux; U; Android 9; en-gb; Redmi Note 6 Pro Build/PKQ1.180904.001) AppleWebKit/537.36 (KHTML, like Gecko) Version/4.0 Chrome/71.0.3578.141 Mobile Safari/537.36 XiaoMi/MiuiBrowser/11.3.4-g" "47.29.91.148" response-time=0.005
47.29.91.148 - - [10/Jan/2020:10:02:28 +0000] "GET /static/images/12614.jpg HTTP/1.1" 304 0 "http://nilekrator.pythonanywhere.com/rank" "Mozilla/5.0 (Linux; U; Android 9; en-gb; Redmi Note 6 Pro Build/PKQ1.180904.001) AppleWebKit/537.36 (KHTML, like Gecko) Version/4.0 Chrome/71.0.3578.141 Mobile Safari/537.36 XiaoMi/MiuiBrowser/11.3.4-g" "47.29.91.148" response-time=0.007
47.29.91.148 - - [10/Jan/2020:10:02:29 +0000] "GET /static/images/12592.jpg HTTP/1.1" 304 0 "http://nilekrator.pythonanywhere.com/rank" "Mozilla/5.0 (Linux; U; Android 9; en-gb; Redmi Note 6 Pro Build/PKQ1.180904.001) AppleWebKit/537.36 (KHTML, like Gecko) Version/4.0 Chrome/71.0.3578.141 Mobile Safari/537.36 XiaoMi/MiuiBrowser/11.3.4-g" "47.29.91.148" response-time=0.005
47.29.91.148 - - [10/Jan/2020:10:02:33 +0000] "GET /static/images/12589.jpg HTTP/1.1" 304 0 "http://nilekrator.pythonanywhere.com/rank" "Mozilla/5.0 (Linux; U; Android 9; en-gb; Redmi Note 6 Pro Build/PKQ1.180904.001) AppleWebKit/537.36 (KHTML, like Gecko) Version/4.0 Chrome/71.0.3578.141 Mobile Safari/537.36 XiaoMi/MiuiBrowser/11.3.4-g" "47.29.91.148" response-time=0.007
47.29.91.148 - - [10/Jan/2020:10:02:35 +0000] "GET /static/images/12596.jpg HTTP/1.1" 304 0 "http://nilekrator.pythonanywhere.com/rank" "Mozilla/5.0 (Linux; U; Android 9; en-gb; Redmi Note 6 Pro Build/PKQ1.180904.001) AppleWebKit/537.36 (KHTML, like Gecko) Version/4.0 Chrome/71.0.3578.141 Mobile Safari/537.36 XiaoMi/MiuiBrowser/11.3.4-g" "47.29.91.148" response-time=0.007
47.29.91.148 - - [10/Jan/2020:10:02:35 +0000] "GET /static/images/12555.jpg HTTP/1.1" 304 0 "http://nilekrator.pythonanywhere.com/rank" "Mozilla/5.0 (Linux; U; Android 9; en-gb; Redmi Note 6 Pro Build/PKQ1.180904.001) AppleWebKit/537.36 (KHTML, like Gecko) Version/4.0 Chrome/71.0.3578.141 Mobile Safari/537.36 XiaoMi/MiuiBrowser/11.3.4-g" "47.29.91.148" response-time=0.005
47.29.91.148 - - [10/Jan/2020:10:02:35 +0000] "GET /static/images/12547.jpg HTTP/1.1" 304 0 "http://nilekrator.pythonanywhere.com/rank" "Mozilla/5.0 (Linux; U; Android 9; en-gb; Redmi Note 6 Pro Build/PKQ1.180904.001) AppleWebKit/537.36 (KHTML, like Gecko) Version/4.0 Chrome/71.0.3578.141 Mobile Safari/537.36 XiaoMi/MiuiBrowser/11.3.4-g" "47.29.91.148" response-time=0.005
47.29.91.148 - - [10/Jan/2020:10:02:49 +0000] "GET /logout HTTP/1.1" 302 209 "http://nilekrator.pythonanywhere.com/statistics" "Mozilla/5.0 (Linux; U; Android 9; en-gb; Redmi Note 6 Pro Build/PKQ1.180904.001) AppleWebKit/537.36 (KHTML, like Gecko) Version/4.0 Chrome/71.0.3578.141 Mobile Safari/537.36 XiaoMi/MiuiBrowser/11.3.4-g" "47.29.91.148" response-time=0.003
47.29.91.148 - - [10/Jan/2020:10:02:49 +0000] "GET / HTTP/1.1" 200 3682 "http://nilekrator.pythonanywhere.com/statistics" "Mozilla/5.0 (Linux; U; Android 9; en-gb; Redmi Note 6 Pro Build/PKQ1.180904.001) AppleWebKit/537.36 (KHTML, like Gecko) Version/4.0 Chrome/71.0.3578.141 Mobile Safari/537.36 XiaoMi/MiuiBrowser/11.3.4-g" "47.29.91.148" response-time=0.004
47.29.91.148 - - [10/Jan/2020:10:02:50 +0000] "GET /static/files/feedback.min.js?version=50892504 HTTP/1.1" 200 419 "http://nilekrator.pythonanywhere.com/" "Mozilla/5.0 (Linux; U; Android 9; en-gb; Redmi Note 6 Pro Build/PKQ1.180904.001) AppleWebKit/537.36 (KHTML, like Gecko) Version/4.0 Chrome/71.0.3578.141 Mobile Safari/537.36 XiaoMi/MiuiBrowser/11.3.4-g" "47.29.91.148" response-time=0.019
47.29.91.148 - - [10/Jan/2020:10:02:50 +0000] "GET /static/files/login.js?version=50892504 HTTP/1.1" 200 1599 "http://nilekrator.pythonanywhere.com/" "Mozilla/5.0 (Linux; U; Android 9; en-gb; Redmi Note 6 Pro Build/PKQ1.180904.001) AppleWebKit/537.36 (KHTML, like Gecko) Version/4.0 Chrome/71.0.3578.141 Mobile Safari/537.36 XiaoMi/MiuiBrowser/11.3.4-g" "47.29.91.148" response-time=0.032
47.29.91.148 - - [10/Jan/2020:10:02:59 +0000] "POST / HTTP/1.1" 200 67 "http://nilekrator.pythonanywhere.com/" "Mozilla/5.0 (Linux; U; Android 9; en-gb; Redmi Note 6 Pro Build/PKQ1.180904.001) AppleWebKit/537.36 (KHTML, like Gecko) Version/4.0 Chrome/71.0.3578.141 Mobile Safari/537.36 XiaoMi/MiuiBrowser/11.3.4-g" "47.29.91.148" response-time=0.053
47.29.91.148 - - [10/Jan/2020:10:03:00 +0000] "GET /profile HTTP/1.1" 200 5102 "http://nilekrator.pythonanywhere.com/" "Mozilla/5.0 (Linux; U; Android 9; en-gb; Redmi Note 6 Pro Build/PKQ1.180904.001) AppleWebKit/537.36 (KHTML, like Gecko) Version/4.0 Chrome/71.0.3578.141 Mobile Safari/537.36 XiaoMi/MiuiBrowser/11.3.4-g" "47.29.91.148" response-time=0.019
47.29.91.148 - - [10/Jan/2020:10:03:01 +0000] "GET /static/files/student/profile.min.js?ver=708845 HTTP/1.1" 200 852 "http://nilekrator.pythonanywhere.com/profile" "Mozilla/5.0 (Linux; U; Android 9; en-gb; Redmi Note 6 Pro Build/PKQ1.180904.001) AppleWebKit/537.36 (KHTML, like Gecko) Version/4.0 Chrome/71.0.3578.141 Mobile Safari/537.36 XiaoMi/MiuiBrowser/11.3.4-g" "47.29.91.148" response-time=0.032
157.42.80.45 - - [10/Jan/2020:10:03:36 +0000] "GET / HTTP/1.1" 200 3682 "-" "Mozilla/5.0 (Linux; Android 8.0.0; SM-A750F) AppleWebKit/537.36 (KHTML, like Gecko) Chrome/78.0.3904.108 Mobile Safari/537.36" "157.42.80.45" response-time=0.003
157.42.80.45 - - [10/Jan/2020:10:03:37 +0000] "GET /static/files/login.js?version=31490371 HTTP/1.1" 200 1599 "https://nilekrator.pythonanywhere.com/" "Mozilla/5.0 (Linux; Android 8.0.0; SM-A750F) AppleWebKit/537.36 (KHTML, like Gecko) Chrome/78.0.3904.108 Mobile Safari/537.36" "157.42.80.45" response-time=0.006
157.42.80.45 - - [10/Jan/2020:10:03:37 +0000] "GET /static/files/feedback.min.js?version=31490371 HTTP/1.1" 200 419 "https://nilekrator.pythonanywhere.com/" "Mozilla/5.0 (Linux; Android 8.0.0; SM-A750F) AppleWebKit/537.36 (KHTML, like Gecko) Chrome/78.0.3904.108 Mobile Safari/537.36" "157.42.80.45" response-time=0.003
157.42.80.45 - - [10/Jan/2020:10:03:39 +0000] "POST / HTTP/1.1" 200 70 "https://nilekrator.pythonanywhere.com/" "Mozilla/5.0 (Linux; Android 8.0.0; SM-A750F) AppleWebKit/537.36 (KHTML, like Gecko) Chrome/78.0.3904.108 Mobile Safari/537.36" "157.42.80.45" response-time=0.040
157.42.80.45 - - [10/Jan/2020:10:03:40 +0000] "GET /profile HTTP/1.1" 200 5211 "https://nilekrator.pythonanywhere.com/" "Mozilla/5.0 (Linux; Android 8.0.0; SM-A750F) AppleWebKit/537.36 (KHTML, like Gecko) Chrome/78.0.3904.108 Mobile Safari/537.36" "157.42.80.45" response-time=0.037
157.42.80.45 - - [10/Jan/2020:10:03:40 +0000] "GET /static/files/student/profile.min.js?ver=359541 HTTP/1.1" 200 852 "https://nilekrator.pythonanywhere.com/profile" "Mozilla/5.0 (Linux; Android 8.0.0; SM-A750F) AppleWebKit/537.36 (KHTML, like Gecko) Chrome/78.0.3904.108 Mobile Safari/537.36" "157.42.80.45" response-time=0.004
157.42.80.45 - - [10/Jan/2020:10:04:03 +0000] "GET / HTTP/1.1" 200 3682 "-" "Mozilla/5.0 (Linux; Android 8.0.0; SM-A750F) AppleWebKit/537.36 (KHTML, like Gecko) Chrome/78.0.3904.108 Mobile Safari/537.36" "157.42.80.45" response-time=0.004
157.42.80.45 - - [10/Jan/2020:10:04:04 +0000] "GET /static/files/login.js?version=98300101 HTTP/1.1" 200 1599 "https://nilekrator.pythonanywhere.com/" "Mozilla/5.0 (Linux; Android 8.0.0; SM-A750F) AppleWebKit/537.36 (KHTML, like Gecko) Chrome/78.0.3904.108 Mobile Safari/537.36" "157.42.80.45" response-time=0.005
157.42.80.45 - - [10/Jan/2020:10:04:04 +0000] "GET /static/files/feedback.min.js?version=98300101 HTTP/1.1" 200 419 "https://nilekrator.pythonanywhere.com/" "Mozilla/5.0 (Linux; Android 8.0.0; SM-A750F) AppleWebKit/537.36 (KHTML, like Gecko) Chrome/78.0.3904.108 Mobile Safari/537.36" "157.42.80.45" response-time=0.003
157.42.80.45 - - [10/Jan/2020:10:04:06 +0000] "POST / HTTP/1.1" 200 68 "https://nilekrator.pythonanywhere.com/" "Mozilla/5.0 (Linux; Android 8.0.0; SM-A750F) AppleWebKit/537.36 (KHTML, like Gecko) Chrome/78.0.3904.108 Mobile Safari/537.36" "157.42.80.45" response-time=0.048
157.42.80.45 - - [10/Jan/2020:10:04:06 +0000] "GET /profile HTTP/1.1" 200 5204 "https://nilekrator.pythonanywhere.com/" "Mozilla/5.0 (Linux; Android 8.0.0; SM-A750F) AppleWebKit/537.36 (KHTML, like Gecko) Chrome/78.0.3904.108 Mobile Safari/537.36" "157.42.80.45" response-time=0.017
157.42.80.45 - - [10/Jan/2020:10:04:07 +0000] "GET /static/files/student/profile.min.js?ver=438806 HTTP/1.1" 200 852 "https://nilekrator.pythonanywhere.com/profile" "Mozilla/5.0 (Linux; Android 8.0.0; SM-A750F) AppleWebKit/537.36 (KHTML, like Gecko) Chrome/78.0.3904.108 Mobile Safari/537.36" "157.42.80.45" response-time=0.006
47.29.7.80 - - [10/Jan/2020:10:04:43 +0000] "GET /logout HTTP/1.1" 302 209 "http://nilekrator.pythonanywhere.com/statistics" "Mozilla/5.0 (Linux; U; Android 9; en-gb; Redmi Note 6 Pro Build/PKQ1.180904.001) AppleWebKit/537.36 (KHTML, like Gecko) Version/4.0 Chrome/71.0.3578.141 Mobile Safari/537.36 XiaoMi/MiuiBrowser/11.3.4-g" "47.29.7.80" response-time=0.004
47.29.7.80 - - [10/Jan/2020:10:04:43 +0000] "GET / HTTP/1.1" 200 3682 "http://nilekrator.pythonanywhere.com/statistics" "Mozilla/5.0 (Linux; U; Android 9; en-gb; Redmi Note 6 Pro Build/PKQ1.180904.001) AppleWebKit/537.36 (KHTML, like Gecko) Version/4.0 Chrome/71.0.3578.141 Mobile Safari/537.36 XiaoMi/MiuiBrowser/11.3.4-g" "47.29.7.80" response-time=0.004
47.29.7.80 - - [10/Jan/2020:10:04:44 +0000] "GET /static/files/login.js?version=49665772 HTTP/1.1" 200 1599 "http://nilekrator.pythonanywhere.com/" "Mozilla/5.0 (Linux; U; Android 9; en-gb; Redmi Note 6 Pro Build/PKQ1.180904.001) AppleWebKit/537.36 (KHTML, like Gecko) Version/4.0 Chrome/71.0.3578.141 Mobile Safari/537.36 XiaoMi/MiuiBrowser/11.3.4-g" "47.29.7.80" response-time=0.004
47.29.7.80 - - [10/Jan/2020:10:04:44 +0000] "GET /static/files/feedback.min.js?version=49665772 HTTP/1.1" 200 419 "http://nilekrator.pythonanywhere.com/" "Mozilla/5.0 (Linux; U; Android 9; en-gb; Redmi Note 6 Pro Build/PKQ1.180904.001) AppleWebKit/537.36 (KHTML, like Gecko) Version/4.0 Chrome/71.0.3578.141 Mobile Safari/537.36 XiaoMi/MiuiBrowser/11.3.4-g" "47.29.7.80" response-time=0.006
157.42.80.45 - - [10/Jan/2020:10:04:47 +0000] "GET /rank HTTP/1.1" 200 7590 "https://nilekrator.pythonanywhere.com/profile" "Mozilla/5.0 (Linux; Android 8.0.0; SM-A750F) AppleWebKit/537.36 (KHTML, like Gecko) Chrome/78.0.3904.108 Mobile Safari/537.36" "157.42.80.45" response-time=0.144
157.42.80.45 - - [10/Jan/2020:10:04:47 +0000] "GET /static/files/student/rank.min.js?ver=213803 HTTP/1.1" 200 35 "https://nilekrator.pythonanywhere.com/rank" "Mozilla/5.0 (Linux; Android 8.0.0; SM-A750F) AppleWebKit/537.36 (KHTML, like Gecko) Chrome/78.0.3904.108 Mobile Safari/537.36" "157.42.80.45" response-time=0.004
157.42.80.45 - - [10/Jan/2020:10:04:48 +0000] "GET /static/images/12668.jpg HTTP/1.1" 200 16817 "https://nilekrator.pythonanywhere.com/rank" "Mozilla/5.0 (Linux; Android 8.0.0; SM-A750F) AppleWebKit/537.36 (KHTML, like Gecko) Chrome/78.0.3904.108 Mobile Safari/537.36" "157.42.80.45" response-time=0.010
157.42.80.45 - - [10/Jan/2020:10:04:48 +0000] "GET /static/images/12252.jpg HTTP/1.1" 200 23205 "https://nilekrator.pythonanywhere.com/rank" "Mozilla/5.0 (Linux; Android 8.0.0; SM-A750F) AppleWebKit/537.36 (KHTML, like Gecko) Chrome/78.0.3904.108 Mobile Safari/537.36" "157.42.80.45" response-time=0.008
157.42.80.45 - - [10/Jan/2020:10:04:49 +0000] "GET /static/images/11973.jpg HTTP/1.1" 200 21507 "https://nilekrator.pythonanywhere.com/rank" "Mozilla/5.0 (Linux; Android 8.0.0; SM-A750F) AppleWebKit/537.36 (KHTML, like Gecko) Chrome/78.0.3904.108 Mobile Safari/537.36" "157.42.80.45" response-time=0.005
157.42.80.45 - - [10/Jan/2020:10:04:50 +0000] "GET /static/images/12141.jpg HTTP/1.1" 200 14705 "https://nilekrator.pythonanywhere.com/rank" "Mozilla/5.0 (Linux; Android 8.0.0; SM-A750F) AppleWebKit/537.36 (KHTML, like Gecko) Chrome/78.0.3904.108 Mobile Safari/537.36" "157.42.80.45" response-time=0.006
157.42.80.45 - - [10/Jan/2020:10:04:50 +0000] "GET /static/images/12015.jpg HTTP/1.1" 200 19373 "https://nilekrator.pythonanywhere.com/rank" "Mozilla/5.0 (Linux; Android 8.0.0; SM-A750F) AppleWebKit/537.36 (KHTML, like Gecko) Chrome/78.0.3904.108 Mobile Safari/537.36" "157.42.80.45" response-time=0.015
157.42.80.45 - - [10/Jan/2020:10:04:50 +0000] "GET /static/images/11961.jpg HTTP/1.1" 200 18573 "https://nilekrator.pythonanywhere.com/rank" "Mozilla/5.0 (Linux; Android 8.0.0; SM-A750F) AppleWebKit/537.36 (KHTML, like Gecko) Chrome/78.0.3904.108 Mobile Safari/537.36" "157.42.80.45" response-time=0.007
